Archive member included to satisfy reference by file (symbol)

/home/shem/.pico-sdk/toolchain/13_2_Rel1/bin/../lib/gcc/arm-none-eabi/13.2.1/thumb/v6-m/nofp/libgcc.a(_dvmd_tls.o)
                              CMakeFiles/hello_freertos.dir/home/shem/.pico-sdk/sdk/2.0.0/src/rp2_common/pico_divider/divider_hardware.S.obj (__aeabi_idiv0)
/home/shem/.pico-sdk/toolchain/13_2_Rel1/bin/../lib/gcc/arm-none-eabi/13.2.1/../../../../arm-none-eabi/lib/thumb/v6-m/nofp/libg.a(libc_a-strncmp.o)
                              CMakeFiles/hello_freertos.dir/home/shem/.pico-sdk/sdk/2.0.0/lib/cyw43-driver/src/cyw43_ll.c.obj (strncmp)
/home/shem/.pico-sdk/toolchain/13_2_Rel1/bin/../lib/gcc/arm-none-eabi/13.2.1/../../../../arm-none-eabi/lib/thumb/v6-m/nofp/libg.a(libc_a-lcltime_r.o)
                              CMakeFiles/hello_freertos.dir/home/shem/.pico-sdk/sdk/2.0.0/src/common/pico_util/datetime.c.obj (localtime_r)
/home/shem/.pico-sdk/toolchain/13_2_Rel1/bin/../lib/gcc/arm-none-eabi/13.2.1/../../../../arm-none-eabi/lib/thumb/v6-m/nofp/libg.a(libc_a-mktime.o)
                              CMakeFiles/hello_freertos.dir/home/shem/.pico-sdk/sdk/2.0.0/src/common/pico_util/datetime.c.obj (mktime)
/home/shem/.pico-sdk/toolchain/13_2_Rel1/bin/../lib/gcc/arm-none-eabi/13.2.1/../../../../arm-none-eabi/lib/thumb/v6-m/nofp/libg.a(libc_a-month_lengths.o)
                              /home/shem/.pico-sdk/toolchain/13_2_Rel1/bin/../lib/gcc/arm-none-eabi/13.2.1/../../../../arm-none-eabi/lib/thumb/v6-m/nofp/libg.a(libc_a-lcltime_r.o) (__month_lengths)
/home/shem/.pico-sdk/toolchain/13_2_Rel1/bin/../lib/gcc/arm-none-eabi/13.2.1/../../../../arm-none-eabi/lib/thumb/v6-m/nofp/libg.a(libc_a-tzcalc_limits.o)
                              /home/shem/.pico-sdk/toolchain/13_2_Rel1/bin/../lib/gcc/arm-none-eabi/13.2.1/../../../../arm-none-eabi/lib/thumb/v6-m/nofp/libg.a(libc_a-lcltime_r.o) (__tzcalc_limits)
/home/shem/.pico-sdk/toolchain/13_2_Rel1/bin/../lib/gcc/arm-none-eabi/13.2.1/../../../../arm-none-eabi/lib/thumb/v6-m/nofp/libg.a(libc_a-tzlock.o)
                              /home/shem/.pico-sdk/toolchain/13_2_Rel1/bin/../lib/gcc/arm-none-eabi/13.2.1/../../../../arm-none-eabi/lib/thumb/v6-m/nofp/libg.a(libc_a-lcltime_r.o) (__tz_lock)
/home/shem/.pico-sdk/toolchain/13_2_Rel1/bin/../lib/gcc/arm-none-eabi/13.2.1/../../../../arm-none-eabi/lib/thumb/v6-m/nofp/libg.a(libc_a-malloc.o)
                              CMakeFiles/hello_freertos.dir/home/shem/.pico-sdk/sdk/2.0.0/src/rp2_common/pico_malloc/malloc.c.obj (malloc)
/home/shem/.pico-sdk/toolchain/13_2_Rel1/bin/../lib/gcc/arm-none-eabi/13.2.1/../../../../arm-none-eabi/lib/thumb/v6-m/nofp/libg.a(libc_a-mallocr.o)
                              /home/shem/.pico-sdk/toolchain/13_2_Rel1/bin/../lib/gcc/arm-none-eabi/13.2.1/../../../../arm-none-eabi/lib/thumb/v6-m/nofp/libg.a(libc_a-malloc.o) (_malloc_r)
/home/shem/.pico-sdk/toolchain/13_2_Rel1/bin/../lib/gcc/arm-none-eabi/13.2.1/../../../../arm-none-eabi/lib/thumb/v6-m/nofp/libg.a(libc_a-memcmp.o)
                              CMakeFiles/hello_freertos.dir/home/shem/.pico-sdk/sdk/2.0.0/src/rp2_common/pico_atomic/atomic.c.obj (memcmp)
/home/shem/.pico-sdk/toolchain/13_2_Rel1/bin/../lib/gcc/arm-none-eabi/13.2.1/../../../../arm-none-eabi/lib/thumb/v6-m/nofp/libg.a(libc_a-memmove.o)
                              CMakeFiles/hello_freertos.dir/home/shem/.pico-sdk/sdk/2.0.0/lib/cyw43-driver/src/cyw43_ll.c.obj (memmove)
/home/shem/.pico-sdk/toolchain/13_2_Rel1/bin/../lib/gcc/arm-none-eabi/13.2.1/../../../../arm-none-eabi/lib/thumb/v6-m/nofp/libg.a(libc_a-tzset.o)
                              /home/shem/.pico-sdk/toolchain/13_2_Rel1/bin/../lib/gcc/arm-none-eabi/13.2.1/../../../../arm-none-eabi/lib/thumb/v6-m/nofp/libg.a(libc_a-lcltime_r.o) (_tzset_unlocked)
/home/shem/.pico-sdk/toolchain/13_2_Rel1/bin/../lib/gcc/arm-none-eabi/13.2.1/../../../../arm-none-eabi/lib/thumb/v6-m/nofp/libg.a(libc_a-tzset_r.o)
                              /home/shem/.pico-sdk/toolchain/13_2_Rel1/bin/../lib/gcc/arm-none-eabi/13.2.1/../../../../arm-none-eabi/lib/thumb/v6-m/nofp/libg.a(libc_a-tzset.o) (_tzset_unlocked_r)
/home/shem/.pico-sdk/toolchain/13_2_Rel1/bin/../lib/gcc/arm-none-eabi/13.2.1/../../../../arm-none-eabi/lib/thumb/v6-m/nofp/libg.a(libc_a-init.o)
                              /home/shem/.pico-sdk/toolchain/13_2_Rel1/bin/../lib/gcc/arm-none-eabi/13.2.1/../../../../arm-none-eabi/lib/thumb/v6-m/nofp/crt0.o (__libc_init_array)
/home/shem/.pico-sdk/toolchain/13_2_Rel1/bin/../lib/gcc/arm-none-eabi/13.2.1/../../../../arm-none-eabi/lib/thumb/v6-m/nofp/libg.a(libc_a-tzvars.o)
                              /home/shem/.pico-sdk/toolchain/13_2_Rel1/bin/../lib/gcc/arm-none-eabi/13.2.1/../../../../arm-none-eabi/lib/thumb/v6-m/nofp/libg.a(libc_a-tzset_r.o) (_timezone)
/home/shem/.pico-sdk/toolchain/13_2_Rel1/bin/../lib/gcc/arm-none-eabi/13.2.1/../../../../arm-none-eabi/lib/thumb/v6-m/nofp/libg.a(libc_a-lock.o)
[...]
Memory Configuration

Name             Origin             Length             Attributes
FLASH            0x10000000         0x00200000         xr
RAM              0x20000000         0x00040000         xrw
SCRATCH_X        0x20040000         0x00001000         xrw
SCRATCH_Y        0x20041000         0x00001000         xrw
*default*        0x00000000         0xffffffff

Linker script and memory map

LOAD /home/shem/.pico-sdk/toolchain/13_2_Rel1/bin/../lib/gcc/arm-none-eabi/13.2.1/thumb/v6-m/nofp/crti.o
LOAD /home/shem/.pico-sdk/toolchain/13_2_Rel1/bin/../lib/gcc/arm-none-eabi/13.2.1/thumb/v6-m/nofp/crtbegin.o
LOAD /home/shem/.pico-sdk/toolchain/13_2_Rel1/bin/../lib/gcc/arm-none-eabi/13.2.1/../../../../arm-none-eabi/lib/thumb/v6-m/nofp/crt0.o

.flash_begin    0x10000000        0x0
                0x10000000                        __flash_binary_start = .

.boot2          0x10000000      0x100
                0x10000000                        __boot2_start__ = .
 *(.boot2)
 .boot2         0x10000000      0x100 /tmp/ccB6jcB2.o
                0x10000100                        __boot2_end__ = .
                0x00000001                        ASSERT (((__boot2_end__ - __boot2_start__) == 0x100), ERROR: Pico second stage bootloader must be 256 bytes in size)

.text           0x10000100     0xd4b0
                0x10000100                        __logical_binary_start = .
 *(.vectors)
 .vectors       0x10000100       0xd4 CMakeFiles/hello_freertos.dir/home/shem/.pico-sdk/sdk/2.0.0/src/rp2_common/pico_crt0/crt0.S.obj
                0x10000100                __vectors
                0x10000100                __VECTOR_TABLE
                0x100001c0                isr_invalid
                0x100001c0                __default_isrs_start
                0x100001c2                isr_nmi
                0x100001c4                isr_hardfault
                0x100001c6                isr_svcall
                0x100001c8                isr_pendsv
                0x100001ca                isr_systick
                0x100001cc                isr_irq30
                0x100001cc                __unhandled_user_irq
                0x100001cc                isr_irq13
                0x100001cc                isr_irq27
                0x100001cc                isr_irq31
                0x100001cc                isr_irq5
                0x100001cc                isr_irq11
                0x100001cc                isr_irq23
                0x100001cc                isr_irq18
                0x100001cc                isr_irq28
                0x100001cc                isr_irq19
                0x100001cc                isr_irq0
                0x100001cc                isr_irq6
                0x100001cc                isr_irq22
                0x100001cc                isr_irq17
                0x100001cc                isr_irq14
                0x100001cc                isr_irq2
                0x100001cc                isr_irq10
                0x100001cc                isr_irq8
                0x100001cc                isr_irq24
                0x100001cc                isr_irq1
                0x100001cc                isr_irq7
                0x100001cc                isr_irq21
                0x100001cc                isr_irq20
                0x100001cc                isr_irq15
                0x100001cc                isr_irq25
                0x100001cc                isr_irq4
                0x100001cc                isr_irq16
                0x100001cc                isr_irq29
                0x100001cc                isr_irq26
                0x100001cc                __default_isrs_end
                0x100001cc                isr_irq3
                0x100001cc                isr_irq12
                0x100001cc                isr_irq9
                0x100001d2                unhandled_user_irq_num_in_r0
 *(.binary_info_header)
 .binary_info_header
                0x100001d4       0x14 CMakeFiles/hello_freertos.dir/home/shem/.pico-sdk/sdk/2.0.0/src/rp2_common/pico_crt0/crt0.S.obj
                0x100001e8                        __binary_info_header_end = .
 *(.embedded_block)
                0x100001e8                        __embedded_block_end = .
 *(.reset)
 .reset         0x100001e8       0x9c CMakeFiles/hello_freertos.dir/home/shem/.pico-sdk/sdk/2.0.0/src/rp2_common/pico_crt0/crt0.S.obj
                0x100001e8                _entry_point
 *(.init)
 .init          0x10000284        0x4 /home/shem/.pico-sdk/toolchain/13_2_Rel1/bin/../lib/gcc/arm-none-eabi/13.2.1/thumb/v6-m/nofp/crti.o
                0x10000284                _init
 *(EXCLUDE_FILE(*libm.a: *libc.a:*lib_a-mem*.o *libgcc.a:) .text*)
 .text.register_tm_clones
                0x10000288       0x28 /home/shem/.pico-sdk/toolchain/13_2_Rel1/bin/../lib/gcc/arm-none-eabi/13.2.1/thumb/v6-m/nofp/crtbegin.o
 .text.frame_dummy
                0x100002b0       0x24 /home/shem/.pico-sdk/toolchain/13_2_Rel1/bin/../lib/gcc/arm-none-eabi/13.2.1/thumb/v6-m/nofp/crtbegin.o
 .text.blink_task
                0x100002d4       0x48 CMakeFiles/hello_freertos.dir/hello_freertos.c.obj
                0x100002d4                blink_task
 .text.main_task
                0x1000031c       0x60 CMakeFiles/hello_freertos.dir/hello_freertos.c.obj
                0x1000031c                main_task
 .text.startup.main
                0x1000037c       0x30 CMakeFiles/hello_freertos.dir/hello_freertos.c.obj
                0x1000037c                main
 .text.gpio_set_function
                0x100003ac       0x34 CMakeFiles/hello_freertos.dir/home/shem/.pico-sdk/sdk/2.0.0/src/rp2_common/hardware_gpio/gpio.c.obj
                0x100003ac                gpio_set_function
 .text.gpio_set_pulls
                0x100003e0       0x28 CMakeFiles/hello_freertos.dir/home/shem/.pico-sdk/sdk/2.0.0/src/rp2_common/hardware_gpio/gpio.c.obj
                0x100003e0                gpio_set_pulls
 .text.gpio_set_input_hysteresis_enabled
                0x10000408       0x28 CMakeFiles/hello_freertos.dir/home/shem/.pico-sdk/sdk/2.0.0/src/rp2_common/hardware_gpio/gpio.c.obj
                0x10000408                gpio_set_input_hysteresis_enabled
 .text.gpio_set_irq_enabled
                0x10000430       0x58 CMakeFiles/hello_freertos.dir/home/shem/.pico-sdk/sdk/2.0.0/src/rp2_common/hardware_gpio/gpio.c.obj
                0x10000430                gpio_set_irq_enabled
 .text.gpio_add_raw_irq_handler_with_order_priority_masked
                0x10000488       0x44 CMakeFiles/hello_freertos.dir/home/shem/.pico-sdk/sdk/2.0.0/src/rp2_common/hardware_gpio/gpio.c.obj
                0x10000488                gpio_add_raw_irq_handler_with_order_priority_masked
 .text.gpio_remove_raw_irq_handler_masked
                0x100004cc       0x20 CMakeFiles/hello_freertos.dir/home/shem/.pico-sdk/sdk/2.0.0/src/rp2_common/hardware_gpio/gpio.c.obj
                0x100004cc                gpio_remove_raw_irq_handler_masked
 .text.gpio_init
                0x100004ec       0x40 CMakeFiles/hello_freertos.dir/home/shem/.pico-sdk/sdk/2.0.0/src/rp2_common/hardware_gpio/gpio.c.obj
                0x100004ec                gpio_init
 .text.rp2040_chip_version
                0x1000052c        0xc CMakeFiles/hello_freertos.dir/home/shem/.pico-sdk/sdk/2.0.0/src/rp2040/pico_platform/platform.c.obj
                0x1000052c                rp2040_chip_version
 .text.panic    0x10000538       0x30 CMakeFiles/hello_freertos.dir/home/shem/.pico-sdk/sdk/2.0.0/src/rp2_common/pico_platform_panic/panic.c.obj
                0x10000538                panic
 .text.panic_unsupported
                0x10000568        0xc CMakeFiles/hello_freertos.dir/home/shem/.pico-sdk/sdk/2.0.0/src/rp2_common/pico_platform_panic/panic.c.obj
                0x10000568                panic_unsupported
 .text.hw_claim_lock
                0x10000574       0x18 CMakeFiles/hello_freertos.dir/home/shem/.pico-sdk/sdk/2.0.0/src/common/hardware_claim/claim.c.obj
                0x10000574                hw_claim_lock
 .text.hw_claim_unlock
                0x1000058c       0x14 CMakeFiles/hello_freertos.dir/home/shem/.pico-sdk/sdk/2.0.0/src/common/hardware_claim/claim.c.obj
                0x1000058c                hw_claim_unlock
 .text.hw_claim_or_assert
                0x100005a0       0x44 CMakeFiles/hello_freertos.dir/home/shem/.pico-sdk/sdk/2.0.0/src/common/hardware_claim/claim.c.obj
                0x100005a0                hw_claim_or_assert
 .text.hw_claim_unused_from_range
                0x100005e4       0x9c CMakeFiles/hello_freertos.dir/home/shem/.pico-sdk/sdk/2.0.0/src/common/hardware_claim/claim.c.obj
                0x100005e4                hw_claim_unused_from_range
 .text.hw_claim_clear
                0x10000680       0x38 CMakeFiles/hello_freertos.dir/home/shem/.pico-sdk/sdk/2.0.0/src/common/hardware_claim/claim.c.obj
                0x10000680                hw_claim_clear
 .text.next_striped_spin_lock_num
                0x100006b8       0x18 CMakeFiles/hello_freertos.dir/home/shem/.pico-sdk/sdk/2.0.0/src/rp2_common/hardware_sync/sync.c.obj
                0x100006b8                next_striped_spin_lock_num
 .text.spin_lock_claim_unused
                0x100006d0       0x24 CMakeFiles/hello_freertos.dir/home/shem/.pico-sdk/sdk/2.0.0/src/rp2_common/hardware_sync/sync.c.obj
                0x100006d0                spin_lock_claim_unused
 .text.spin_locks_reset
                0x100006f4       0x1c CMakeFiles/hello_freertos.dir/home/shem/.pico-sdk/sdk/2.0.0/src/rp2_common/hardware_sync_spin_lock/sync_spin_lock.c.obj
                0x100006f4                spin_locks_reset
 .text.runtime_init_per_core_irq_priorities
                0x10000710       0x24 CMakeFiles/hello_freertos.dir/home/shem/.pico-sdk/sdk/2.0.0/src/rp2_common/hardware_irq/irq.c.obj
                0x10000710                runtime_init_per_core_irq_priorities
 .text.irq_set_enabled
                0x10000734       0x24 CMakeFiles/hello_freertos.dir/home/shem/.pico-sdk/sdk/2.0.0/src/rp2_common/hardware_irq/irq.c.obj
                0x10000734                irq_set_enabled
 .text.irq_is_enabled
                0x10000758       0x18 CMakeFiles/hello_freertos.dir/home/shem/.pico-sdk/sdk/2.0.0/src/rp2_common/hardware_irq/irq.c.obj
                0x10000758                irq_is_enabled
 .text.irq_set_pending
                0x10000770       0x10 CMakeFiles/hello_freertos.dir/home/shem/.pico-sdk/sdk/2.0.0/src/rp2_common/hardware_irq/irq.c.obj
                0x10000770                irq_set_pending
 .text.irq_has_shared_handler
                0x10000780       0x2c CMakeFiles/hello_freertos.dir/home/shem/.pico-sdk/sdk/2.0.0/src/rp2_common/hardware_irq/irq.c.obj
                0x10000780                irq_has_shared_handler
 .text.irq_set_exclusive_handler
                0x100007ac       0x54 CMakeFiles/hello_freertos.dir/home/shem/.pico-sdk/sdk/2.0.0/src/rp2_common/hardware_irq/irq.c.obj
                0x100007ac                irq_set_exclusive_handler
 .text.irq_add_shared_handler
                0x10000800      0x1f4 CMakeFiles/hello_freertos.dir/home/shem/.pico-sdk/sdk/2.0.0/src/rp2_common/hardware_irq/irq.c.obj
                0x10000800                irq_add_shared_handler
 .text.irq_remove_handler
                0x100009f4      0x1d4 CMakeFiles/hello_freertos.dir/home/shem/.pico-sdk/sdk/2.0.0/src/rp2_common/hardware_irq/irq.c.obj
                0x100009f4                irq_remove_handler
 .text.irq_set_priority
                0x10000bc8       0x28 CMakeFiles/hello_freertos.dir/home/shem/.pico-sdk/sdk/2.0.0/src/rp2_common/hardware_irq/irq.c.obj
                0x10000bc8                irq_set_priority
 .text.irq_add_tail_to_free_list
                0x10000bf0       0xb4 CMakeFiles/hello_freertos.dir/home/shem/.pico-sdk/sdk/2.0.0/src/rp2_common/hardware_irq/irq.c.obj
                0x10000bf0                irq_add_tail_to_free_list
 .text.user_irq_unclaim
                0x10000ca4       0x14 CMakeFiles/hello_freertos.dir/home/shem/.pico-sdk/sdk/2.0.0/src/rp2_common/hardware_irq/irq.c.obj
                0x10000ca4                user_irq_unclaim
 .text.user_irq_claim_unused
                0x10000cb8       0x2c CMakeFiles/hello_freertos.dir/home/shem/.pico-sdk/sdk/2.0.0/src/rp2_common/hardware_irq/irq.c.obj
                0x10000cb8                user_irq_claim_unused
 .text.sem_init
                0x10000ce4       0x20 CMakeFiles/hello_freertos.dir/home/shem/.pico-sdk/sdk/2.0.0/src/common/pico_sync/sem.c.obj
                0x10000ce4                sem_init
 .text.lock_init
                0x10000d04       0x10 CMakeFiles/hello_freertos.dir/home/shem/.pico-sdk/sdk/2.0.0/src/common/pico_sync/lock_core.c.obj
                0x10000d04                lock_init
 .text.runtime_init_mutex
                0x10000d14       0x54 CMakeFiles/hello_freertos.dir/home/shem/.pico-sdk/sdk/2.0.0/src/common/pico_sync/mutex.c.obj
                0x10000d14                runtime_init_mutex
 .text.mutex_init
                0x10000d68       0x1c CMakeFiles/hello_freertos.dir/home/shem/.pico-sdk/sdk/2.0.0/src/common/pico_sync/mutex.c.obj
                0x10000d68                mutex_init
 .text.recursive_mutex_init
                0x10000d84       0x20 CMakeFiles/hello_freertos.dir/home/shem/.pico-sdk/sdk/2.0.0/src/common/pico_sync/mutex.c.obj
                0x10000d84                recursive_mutex_init
 .text.critical_section_init
                0x10000da4       0x1c CMakeFiles/hello_freertos.dir/home/shem/.pico-sdk/sdk/2.0.0/src/common/pico_sync/critical_section.c.obj
                0x10000da4                critical_section_init
 .text.critical_section_init_with_lock_num
                0x10000dc0       0x14 CMakeFiles/hello_freertos.dir/home/shem/.pico-sdk/sdk/2.0.0/src/common/pico_sync/critical_section.c.obj
                0x10000dc0                critical_section_init_with_lock_num
 .text.alarm_pool_irq_handler
                0x10000dd4      0x2e4 CMakeFiles/hello_freertos.dir/home/shem/.pico-sdk/sdk/2.0.0/src/common/pico_time/time.c.obj
 .text.sleep_until_callback
                0x100010b8       0x24 CMakeFiles/hello_freertos.dir/home/shem/.pico-sdk/sdk/2.0.0/src/common/pico_time/time.c.obj
 .text.runtime_init_default_alarm_pool
                0x100010dc       0xdc CMakeFiles/hello_freertos.dir/home/shem/.pico-sdk/sdk/2.0.0/src/common/pico_time/time.c.obj
                0x100010dc                runtime_init_default_alarm_pool
 .text.alarm_pool_get_default
                0x100011b8        0x8 CMakeFiles/hello_freertos.dir/home/shem/.pico-sdk/sdk/2.0.0/src/common/pico_time/time.c.obj
                0x100011b8                alarm_pool_get_default
 .text.alarm_pool_create_on_timer_with_unused_hardware_alarm
                0x100011c0       0xa8 CMakeFiles/hello_freertos.dir/home/shem/.pico-sdk/sdk/2.0.0/src/common/pico_time/time.c.obj
                0x100011c0                alarm_pool_create_on_timer_with_unused_hardware_alarm
 .text.alarm_pool_destroy
                0x10001268       0x58 CMakeFiles/hello_freertos.dir/home/shem/.pico-sdk/sdk/2.0.0/src/common/pico_time/time.c.obj
                0x10001268                alarm_pool_destroy
 .text.alarm_pool_add_alarm_at
                0x100012c0       0xd4 CMakeFiles/hello_freertos.dir/home/shem/.pico-sdk/sdk/2.0.0/src/common/pico_time/time.c.obj
                0x100012c0                alarm_pool_add_alarm_at
 .text.alarm_pool_add_alarm_at_force_in_context
                0x10001394       0xb0 CMakeFiles/hello_freertos.dir/home/shem/.pico-sdk/sdk/2.0.0/src/common/pico_time/time.c.obj
                0x10001394                alarm_pool_add_alarm_at_force_in_context
 .text.alarm_pool_cancel_alarm
                0x10001444       0x74 CMakeFiles/hello_freertos.dir/home/shem/.pico-sdk/sdk/2.0.0/src/common/pico_time/time.c.obj
                0x10001444                alarm_pool_cancel_alarm
 .text.alarm_pool_core_num
                0x100014b8        0x4 CMakeFiles/hello_freertos.dir/home/shem/.pico-sdk/sdk/2.0.0/src/common/pico_time/time.c.obj
                0x100014b8                alarm_pool_core_num
 .text.sleep_until
                0x100014bc       0xcc CMakeFiles/hello_freertos.dir/home/shem/.pico-sdk/sdk/2.0.0/src/common/pico_time/time.c.obj
                0x100014bc                sleep_until
 .text.sleep_ms
                0x10001588       0x38 CMakeFiles/hello_freertos.dir/home/shem/.pico-sdk/sdk/2.0.0/src/common/pico_time/time.c.obj
                0x10001588                sleep_ms
 .text.best_effort_wfe_or_timeout
                0x100015c0      0x134 CMakeFiles/hello_freertos.dir/home/shem/.pico-sdk/sdk/2.0.0/src/common/pico_time/time.c.obj
                0x100015c0                best_effort_wfe_or_timeout
 .text.alarm_pool_get_default_timer
                0x100016f4        0x8 CMakeFiles/hello_freertos.dir/home/shem/.pico-sdk/sdk/2.0.0/src/common/pico_time/time.c.obj
                0x100016f4                alarm_pool_get_default_timer
 .text.timer_hardware_alarm_claim
                0x100016fc       0x14 CMakeFiles/hello_freertos.dir/home/shem/.pico-sdk/sdk/2.0.0/src/rp2_common/hardware_timer/timer.c.obj
                0x100016fc                timer_hardware_alarm_claim
 .text.hardware_alarm_unclaim
                0x10001710       0x14 CMakeFiles/hello_freertos.dir/home/shem/.pico-sdk/sdk/2.0.0/src/rp2_common/hardware_timer/timer.c.obj
                0x10001710                hardware_alarm_unclaim
 .text.timer_hardware_alarm_claim_unused
                0x10001724       0x20 CMakeFiles/hello_freertos.dir/home/shem/.pico-sdk/sdk/2.0.0/src/rp2_common/hardware_timer/timer.c.obj
                0x10001724                timer_hardware_alarm_claim_unused
 .text.timer_time_us_64
                0x10001744       0x10 CMakeFiles/hello_freertos.dir/home/shem/.pico-sdk/sdk/2.0.0/src/rp2_common/hardware_timer/timer.c.obj
                0x10001744                timer_time_us_64
 .text.time_us_64
                0x10001754       0x14 CMakeFiles/hello_freertos.dir/home/shem/.pico-sdk/sdk/2.0.0/src/rp2_common/hardware_timer/timer.c.obj
                0x10001754                time_us_64
 .text.busy_wait_us
                0x10001768       0x68 CMakeFiles/hello_freertos.dir/home/shem/.pico-sdk/sdk/2.0.0/src/rp2_common/hardware_timer/timer.c.obj
                0x10001768                busy_wait_us
 .text.busy_wait_until
                0x100017d0       0x20 CMakeFiles/hello_freertos.dir/home/shem/.pico-sdk/sdk/2.0.0/src/rp2_common/hardware_timer/timer.c.obj
                0x100017d0                busy_wait_until
 .text.clock_configure_int_divider
                0x100017f0       0xf4 CMakeFiles/hello_freertos.dir/home/shem/.pico-sdk/sdk/2.0.0/src/rp2_common/hardware_clocks/clocks.c.obj
                0x100017f0                clock_configure_int_divider
 .text.clock_configure_undivided
                0x100018e4       0xe8 CMakeFiles/hello_freertos.dir/home/shem/.pico-sdk/sdk/2.0.0/src/rp2_common/hardware_clocks/clocks.c.obj
                0x100018e4                clock_configure_undivided
 .text.clock_get_hz
                0x100019cc        0xc CMakeFiles/hello_freertos.dir/home/shem/.pico-sdk/sdk/2.0.0/src/rp2_common/hardware_clocks/clocks.c.obj
                0x100019cc                clock_get_hz
 .text.pll_init
                0x100019d8       0xa4 CMakeFiles/hello_freertos.dir/home/shem/.pico-sdk/sdk/2.0.0/src/rp2_common/hardware_pll/pll.c.obj
                0x100019d8                pll_init
 .text.watchdog_reboot
                0x10001a7c       0x9c CMakeFiles/hello_freertos.dir/home/shem/.pico-sdk/sdk/2.0.0/src/rp2_common/hardware_watchdog/watchdog.c.obj
                0x10001a7c                watchdog_reboot
 .text.tick_start
                0x10001b18       0x10 CMakeFiles/hello_freertos.dir/home/shem/.pico-sdk/sdk/2.0.0/src/rp2_common/hardware_ticks/ticks.c.obj
                0x10001b18                tick_start
 .text.xosc_init
                0x10001b28       0x28 CMakeFiles/hello_freertos.dir/home/shem/.pico-sdk/sdk/2.0.0/src/rp2_common/hardware_xosc/xosc.c.obj
                0x10001b28                xosc_init
 .text.first_per_core_initializer
                0x10001b50        0x4 CMakeFiles/hello_freertos.dir/home/shem/.pico-sdk/sdk/2.0.0/src/rp2_common/pico_runtime/runtime.c.obj
 .text.hard_assertion_failure
                0x10001b54        0xc CMakeFiles/hello_freertos.dir/home/shem/.pico-sdk/sdk/2.0.0/src/rp2_common/pico_runtime/runtime.c.obj
                0x10001b54                hard_assertion_failure
 .text.runtime_run_initializers
                0x10001b60       0x28 CMakeFiles/hello_freertos.dir/home/shem/.pico-sdk/sdk/2.0.0/src/rp2_common/pico_runtime/runtime.c.obj
                0x10001b60                runtime_run_initializers
 .text.runtime_init_early_resets
                0x10001b88       0x2c CMakeFiles/hello_freertos.dir/home/shem/.pico-sdk/sdk/2.0.0/src/rp2_common/pico_runtime_init/runtime_init.c.obj
                0x10001b88                runtime_init_early_resets
 .text.runtime_init_usb_power_down
                0x10001bb4       0x1c CMakeFiles/hello_freertos.dir/home/shem/.pico-sdk/sdk/2.0.0/src/rp2_common/pico_runtime_init/runtime_init.c.obj
                0x10001bb4                runtime_init_usb_power_down
 .text.runtime_init_post_clock_resets
                0x10001bd0       0x20 CMakeFiles/hello_freertos.dir/home/shem/.pico-sdk/sdk/2.0.0/src/rp2_common/pico_runtime_init/runtime_init.c.obj
                0x10001bd0                runtime_init_post_clock_resets
 .text.runtime_init_rp2040_gpio_ie_disable
                0x10001bf0       0x14 CMakeFiles/hello_freertos.dir/home/shem/.pico-sdk/sdk/2.0.0/src/rp2_common/pico_runtime_init/runtime_init.c.obj
                0x10001bf0                runtime_init_rp2040_gpio_ie_disable
 .text.runtime_init_spin_locks_reset
                0x10001c04        0x8 CMakeFiles/hello_freertos.dir/home/shem/.pico-sdk/sdk/2.0.0/src/rp2_common/pico_runtime_init/runtime_init.c.obj
                0x10001c04                runtime_init_spin_locks_reset
 .text.runtime_init_install_ram_vector_table
                0x10001c0c       0x1c CMakeFiles/hello_freertos.dir/home/shem/.pico-sdk/sdk/2.0.0/src/rp2_common/pico_runtime_init/runtime_init.c.obj
                0x10001c0c                runtime_init_install_ram_vector_table
 .text.runtime_init_clocks
                0x10001c28       0xd8 CMakeFiles/hello_freertos.dir/home/shem/.pico-sdk/sdk/2.0.0/src/rp2_common/pico_runtime_init/runtime_init_clocks.c.obj
                0x10001c28                runtime_init_clocks
 .text          0x10001d00       0x10 CMakeFiles/hello_freertos.dir/home/shem/.pico-sdk/sdk/2.0.0/src/rp2_common/pico_bit_ops/bit_ops_aeabi.S.obj
 .text.ctzsi    0x10001d10        0xc CMakeFiles/hello_freertos.dir/home/shem/.pico-sdk/sdk/2.0.0/src/rp2_common/pico_bit_ops/bit_ops_aeabi.S.obj
                0x10001d10                __wrap___ctzsi2
 .text.rom_func_lookup
                0x10001d1c       0x10 CMakeFiles/hello_freertos.dir/home/shem/.pico-sdk/sdk/2.0.0/src/rp2_common/pico_bootrom/bootrom.c.obj
                0x10001d1c                rom_func_lookup
 .text.rom_data_lookup
                0x10001d2c       0x10 CMakeFiles/hello_freertos.dir/home/shem/.pico-sdk/sdk/2.0.0/src/rp2_common/pico_bootrom/bootrom.c.obj
                0x10001d2c                rom_data_lookup
 .text.rom_funcs_lookup
                0x10001d3c       0x44 CMakeFiles/hello_freertos.dir/home/shem/.pico-sdk/sdk/2.0.0/src/rp2_common/pico_bootrom/bootrom.c.obj
                0x10001d3c                rom_funcs_lookup
 .text.rom_reset_usb_boot
                0x10001d80       0x20 CMakeFiles/hello_freertos.dir/home/shem/.pico-sdk/sdk/2.0.0/src/rp2_common/pico_bootrom/bootrom.c.obj
                0x10001d80                rom_reset_usb_boot
 .text.__wrap___aeabi_idiv
                0x10001da0       0x50 CMakeFiles/hello_freertos.dir/home/shem/.pico-sdk/sdk/2.0.0/src/rp2_common/pico_divider/divider_hardware.S.obj
                0x10001da0                __wrap___aeabi_idivmod
                0x10001da0                divmod_s32s32
                0x10001da0                div_s32s32
                0x10001da0                __wrap___aeabi_idiv
                0x10001da8                divmod_s32s32_unsafe
                0x10001dd4                divmod_s32s32_savestate
 .text.__wrap___aeabi_uidiv
                0x10001df0       0x4c CMakeFiles/hello_freertos.dir/home/shem/.pico-sdk/sdk/2.0.0/src/rp2_common/pico_divider/divider_hardware.S.obj
                0x10001df0                __wrap___aeabi_uidiv
                0x10001df0                __wrap___aeabi_uidivmod
                0x10001df0                div_u32u32
                0x10001df0                divmod_u32u32
                0x10001df8                divmod_u32u32_unsafe
                0x10001e20                divmod_u32u32_savestate
 .text.__wrap___aeabi_ldiv
                0x10001e3c      0x424 CMakeFiles/hello_freertos.dir/home/shem/.pico-sdk/sdk/2.0.0/src/rp2_common/pico_divider/divider_hardware.S.obj
                0x10001e3c                div_s64s64
                0x10001e3c                divmod_s64s64
                0x10001e3c                __wrap___aeabi_ldivmod
                0x10001e6c                div_u64u64
                0x10001e6c                divmod_u64u64
                0x10001e6c                __wrap___aeabi_uldivmod
                0x10001e7c                divmod_u64u64_savestate
                0x10001e9c                divmod_s64s64_unsafe
                0x10001f24                divmod_u64u64_unsafe
 .text.__wrap___aeabi_darithmetic
                0x10002260       0x60 CMakeFiles/hello_freertos.dir/home/shem/.pico-sdk/sdk/2.0.0/src/rp2_common/pico_double/double_aeabi_rp2040.S.obj
                0x10002260                __wrap___aeabi_drsub
                0x10002266                __wrap___aeabi_dsub
                0x10002270                __wrap___aeabi_dadd
                0x1000227a                __wrap___aeabi_ddiv
                0x100022ae                __wrap___aeabi_dmul
 .text.__wrap___aeabi_cdcmple
                0x100022c0       0x6c CMakeFiles/hello_freertos.dir/home/shem/.pico-sdk/sdk/2.0.0/src/rp2_common/pico_double/double_aeabi_rp2040.S.obj
                0x100022c0                __wrap___aeabi_cdrcmple
                0x100022d0                __wrap___aeabi_cdcmple
                0x100022d0                __wrap___aeabi_cdcmpeq
 .text.__wrap___aeabi_dcmplt
                0x1000232c        0xc CMakeFiles/hello_freertos.dir/home/shem/.pico-sdk/sdk/2.0.0/src/rp2_common/pico_double/double_aeabi_rp2040.S.obj
                0x1000232c                __wrap___aeabi_dcmplt
 .text.__wrap___aeabi_dcmpge
                0x10002338       0x10 CMakeFiles/hello_freertos.dir/home/shem/.pico-sdk/sdk/2.0.0/src/rp2_common/pico_double/double_aeabi_rp2040.S.obj
                0x10002338                __wrap___aeabi_dcmpge
 .text.__wrap___aeabi_dcmpgt
                0x10002348        0xa CMakeFiles/hello_freertos.dir/home/shem/.pico-sdk/sdk/2.0.0/src/rp2_common/pico_double/double_aeabi_rp2040.S.obj
                0x10002348                __wrap___aeabi_dcmpgt
 .text.__wrap___aeabi_dcmpun
                0x10002352       0x18 CMakeFiles/hello_freertos.dir/home/shem/.pico-sdk/sdk/2.0.0/src/rp2_common/pico_double/double_aeabi_rp2040.S.obj
                0x10002352                __wrap___aeabi_dcmpun
 *fill*         0x1000236a        0x2 
 .text.__wrap___aeabi_i2d
                0x1000236c       0x38 CMakeFiles/hello_freertos.dir/home/shem/.pico-sdk/sdk/2.0.0/src/rp2_common/pico_double/double_aeabi_rp2040.S.obj
                0x1000236c                __wrap___aeabi_ui2d
                0x10002374                __wrap___aeabi_i2d
 .text.__wrap___aeabi_d2iz
                0x100023a4       0x48 CMakeFiles/hello_freertos.dir/home/shem/.pico-sdk/sdk/2.0.0/src/rp2_common/pico_double/double_aeabi_rp2040.S.obj
                0x100023a4                __wrap___aeabi_d2iz
                0x100023a4                double2int_z
 .text.__wrap___aeabi_d2uiz
                0x100023ec       0x10 CMakeFiles/hello_freertos.dir/home/shem/.pico-sdk/sdk/2.0.0/src/rp2_common/pico_double/double_aeabi_rp2040.S.obj
                0x100023ec                double2uint
                0x100023ec                __wrap___aeabi_d2uiz
 .text.missing_double_func_shim
                0x100023fc        0xc CMakeFiles/hello_freertos.dir/home/shem/.pico-sdk/sdk/2.0.0/src/rp2_common/pico_double/double_init_rom_rp2040.c.obj
 .text.__aeabi_double_init
                0x10002408       0xa0 CMakeFiles/hello_freertos.dir/home/shem/.pico-sdk/sdk/2.0.0/src/rp2_common/pico_double/double_init_rom_rp2040.c.obj
                0x10002408                __aeabi_double_init
 .text.double_table_shim_on_use_helper
                0x100024a8       0x2c CMakeFiles/hello_freertos.dir/home/shem/.pico-sdk/sdk/2.0.0/src/rp2_common/pico_double/double_v1_rom_shim_rp2040.S.obj
                0x100024a8                double_table_shim_on_use_helper
 .text.__aeabi_lmul
                0x100024d4       0x32 CMakeFiles/hello_freertos.dir/home/shem/.pico-sdk/sdk/2.0.0/src/rp2_common/pico_int64_ops/pico_int64_ops_aeabi.S.obj
                0x100024d4                __wrap___aeabi_lmul
 *fill*         0x10002506        0x2 
 .text.missing_float_func_shim
                0x10002508        0xc CMakeFiles/hello_freertos.dir/home/shem/.pico-sdk/sdk/2.0.0/src/rp2_common/pico_float/float_init_rom_rp2040.c.obj
 .text.__aeabi_float_init
                0x10002514       0x5c CMakeFiles/hello_freertos.dir/home/shem/.pico-sdk/sdk/2.0.0/src/rp2_common/pico_float/float_init_rom_rp2040.c.obj
                0x10002514                __aeabi_float_init
 .text.__wrap_malloc
                0x10002570       0x3c CMakeFiles/hello_freertos.dir/home/shem/.pico-sdk/sdk/2.0.0/src/rp2_common/pico_malloc/malloc.c.obj
                0x10002570                __wrap_malloc
 .text.__wrap_calloc
                0x100025ac       0x44 CMakeFiles/hello_freertos.dir/home/shem/.pico-sdk/sdk/2.0.0/src/rp2_common/pico_malloc/malloc.c.obj
                0x100025ac                __wrap_calloc
 .text.__wrap_free
                0x100025f0       0x20 CMakeFiles/hello_freertos.dir/home/shem/.pico-sdk/sdk/2.0.0/src/rp2_common/pico_malloc/malloc.c.obj
                0x100025f0                __wrap_free
 .text          0x10002610       0x10 CMakeFiles/hello_freertos.dir/home/shem/.pico-sdk/sdk/2.0.0/src/rp2_common/pico_mem_ops/mem_ops_aeabi.S.obj
                0x10002610                __aeabi_mem_init
 .text.memset   0x10002620        0xc CMakeFiles/hello_freertos.dir/home/shem/.pico-sdk/sdk/2.0.0/src/rp2_common/pico_mem_ops/mem_ops_aeabi.S.obj
                0x10002620                __wrap_memset
 .text.memcpy   0x1000262c        0xc CMakeFiles/hello_freertos.dir/home/shem/.pico-sdk/sdk/2.0.0/src/rp2_common/pico_mem_ops/mem_ops_aeabi.S.obj
                0x1000262c                __wrap___aeabi_memcpy
                0x1000262c                __wrap_memcpy
 .text._out_null
                0x10002638        0x4 CMakeFiles/hello_freertos.dir/home/shem/.pico-sdk/sdk/2.0.0/src/rp2_common/pico_printf/printf.c.obj
 .text._out_rev
                0x1000263c       0xac CMakeFiles/hello_freertos.dir/home/shem/.pico-sdk/sdk/2.0.0/src/rp2_common/pico_printf/printf.c.obj
 .text._ntoa_format
                0x100026e8      0x250 CMakeFiles/hello_freertos.dir/home/shem/.pico-sdk/sdk/2.0.0/src/rp2_common/pico_printf/printf.c.obj
 .text._out_char
                0x10002938       0x10 CMakeFiles/hello_freertos.dir/home/shem/.pico-sdk/sdk/2.0.0/src/rp2_common/pico_printf/printf.c.obj
 .text._out_fct
                0x10002948       0x10 CMakeFiles/hello_freertos.dir/home/shem/.pico-sdk/sdk/2.0.0/src/rp2_common/pico_printf/printf.c.obj
 .text._etoa    0x10002958      0x464 CMakeFiles/hello_freertos.dir/home/shem/.pico-sdk/sdk/2.0.0/src/rp2_common/pico_printf/printf.c.obj
 .text._ftoa    0x10002dbc      0x3c0 CMakeFiles/hello_freertos.dir/home/shem/.pico-sdk/sdk/2.0.0/src/rp2_common/pico_printf/printf.c.obj
 .text._vsnprintf
                0x1000317c      0xbc8 CMakeFiles/hello_freertos.dir/home/shem/.pico-sdk/sdk/2.0.0/src/rp2_common/pico_printf/printf.c.obj
 .text.vfctprintf
                0x10003d44       0x20 CMakeFiles/hello_freertos.dir/home/shem/.pico-sdk/sdk/2.0.0/src/rp2_common/pico_printf/printf.c.obj
                0x10003d44                vfctprintf
 .text.weak_raw_vprintf
                0x10003d64       0x30 CMakeFiles/hello_freertos.dir/home/shem/.pico-sdk/sdk/2.0.0/src/rp2_common/pico_printf/printf.c.obj
                0x10003d64                weak_raw_vprintf
 .text._exit    0x10003d94        0xc CMakeFiles/hello_freertos.dir/home/shem/.pico-sdk/sdk/2.0.0/src/rp2_common/pico_clib_interface/newlib_interface.c.obj
                0x10003d94                _exit
 .text._sbrk    0x10003da0       0x34 CMakeFiles/hello_freertos.dir/home/shem/.pico-sdk/sdk/2.0.0/src/rp2_common/pico_clib_interface/newlib_interface.c.obj
                0x10003da0                _sbrk
 .text.exit     0x10003dd4        0x8 CMakeFiles/hello_freertos.dir/home/shem/.pico-sdk/sdk/2.0.0/src/rp2_common/pico_clib_interface/newlib_interface.c.obj
                0x10003dd4                exit
 .text.runtime_init
                0x10003ddc       0x2c CMakeFiles/hello_freertos.dir/home/shem/.pico-sdk/sdk/2.0.0/src/rp2_common/pico_clib_interface/newlib_interface.c.obj
                0x10003ddc                runtime_init
 .text.stdio_out_chars_no_crlf
                0x10003e08       0x10 CMakeFiles/hello_freertos.dir/home/shem/.pico-sdk/sdk/2.0.0/src/rp2_common/pico_stdio/stdio.c.obj
 .text.stdio_out_chars_crlf
                0x10003e18       0x94 CMakeFiles/hello_freertos.dir/home/shem/.pico-sdk/sdk/2.0.0/src/rp2_common/pico_stdio/stdio.c.obj
 .text.stdio_buffered_printer
                0x10003eac       0x64 CMakeFiles/hello_freertos.dir/home/shem/.pico-sdk/sdk/2.0.0/src/rp2_common/pico_stdio/stdio.c.obj
 .text.stdio_put_string
                0x10003f10      0x100 CMakeFiles/hello_freertos.dir/home/shem/.pico-sdk/sdk/2.0.0/src/rp2_common/pico_stdio/stdio.c.obj
                0x10003f10                stdio_put_string
 .text.stdio_set_driver_enabled
                0x10004010       0x30 CMakeFiles/hello_freertos.dir/home/shem/.pico-sdk/sdk/2.0.0/src/rp2_common/pico_stdio/stdio.c.obj
                0x10004010                stdio_set_driver_enabled
 .text.stdio_init_all
                0x10004040        0x8 CMakeFiles/hello_freertos.dir/home/shem/.pico-sdk/sdk/2.0.0/src/rp2_common/pico_stdio/stdio.c.obj
                0x10004040                stdio_init_all
 .text.__wrap_getchar
                0x10004048       0x7c CMakeFiles/hello_freertos.dir/home/shem/.pico-sdk/sdk/2.0.0/src/rp2_common/pico_stdio/stdio.c.obj
                0x10004048                __wrap_getchar
                0x10004048                stdio_getchar
 .text.__wrap_putchar
                0x100040c4       0x98 CMakeFiles/hello_freertos.dir/home/shem/.pico-sdk/sdk/2.0.0/src/rp2_common/pico_stdio/stdio.c.obj
                0x100040c4                stdio_putchar
                0x100040c4                __wrap_putchar
 .text.__wrap_puts
                0x1000415c       0x3c CMakeFiles/hello_freertos.dir/home/shem/.pico-sdk/sdk/2.0.0/src/rp2_common/pico_stdio/stdio.c.obj
                0x1000415c                __wrap_puts
                0x1000415c                stdio_puts
 .text.__wrap_vprintf
                0x10004198       0xd4 CMakeFiles/hello_freertos.dir/home/shem/.pico-sdk/sdk/2.0.0/src/rp2_common/pico_stdio/stdio.c.obj
                0x10004198                __wrap_vprintf
                0x10004198                stdio_vprintf
 .text.__wrap_printf
                0x1000426c       0x18 CMakeFiles/hello_freertos.dir/home/shem/.pico-sdk/sdk/2.0.0/src/rp2_common/pico_stdio/stdio.c.obj
                0x1000426c                stdio_printf
                0x1000426c                __wrap_printf
 .text.resetd_init
                0x10004284        0x4 CMakeFiles/hello_freertos.dir/home/shem/.pico-sdk/sdk/2.0.0/src/rp2_common/pico_stdio_usb/reset_interface.c.obj
 .text.resetd_reset
                0x10004288        0xc CMakeFiles/hello_freertos.dir/home/shem/.pico-sdk/sdk/2.0.0/src/rp2_common/pico_stdio_usb/reset_interface.c.obj
 .text.resetd_open
                0x10004294       0x28 CMakeFiles/hello_freertos.dir/home/shem/.pico-sdk/sdk/2.0.0/src/rp2_common/pico_stdio_usb/reset_interface.c.obj
 .text.resetd_xfer_cb
                0x100042bc        0x4 CMakeFiles/hello_freertos.dir/home/shem/.pico-sdk/sdk/2.0.0/src/rp2_common/pico_stdio_usb/reset_interface.c.obj
 .text.resetd_control_xfer_cb
                0x100042c0       0x54 CMakeFiles/hello_freertos.dir/home/shem/.pico-sdk/sdk/2.0.0/src/rp2_common/pico_stdio_usb/reset_interface.c.obj
 .text.tud_descriptor_bos_cb
                0x10004314        0x8 CMakeFiles/hello_freertos.dir/home/shem/.pico-sdk/sdk/2.0.0/src/rp2_common/pico_stdio_usb/reset_interface.c.obj
                0x10004314                tud_descriptor_bos_cb
 .text.tud_vendor_control_xfer_cb
                0x1000431c       0x34 CMakeFiles/hello_freertos.dir/home/shem/.pico-sdk/sdk/2.0.0/src/rp2_common/pico_stdio_usb/reset_interface.c.obj
                0x1000431c                tud_vendor_control_xfer_cb
 .text.usbd_app_driver_get_cb
                0x10004350        0xc CMakeFiles/hello_freertos.dir/home/shem/.pico-sdk/sdk/2.0.0/src/rp2_common/pico_stdio_usb/reset_interface.c.obj
                0x10004350                usbd_app_driver_get_cb
 .text.tud_cdc_line_coding_cb
                0x1000435c       0x28 CMakeFiles/hello_freertos.dir/home/shem/.pico-sdk/sdk/2.0.0/src/rp2_common/pico_stdio_usb/reset_interface.c.obj
                0x1000435c                tud_cdc_line_coding_cb
 .text.stdio_usb_set_chars_available_callback
                0x10004384       0x14 CMakeFiles/hello_freertos.dir/home/shem/.pico-sdk/sdk/2.0.0/src/rp2_common/pico_stdio_usb/stdio_usb.c.obj
                0x10004384                stdio_usb_set_chars_available_callback
 .text.usb_irq  0x10004398       0x10 CMakeFiles/hello_freertos.dir/home/shem/.pico-sdk/sdk/2.0.0/src/rp2_common/pico_stdio_usb/stdio_usb.c.obj
 .text.timer_task
                0x100043a8       0x64 CMakeFiles/hello_freertos.dir/home/shem/.pico-sdk/sdk/2.0.0/src/rp2_common/pico_stdio_usb/stdio_usb.c.obj
 .text.stdio_usb_in_chars
                0x1000440c       0x90 CMakeFiles/hello_freertos.dir/home/shem/.pico-sdk/sdk/2.0.0/src/rp2_common/pico_stdio_usb/stdio_usb.c.obj
                0x1000440c                stdio_usb_in_chars
 .text.stdio_usb_out_flush
                0x1000449c       0x50 CMakeFiles/hello_freertos.dir/home/shem/.pico-sdk/sdk/2.0.0/src/rp2_common/pico_stdio_usb/stdio_usb.c.obj
 .text.stdio_usb_out_chars
                0x100044ec      0x104 CMakeFiles/hello_freertos.dir/home/shem/.pico-sdk/sdk/2.0.0/src/rp2_common/pico_stdio_usb/stdio_usb.c.obj
 .text.low_priority_worker_irq
                0x100045f0       0xcc CMakeFiles/hello_freertos.dir/home/shem/.pico-sdk/sdk/2.0.0/src/rp2_common/pico_stdio_usb/stdio_usb.c.obj
 .text.stdio_usb_init
                0x100046bc       0xe8 CMakeFiles/hello_freertos.dir/home/shem/.pico-sdk/sdk/2.0.0/src/rp2_common/pico_stdio_usb/stdio_usb.c.obj
                0x100046bc                stdio_usb_init
 .text.tud_descriptor_device_cb
                0x100047a4        0x8 CMakeFiles/hello_freertos.dir/home/shem/.pico-sdk/sdk/2.0.0/src/rp2_common/pico_stdio_usb/stdio_usb_descriptors.c.obj
                0x100047a4                tud_descriptor_device_cb
 .text.tud_descriptor_configuration_cb
                0x100047ac        0x8 CMakeFiles/hello_freertos.dir/home/shem/.pico-sdk/sdk/2.0.0/src/rp2_common/pico_stdio_usb/stdio_usb_descriptors.c.obj
                0x100047ac                tud_descriptor_configuration_cb
 .text.tud_descriptor_string_cb
                0x100047b4       0x78 CMakeFiles/hello_freertos.dir/home/shem/.pico-sdk/sdk/2.0.0/src/rp2_common/pico_stdio_usb/stdio_usb_descriptors.c.obj
                0x100047b4                tud_descriptor_string_cb
 .text.startup._retrieve_unique_id_on_boot
                0x1000482c       0x10 CMakeFiles/hello_freertos.dir/home/shem/.pico-sdk/sdk/2.0.0/src/rp2_common/pico_unique_id/unique_id.c.obj
 .text.pico_get_unique_board_id
                0x1000483c       0x10 CMakeFiles/hello_freertos.dir/home/shem/.pico-sdk/sdk/2.0.0/src/rp2_common/pico_unique_id/unique_id.c.obj
                0x1000483c                pico_get_unique_board_id
 .text.pico_get_unique_board_id_string
                0x1000484c      0x1a8 CMakeFiles/hello_freertos.dir/home/shem/.pico-sdk/sdk/2.0.0/src/rp2_common/pico_unique_id/unique_id.c.obj
                0x1000484c                pico_get_unique_board_id_string
 .text.flash_get_unique_id
                0x100049f4       0x3c CMakeFiles/hello_freertos.dir/home/shem/.pico-sdk/sdk/2.0.0/src/rp2_common/hardware_flash/flash.c.obj
                0x100049f4                flash_get_unique_id
 .text.dcd_init
                0x10004a30       0x8c CMakeFiles/hello_freertos.dir/home/shem/.pico-sdk/sdk/2.0.0/lib/tinyusb/src/portable/raspberrypi/rp2040/dcd_rp2040.c.obj
                0x10004a30                dcd_init
 .text.dcd_int_enable
                0x10004abc        0xc CMakeFiles/hello_freertos.dir/home/shem/.pico-sdk/sdk/2.0.0/lib/tinyusb/src/portable/raspberrypi/rp2040/dcd_rp2040.c.obj
                0x10004abc                dcd_int_enable
 .text.dcd_set_address
                0x10004ac8       0x14 CMakeFiles/hello_freertos.dir/home/shem/.pico-sdk/sdk/2.0.0/lib/tinyusb/src/portable/raspberrypi/rp2040/dcd_rp2040.c.obj
                0x10004ac8                dcd_set_address
 .text.dcd_sof_enable
                0x10004adc       0x1c CMakeFiles/hello_freertos.dir/home/shem/.pico-sdk/sdk/2.0.0/lib/tinyusb/src/portable/raspberrypi/rp2040/dcd_rp2040.c.obj
                0x10004adc                dcd_sof_enable
 .text.dcd_edpt0_status_complete
                0x10004af8       0x1c CMakeFiles/hello_freertos.dir/home/shem/.pico-sdk/sdk/2.0.0/lib/tinyusb/src/portable/raspberrypi/rp2040/dcd_rp2040.c.obj
                0x10004af8                dcd_edpt0_status_complete
 .text.dcd_edpt_open
                0x10004b14      0x108 CMakeFiles/hello_freertos.dir/home/shem/.pico-sdk/sdk/2.0.0/lib/tinyusb/src/portable/raspberrypi/rp2040/dcd_rp2040.c.obj
                0x10004b14                dcd_edpt_open
 .text.dcd_edpt_close_all
                0x10004c1c        0x8 CMakeFiles/hello_freertos.dir/home/shem/.pico-sdk/sdk/2.0.0/lib/tinyusb/src/portable/raspberrypi/rp2040/dcd_rp2040.c.obj
                0x10004c1c                dcd_edpt_close_all
 .text.dcd_edpt_xfer
                0x10004c24       0x24 CMakeFiles/hello_freertos.dir/home/shem/.pico-sdk/sdk/2.0.0/lib/tinyusb/src/portable/raspberrypi/rp2040/dcd_rp2040.c.obj
                0x10004c24                dcd_edpt_xfer
 .text.dcd_edpt_stall
                0x10004c48       0x34 CMakeFiles/hello_freertos.dir/home/shem/.pico-sdk/sdk/2.0.0/lib/tinyusb/src/portable/raspberrypi/rp2040/dcd_rp2040.c.obj
                0x10004c48                dcd_edpt_stall
 .text.dcd_edpt_clear_stall
                0x10004c7c       0x30 CMakeFiles/hello_freertos.dir/home/shem/.pico-sdk/sdk/2.0.0/lib/tinyusb/src/portable/raspberrypi/rp2040/dcd_rp2040.c.obj
                0x10004c7c                dcd_edpt_clear_stall
 .text.rp2040_usb_init
                0x10004cac       0x40 CMakeFiles/hello_freertos.dir/home/shem/.pico-sdk/sdk/2.0.0/lib/tinyusb/src/portable/raspberrypi/rp2040/rp2040_usb.c.obj
                0x10004cac                rp2040_usb_init
 .text.hw_endpoint_xfer_start
                0x10004cec       0x40 CMakeFiles/hello_freertos.dir/home/shem/.pico-sdk/sdk/2.0.0/lib/tinyusb/src/portable/raspberrypi/rp2040/rp2040_usb.c.obj
                0x10004cec                hw_endpoint_xfer_start
 .text.tud_event_hook_cb
                0x10004d2c        0x4 CMakeFiles/hello_freertos.dir/home/shem/.pico-sdk/sdk/2.0.0/lib/tinyusb/src/device/usbd.c.obj
                0x10004d2c                tud_event_hook_cb
 .text.tud_sof_cb
                0x10004d30        0x4 CMakeFiles/hello_freertos.dir/home/shem/.pico-sdk/sdk/2.0.0/lib/tinyusb/src/device/usbd.c.obj
                0x10004d30                tud_sof_cb
 .text.tud_descriptor_device_qualifier_cb
                0x10004d34        0x4 CMakeFiles/hello_freertos.dir/home/shem/.pico-sdk/sdk/2.0.0/lib/tinyusb/src/device/usbd.c.obj
                0x10004d34                tud_descriptor_device_qualifier_cb
 .text.tud_descriptor_other_speed_configuration_cb
                0x10004d38        0x4 CMakeFiles/hello_freertos.dir/home/shem/.pico-sdk/sdk/2.0.0/lib/tinyusb/src/device/usbd.c.obj
                0x10004d38                tud_descriptor_other_speed_configuration_cb
 .text.tud_mount_cb
                0x10004d3c        0x4 CMakeFiles/hello_freertos.dir/home/shem/.pico-sdk/sdk/2.0.0/lib/tinyusb/src/device/usbd.c.obj
                0x10004d3c                tud_mount_cb
 .text.tud_umount_cb
                0x10004d40        0x4 CMakeFiles/hello_freertos.dir/home/shem/.pico-sdk/sdk/2.0.0/lib/tinyusb/src/device/usbd.c.obj
                0x10004d40                tud_umount_cb
 .text.tud_suspend_cb
                0x10004d44        0x4 CMakeFiles/hello_freertos.dir/home/shem/.pico-sdk/sdk/2.0.0/lib/tinyusb/src/device/usbd.c.obj
                0x10004d44                tud_suspend_cb
 .text.tud_resume_cb
                0x10004d48        0x4 CMakeFiles/hello_freertos.dir/home/shem/.pico-sdk/sdk/2.0.0/lib/tinyusb/src/device/usbd.c.obj
                0x10004d48                tud_resume_cb
 .text.tud_mounted
                0x10004d4c       0x10 CMakeFiles/hello_freertos.dir/home/shem/.pico-sdk/sdk/2.0.0/lib/tinyusb/src/device/usbd.c.obj
                0x10004d4c                tud_mounted
 .text.tud_suspended
                0x10004d5c       0x10 CMakeFiles/hello_freertos.dir/home/shem/.pico-sdk/sdk/2.0.0/lib/tinyusb/src/device/usbd.c.obj
                0x10004d5c                tud_suspended
 .text.tud_init
                0x10004d6c       0xe4 CMakeFiles/hello_freertos.dir/home/shem/.pico-sdk/sdk/2.0.0/lib/tinyusb/src/device/usbd.c.obj
                0x10004d6c                tud_init
 .text.tud_task_ext
                0x10004e50      0x800 CMakeFiles/hello_freertos.dir/home/shem/.pico-sdk/sdk/2.0.0/lib/tinyusb/src/device/usbd.c.obj
                0x10004e50                tud_task_ext
 .text.usbd_open_edpt_pair
                0x10005650       0x9c CMakeFiles/hello_freertos.dir/home/shem/.pico-sdk/sdk/2.0.0/lib/tinyusb/src/device/usbd.c.obj
                0x10005650                usbd_open_edpt_pair
 .text.usbd_edpt_open
                0x100056ec       0x34 CMakeFiles/hello_freertos.dir/home/shem/.pico-sdk/sdk/2.0.0/lib/tinyusb/src/device/usbd.c.obj
                0x100056ec                usbd_edpt_open
 .text.usbd_edpt_claim
                0x10005720       0x28 CMakeFiles/hello_freertos.dir/home/shem/.pico-sdk/sdk/2.0.0/lib/tinyusb/src/device/usbd.c.obj
                0x10005720                usbd_edpt_claim
 .text.usbd_edpt_release
                0x10005748       0x28 CMakeFiles/hello_freertos.dir/home/shem/.pico-sdk/sdk/2.0.0/lib/tinyusb/src/device/usbd.c.obj
                0x10005748                usbd_edpt_release
 .text.usbd_edpt_xfer
                0x10005770       0x4c CMakeFiles/hello_freertos.dir/home/shem/.pico-sdk/sdk/2.0.0/lib/tinyusb/src/device/usbd.c.obj
                0x10005770                usbd_edpt_xfer
 .text.tud_control_status
                0x100057bc       0x2c CMakeFiles/hello_freertos.dir/home/shem/.pico-sdk/sdk/2.0.0/lib/tinyusb/src/device/usbd_control.c.obj
                0x100057bc                tud_control_status
 .text.tud_control_xfer
                0x100057e8       0xac CMakeFiles/hello_freertos.dir/home/shem/.pico-sdk/sdk/2.0.0/lib/tinyusb/src/device/usbd_control.c.obj
                0x100057e8                tud_control_xfer
 .text.usbd_control_reset
                0x10005894       0x14 CMakeFiles/hello_freertos.dir/home/shem/.pico-sdk/sdk/2.0.0/lib/tinyusb/src/device/usbd_control.c.obj
                0x10005894                usbd_control_reset
 .text.usbd_control_set_complete_callback
                0x100058a8        0xc CMakeFiles/hello_freertos.dir/home/shem/.pico-sdk/sdk/2.0.0/lib/tinyusb/src/device/usbd_control.c.obj
                0x100058a8                usbd_control_set_complete_callback
 .text.usbd_control_set_request
                0x100058b4       0x1c CMakeFiles/hello_freertos.dir/home/shem/.pico-sdk/sdk/2.0.0/lib/tinyusb/src/device/usbd_control.c.obj
                0x100058b4                usbd_control_set_request
 .text.usbd_control_xfer_cb
                0x100058d0       0xec CMakeFiles/hello_freertos.dir/home/shem/.pico-sdk/sdk/2.0.0/lib/tinyusb/src/device/usbd_control.c.obj
                0x100058d0                usbd_control_xfer_cb
 .text._prep_out_transaction.isra.0
                0x100059bc       0x5c CMakeFiles/hello_freertos.dir/home/shem/.pico-sdk/sdk/2.0.0/lib/tinyusb/src/class/cdc/cdc_device.c.obj
 .text.tud_cdc_n_connected
                0x10005a18       0x30 CMakeFiles/hello_freertos.dir/home/shem/.pico-sdk/sdk/2.0.0/lib/tinyusb/src/class/cdc/cdc_device.c.obj
                0x10005a18                tud_cdc_n_connected
 .text.tud_cdc_n_available
                0x10005a48       0x18 CMakeFiles/hello_freertos.dir/home/shem/.pico-sdk/sdk/2.0.0/lib/tinyusb/src/class/cdc/cdc_device.c.obj
                0x10005a48                tud_cdc_n_available
 .text.tud_cdc_n_read
                0x10005a60       0x98 CMakeFiles/hello_freertos.dir/home/shem/.pico-sdk/sdk/2.0.0/lib/tinyusb/src/class/cdc/cdc_device.c.obj
                0x10005a60                tud_cdc_n_read
 .text.tud_cdc_n_write_flush
                0x10005af8       0x78 CMakeFiles/hello_freertos.dir/home/shem/.pico-sdk/sdk/2.0.0/lib/tinyusb/src/class/cdc/cdc_device.c.obj
                0x10005af8                tud_cdc_n_write_flush
 .text.tud_cdc_n_write
                0x10005b70       0x40 CMakeFiles/hello_freertos.dir/home/shem/.pico-sdk/sdk/2.0.0/lib/tinyusb/src/class/cdc/cdc_device.c.obj
                0x10005b70                tud_cdc_n_write
 .text.tud_cdc_n_write_available
                0x10005bb0       0x18 CMakeFiles/hello_freertos.dir/home/shem/.pico-sdk/sdk/2.0.0/lib/tinyusb/src/class/cdc/cdc_device.c.obj
                0x10005bb0                tud_cdc_n_write_available
 .text.cdcd_init
                0x10005bc8       0x7c CMakeFiles/hello_freertos.dir/home/shem/.pico-sdk/sdk/2.0.0/lib/tinyusb/src/class/cdc/cdc_device.c.obj
                0x10005bc8                cdcd_init
 .text.cdcd_deinit
                0x10005c44       0x34 CMakeFiles/hello_freertos.dir/home/shem/.pico-sdk/sdk/2.0.0/lib/tinyusb/src/class/cdc/cdc_device.c.obj
                0x10005c44                cdcd_deinit
 .text.cdcd_reset
                0x10005c78       0x4c CMakeFiles/hello_freertos.dir/home/shem/.pico-sdk/sdk/2.0.0/lib/tinyusb/src/class/cdc/cdc_device.c.obj
                0x10005c78                cdcd_reset
 .text.cdcd_open
                0x10005cc4       0xb0 CMakeFiles/hello_freertos.dir/home/shem/.pico-sdk/sdk/2.0.0/lib/tinyusb/src/class/cdc/cdc_device.c.obj
                0x10005cc4                cdcd_open
 .text.cdcd_control_xfer_cb
                0x10005d74       0xe4 CMakeFiles/hello_freertos.dir/home/shem/.pico-sdk/sdk/2.0.0/lib/tinyusb/src/class/cdc/cdc_device.c.obj
                0x10005d74                cdcd_control_xfer_cb
 .text.cdcd_xfer_cb
                0x10005e58      0x100 CMakeFiles/hello_freertos.dir/home/shem/.pico-sdk/sdk/2.0.0/lib/tinyusb/src/class/cdc/cdc_device.c.obj
                0x10005e58                cdcd_xfer_cb
 .text.tud_vendor_n_write_flush
                0x10005f58       0x78 CMakeFiles/hello_freertos.dir/home/shem/.pico-sdk/sdk/2.0.0/lib/tinyusb/src/class/vendor/vendor_device.c.obj
                0x10005f58                tud_vendor_n_write_flush
 .text.vendord_init
                0x10005fd0       0x64 CMakeFiles/hello_freertos.dir/home/shem/.pico-sdk/sdk/2.0.0/lib/tinyusb/src/class/vendor/vendor_device.c.obj
                0x10005fd0                vendord_init
 .text.vendord_deinit
                0x10006034       0x34 CMakeFiles/hello_freertos.dir/home/shem/.pico-sdk/sdk/2.0.0/lib/tinyusb/src/class/vendor/vendor_device.c.obj
                0x10006034                vendord_deinit
 .text.vendord_reset
                0x10006068       0x1c CMakeFiles/hello_freertos.dir/home/shem/.pico-sdk/sdk/2.0.0/lib/tinyusb/src/class/vendor/vendor_device.c.obj
                0x10006068                vendord_reset
 .text.vendord_open
                0x10006084       0xd8 CMakeFiles/hello_freertos.dir/home/shem/.pico-sdk/sdk/2.0.0/lib/tinyusb/src/class/vendor/vendor_device.c.obj
                0x10006084                vendord_open
 .text.vendord_xfer_cb
                0x1000615c       0xc8 CMakeFiles/hello_freertos.dir/home/shem/.pico-sdk/sdk/2.0.0/lib/tinyusb/src/class/vendor/vendor_device.c.obj
                0x1000615c                vendord_xfer_cb
 .text.tusb_init
                0x10006224        0xc CMakeFiles/hello_freertos.dir/home/shem/.pico-sdk/sdk/2.0.0/lib/tinyusb/src/tusb.c.obj
                0x10006224                tusb_init
 .text.tu_edpt_claim
                0x10006230       0x50 CMakeFiles/hello_freertos.dir/home/shem/.pico-sdk/sdk/2.0.0/lib/tinyusb/src/tusb.c.obj
                0x10006230                tu_edpt_claim
 .text.tu_edpt_release
                0x10006280       0x38 CMakeFiles/hello_freertos.dir/home/shem/.pico-sdk/sdk/2.0.0/lib/tinyusb/src/tusb.c.obj
                0x10006280                tu_edpt_release
 .text.tu_edpt_validate
                0x100062b8       0x7c CMakeFiles/hello_freertos.dir/home/shem/.pico-sdk/sdk/2.0.0/lib/tinyusb/src/tusb.c.obj
                0x100062b8                tu_edpt_validate
 .text.tu_edpt_bind_driver
                0x10006334       0x34 CMakeFiles/hello_freertos.dir/home/shem/.pico-sdk/sdk/2.0.0/lib/tinyusb/src/tusb.c.obj
                0x10006334                tu_edpt_bind_driver
 .text.tu_fifo_config
                0x10006368       0x6c CMakeFiles/hello_freertos.dir/home/shem/.pico-sdk/sdk/2.0.0/lib/tinyusb/src/common/tusb_fifo.c.obj
                0x10006368                tu_fifo_config
 .text.tu_fifo_count
                0x100063d4       0x2c CMakeFiles/hello_freertos.dir/home/shem/.pico-sdk/sdk/2.0.0/lib/tinyusb/src/common/tusb_fifo.c.obj
                0x100063d4                tu_fifo_count
 .text.tu_fifo_empty
                0x10006400       0x10 CMakeFiles/hello_freertos.dir/home/shem/.pico-sdk/sdk/2.0.0/lib/tinyusb/src/common/tusb_fifo.c.obj
                0x10006400                tu_fifo_empty
 .text.tu_fifo_remaining
                0x10006410       0x2c CMakeFiles/hello_freertos.dir/home/shem/.pico-sdk/sdk/2.0.0/lib/tinyusb/src/common/tusb_fifo.c.obj
                0x10006410                tu_fifo_remaining
 .text.tu_fifo_read
                0x1000643c       0x9c CMakeFiles/hello_freertos.dir/home/shem/.pico-sdk/sdk/2.0.0/lib/tinyusb/src/common/tusb_fifo.c.obj
                0x1000643c                tu_fifo_read
 .text.tu_fifo_read_n
                0x100064d8       0xe8 CMakeFiles/hello_freertos.dir/home/shem/.pico-sdk/sdk/2.0.0/lib/tinyusb/src/common/tusb_fifo.c.obj
                0x100064d8                tu_fifo_read_n
 .text.tu_fifo_write
                0x100065c0       0xa8 CMakeFiles/hello_freertos.dir/home/shem/.pico-sdk/sdk/2.0.0/lib/tinyusb/src/common/tusb_fifo.c.obj
                0x100065c0                tu_fifo_write
 .text.tu_fifo_write_n
                0x10006668      0x178 CMakeFiles/hello_freertos.dir/home/shem/.pico-sdk/sdk/2.0.0/lib/tinyusb/src/common/tusb_fifo.c.obj
                0x10006668                tu_fifo_write_n
 .text.tu_fifo_clear
                0x100067e0       0x40 CMakeFiles/hello_freertos.dir/home/shem/.pico-sdk/sdk/2.0.0/lib/tinyusb/src/common/tusb_fifo.c.obj
                0x100067e0                tu_fifo_clear
 .text.tu_fifo_set_overwritable
                0x10006820       0x48 CMakeFiles/hello_freertos.dir/home/shem/.pico-sdk/sdk/2.0.0/lib/tinyusb/src/common/tusb_fifo.c.obj
                0x10006820                tu_fifo_set_overwritable
 .text.async_context_base_add_at_time_worker
                0x10006868       0x24 CMakeFiles/hello_freertos.dir/home/shem/.pico-sdk/sdk/2.0.0/src/rp2_common/pico_async_context/async_context_base.c.obj
                0x10006868                async_context_base_add_at_time_worker
 .text.async_context_base_remove_at_time_worker
                0x1000688c       0x28 CMakeFiles/hello_freertos.dir/home/shem/.pico-sdk/sdk/2.0.0/src/rp2_common/pico_async_context/async_context_base.c.obj
                0x1000688c                async_context_base_remove_at_time_worker
 .text.async_context_base_add_when_pending_worker
                0x100068b4       0x24 CMakeFiles/hello_freertos.dir/home/shem/.pico-sdk/sdk/2.0.0/src/rp2_common/pico_async_context/async_context_base.c.obj
                0x100068b4                async_context_base_add_when_pending_worker
 .text.async_context_base_remove_when_pending_worker
                0x100068d8       0x28 CMakeFiles/hello_freertos.dir/home/shem/.pico-sdk/sdk/2.0.0/src/rp2_common/pico_async_context/async_context_base.c.obj
                0x100068d8                async_context_base_remove_when_pending_worker
 .text.async_context_base_execute_once
                0x10006900      0x108 CMakeFiles/hello_freertos.dir/home/shem/.pico-sdk/sdk/2.0.0/src/rp2_common/pico_async_context/async_context_base.c.obj
                0x10006900                async_context_base_execute_once
 .text.async_context_base_needs_servicing
                0x10006a08       0x54 CMakeFiles/hello_freertos.dir/home/shem/.pico-sdk/sdk/2.0.0/src/rp2_common/pico_async_context/async_context_base.c.obj
                0x10006a08                async_context_base_needs_servicing
 .text.pvPortMalloc
                0x10006a5c      0x124 CMakeFiles/hello_freertos.dir/__/lib/freertos/portable/MemMang/heap_4.c.obj
                0x10006a5c                pvPortMalloc
 .text.vPortFree
                0x10006b80       0x98 CMakeFiles/hello_freertos.dir/__/lib/freertos/portable/MemMang/heap_4.c.obj
                0x10006b80                vPortFree
 .text.vPortSVCHandler
                0x10006c18        0x4 CMakeFiles/hello_freertos.dir/__/lib/freertos/portable/ThirdParty/GCC/RP2040/port.c.obj
                0x10006c18                vPortSVCHandler
 *fill*         0x10006c1c        0x4 
 .text.vPortStartFirstTask
                0x10006c20       0x34 CMakeFiles/hello_freertos.dir/__/lib/freertos/portable/ThirdParty/GCC/RP2040/port.c.obj
 *fill*         0x10006c54        0xc 
 .text.xPortPendSVHandler
                0x10006c60       0x64 CMakeFiles/hello_freertos.dir/__/lib/freertos/portable/ThirdParty/GCC/RP2040/port.c.obj
                0x10006c60                xPortPendSVHandler
 .text.prvFIFOInterruptHandler
                0x10006cc4       0x78 CMakeFiles/hello_freertos.dir/__/lib/freertos/portable/ThirdParty/GCC/RP2040/port.c.obj
 .text.prvTaskExitError
                0x10006d3c        0x8 CMakeFiles/hello_freertos.dir/__/lib/freertos/portable/ThirdParty/GCC/RP2040/port.c.obj
 .text.pxPortInitialiseStack
                0x10006d44       0x20 CMakeFiles/hello_freertos.dir/__/lib/freertos/portable/ThirdParty/GCC/RP2040/port.c.obj
                0x10006d44                pxPortInitialiseStack
 .text.vPortYield
                0x10006d64       0x18 CMakeFiles/hello_freertos.dir/__/lib/freertos/portable/ThirdParty/GCC/RP2040/port.c.obj
                0x10006d64                vPortYield
 .text.vPortEnterCritical
                0x10006d7c       0x18 CMakeFiles/hello_freertos.dir/__/lib/freertos/portable/ThirdParty/GCC/RP2040/port.c.obj
                0x10006d7c                vPortEnterCritical
 .text.vPortExitCritical
                0x10006d94       0x34 CMakeFiles/hello_freertos.dir/__/lib/freertos/portable/ThirdParty/GCC/RP2040/port.c.obj
                0x10006d94                vPortExitCritical
 .text.ulSetInterruptMaskFromISR
                0x10006dc8        0x8 CMakeFiles/hello_freertos.dir/__/lib/freertos/portable/ThirdParty/GCC/RP2040/port.c.obj
                0x10006dc8                ulSetInterruptMaskFromISR
 .text.vClearInterruptMaskFromISR
                0x10006dd0        0x8 CMakeFiles/hello_freertos.dir/__/lib/freertos/portable/ThirdParty/GCC/RP2040/port.c.obj
                0x10006dd0                vClearInterruptMaskFromISR
 .text.xPortSysTickHandler
                0x10006dd8       0x24 CMakeFiles/hello_freertos.dir/__/lib/freertos/portable/ThirdParty/GCC/RP2040/port.c.obj
                0x10006dd8                xPortSysTickHandler
 .text.vPortSetupTimerInterrupt
                0x10006dfc       0x34 CMakeFiles/hello_freertos.dir/__/lib/freertos/portable/ThirdParty/GCC/RP2040/port.c.obj
                0x10006dfc                vPortSetupTimerInterrupt
 .text.xPortStartScheduler
                0x10006e30       0x9c CMakeFiles/hello_freertos.dir/__/lib/freertos/portable/ThirdParty/GCC/RP2040/port.c.obj
                0x10006e30                xPortStartScheduler
 .text.ulPortLockGetCurrentOwnerId
                0x10006ecc       0x2c CMakeFiles/hello_freertos.dir/__/lib/freertos/portable/ThirdParty/GCC/RP2040/port.c.obj
                0x10006ecc                ulPortLockGetCurrentOwnerId
 .text.vPortLockInternalSpinUnlockWithWait
                0x10006ef8       0x68 CMakeFiles/hello_freertos.dir/__/lib/freertos/portable/ThirdParty/GCC/RP2040/port.c.obj
                0x10006ef8                vPortLockInternalSpinUnlockWithWait
 .text.vPortLockInternalSpinUnlockWithNotify
                0x10006f60       0xc8 CMakeFiles/hello_freertos.dir/__/lib/freertos/portable/ThirdParty/GCC/RP2040/port.c.obj
                0x10006f60                vPortLockInternalSpinUnlockWithNotify
 .text.xPortLockInternalSpinUnlockWithBestEffortWaitOrTimeout
                0x10007028       0xfc CMakeFiles/hello_freertos.dir/__/lib/freertos/portable/ThirdParty/GCC/RP2040/port.c.obj
                0x10007028                xPortLockInternalSpinUnlockWithBestEffortWaitOrTimeout
 .text.startup.prvRuntimeInitializer
                0x10007124       0x28 CMakeFiles/hello_freertos.dir/__/lib/freertos/portable/ThirdParty/GCC/RP2040/port.c.obj
 .text.vEventGroupSetBitsCallback
                0x1000714c       0x90 CMakeFiles/hello_freertos.dir/__/lib/freertos/event_groups.c.obj
                0x1000714c                vEventGroupSetBitsCallback
 .text.xEventGroupCreate
                0x100071dc       0x18 CMakeFiles/hello_freertos.dir/__/lib/freertos/event_groups.c.obj
                0x100071dc                xEventGroupCreate
 .text.xEventGroupWaitBits
                0x100071f4       0xb8 CMakeFiles/hello_freertos.dir/__/lib/freertos/event_groups.c.obj
                0x100071f4                xEventGroupWaitBits
 .text.xEventGroupSetBits
                0x100072ac       0x94 CMakeFiles/hello_freertos.dir/__/lib/freertos/event_groups.c.obj
                0x100072ac                xEventGroupSetBits
 .text.xEventGroupSetBitsFromISR
                0x10007340       0x18 CMakeFiles/hello_freertos.dir/__/lib/freertos/event_groups.c.obj
                0x10007340                xEventGroupSetBitsFromISR
 .text.vListInitialise
                0x10007358       0x18 CMakeFiles/hello_freertos.dir/__/lib/freertos/list.c.obj
                0x10007358                vListInitialise
 .text.vListInitialiseItem
                0x10007370        0x8 CMakeFiles/hello_freertos.dir/__/lib/freertos/list.c.obj
                0x10007370                vListInitialiseItem
 .text.vListInsert
                0x10007378       0x30 CMakeFiles/hello_freertos.dir/__/lib/freertos/list.c.obj
                0x10007378                vListInsert
 .text.uxListRemove
                0x100073a8       0x20 CMakeFiles/hello_freertos.dir/__/lib/freertos/list.c.obj
                0x100073a8                uxListRemove
 .text.prvUnlockQueue
                0x100073c8      0x180 CMakeFiles/hello_freertos.dir/__/lib/freertos/queue.c.obj
 .text.prvNotifyQueueSetContainer
                0x10007548       0x90 CMakeFiles/hello_freertos.dir/__/lib/freertos/queue.c.obj
 .text.xQueueGenericCreate
                0x100075d8       0xa4 CMakeFiles/hello_freertos.dir/__/lib/freertos/queue.c.obj
                0x100075d8                xQueueGenericCreate
 .text.xQueueGenericSendFromISR
                0x1000767c      0x134 CMakeFiles/hello_freertos.dir/__/lib/freertos/queue.c.obj
                0x1000767c                xQueueGenericSendFromISR
 .text.xQueueReceive
                0x100077b0      0x11c CMakeFiles/hello_freertos.dir/__/lib/freertos/queue.c.obj
                0x100077b0                xQueueReceive
 .text.vQueueAddToRegistry
                0x100078cc      0x118 CMakeFiles/hello_freertos.dir/__/lib/freertos/queue.c.obj
                0x100078cc                vQueueAddToRegistry
 .text.vQueueWaitForMessageRestricted
                0x100079e4       0x48 CMakeFiles/hello_freertos.dir/__/lib/freertos/queue.c.obj
                0x100079e4                vQueueWaitForMessageRestricted
 .text.prvAddNewTaskToReadyList
                0x10007a2c      0x124 CMakeFiles/hello_freertos.dir/__/lib/freertos/tasks.c.obj
 .text.prvIdleTask
                0x10007b50       0x60 CMakeFiles/hello_freertos.dir/__/lib/freertos/tasks.c.obj
 .text.xTaskIncrementTick.part.0
                0x10007bb0      0x190 CMakeFiles/hello_freertos.dir/__/lib/freertos/tasks.c.obj
 .text.xTaskCreate
                0x10007d40      0x138 CMakeFiles/hello_freertos.dir/__/lib/freertos/tasks.c.obj
                0x10007d40                xTaskCreate
 .text.vTaskStartScheduler
                0x10007e78       0xd8 CMakeFiles/hello_freertos.dir/__/lib/freertos/tasks.c.obj
                0x10007e78                vTaskStartScheduler
 .text.vTaskSuspendAll
                0x10007f50       0x10 CMakeFiles/hello_freertos.dir/__/lib/freertos/tasks.c.obj
                0x10007f50                vTaskSuspendAll
 .text.xTaskResumeAll
                0x10007f60      0x188 CMakeFiles/hello_freertos.dir/__/lib/freertos/tasks.c.obj
                0x10007f60                xTaskResumeAll
 .text.vTaskDelay
                0x100080e8       0x84 CMakeFiles/hello_freertos.dir/__/lib/freertos/tasks.c.obj
                0x100080e8                vTaskDelay
 .text.xTaskGetTickCount
                0x1000816c        0xc CMakeFiles/hello_freertos.dir/__/lib/freertos/tasks.c.obj
                0x1000816c                xTaskGetTickCount
 .text.uxTaskGetNumberOfTasks
                0x10008178        0xc CMakeFiles/hello_freertos.dir/__/lib/freertos/tasks.c.obj
                0x10008178                uxTaskGetNumberOfTasks
 .text.xTaskIncrementTick
                0x10008184       0x24 CMakeFiles/hello_freertos.dir/__/lib/freertos/tasks.c.obj
                0x10008184                xTaskIncrementTick
 .text.vTaskSwitchContext
                0x100081a8       0x7c CMakeFiles/hello_freertos.dir/__/lib/freertos/tasks.c.obj
                0x100081a8                vTaskSwitchContext
 .text.vTaskPlaceOnEventList
                0x10008224       0xa0 CMakeFiles/hello_freertos.dir/__/lib/freertos/tasks.c.obj
                0x10008224                vTaskPlaceOnEventList
 .text.vTaskPlaceOnUnorderedEventList
                0x100082c4       0xc4 CMakeFiles/hello_freertos.dir/__/lib/freertos/tasks.c.obj
                0x100082c4                vTaskPlaceOnUnorderedEventList
 .text.vTaskPlaceOnEventListRestricted
                0x10008388       0xf4 CMakeFiles/hello_freertos.dir/__/lib/freertos/tasks.c.obj
                0x10008388                vTaskPlaceOnEventListRestricted
 .text.xTaskRemoveFromEventList
                0x1000847c       0xcc CMakeFiles/hello_freertos.dir/__/lib/freertos/tasks.c.obj
                0x1000847c                xTaskRemoveFromEventList
 .text.vTaskRemoveFromUnorderedEventList
                0x10008548       0x94 CMakeFiles/hello_freertos.dir/__/lib/freertos/tasks.c.obj
                0x10008548                vTaskRemoveFromUnorderedEventList
 .text.vTaskInternalSetTimeOutState
                0x100085dc       0x18 CMakeFiles/hello_freertos.dir/__/lib/freertos/tasks.c.obj
                0x100085dc                vTaskInternalSetTimeOutState
 .text.xTaskCheckForTimeOut
                0x100085f4       0x74 CMakeFiles/hello_freertos.dir/__/lib/freertos/tasks.c.obj
                0x100085f4                xTaskCheckForTimeOut
 .text.vTaskMissedYield
                0x10008668        0xc CMakeFiles/hello_freertos.dir/__/lib/freertos/tasks.c.obj
                0x10008668                vTaskMissedYield
 .text.xTaskGetCurrentTaskHandle
                0x10008674        0xc CMakeFiles/hello_freertos.dir/__/lib/freertos/tasks.c.obj
                0x10008674                xTaskGetCurrentTaskHandle
 .text.xTaskPriorityDisinherit
                0x10008680       0x64 CMakeFiles/hello_freertos.dir/__/lib/freertos/tasks.c.obj
                0x10008680                xTaskPriorityDisinherit
 .text.uxTaskResetEventItemValue
                0x100086e4       0x18 CMakeFiles/hello_freertos.dir/__/lib/freertos/tasks.c.obj
                0x100086e4                uxTaskResetEventItemValue
 .text.prvTimerTask
                0x100086fc      0x38c CMakeFiles/hello_freertos.dir/__/lib/freertos/timers.c.obj
 .text.xTimerCreateTimerTask
                0x10008a88       0x8c CMakeFiles/hello_freertos.dir/__/lib/freertos/timers.c.obj
                0x10008a88                xTimerCreateTimerTask
 .text.xTimerPendFunctionCallFromISR
                0x10008b14       0x28 CMakeFiles/hello_freertos.dir/__/lib/freertos/timers.c.obj
                0x10008b14                xTimerPendFunctionCallFromISR
 .text.exception_set_exclusive_handler
                0x10008b3c       0x48 CMakeFiles/hello_freertos.dir/home/shem/.pico-sdk/sdk/2.0.0/src/rp2_common/hardware_exception/exception.c.obj
                0x10008b3c                exception_set_exclusive_handler
 .text.cyw43_arch_set_async_context
                0x10008b84        0xc CMakeFiles/hello_freertos.dir/home/shem/.pico-sdk/sdk/2.0.0/src/rp2_common/pico_cyw43_arch/cyw43_arch.c.obj
                0x10008b84                cyw43_arch_set_async_context
 .text.cyw43_arch_gpio_put
                0x10008b90       0x14 CMakeFiles/hello_freertos.dir/home/shem/.pico-sdk/sdk/2.0.0/src/rp2_common/pico_cyw43_arch/cyw43_arch.c.obj
                0x10008b90                cyw43_arch_gpio_put
 .text.cyw43_arch_async_context
                0x10008ba4        0xc CMakeFiles/hello_freertos.dir/home/shem/.pico-sdk/sdk/2.0.0/src/rp2_common/pico_cyw43_arch/cyw43_arch.c.obj
                0x10008ba4                cyw43_arch_async_context
 .text.cyw43_arch_init
                0x10008bb0       0x64 CMakeFiles/hello_freertos.dir/home/shem/.pico-sdk/sdk/2.0.0/src/rp2_common/pico_cyw43_arch/cyw43_arch_threadsafe_background.c.obj
                0x10008bb0                cyw43_arch_init
 .text.ns_delay.constprop.0
                0x10008c14       0x20 CMakeFiles/hello_freertos.dir/home/shem/.pico-sdk/sdk/2.0.0/src/rp2_common/pico_cyw43_driver/cyw43_bus_pio_spi.c.obj
 .text.cyw43_spi_deinit
                0x10008c34       0x7c CMakeFiles/hello_freertos.dir/home/shem/.pico-sdk/sdk/2.0.0/src/rp2_common/pico_cyw43_driver/cyw43_bus_pio_spi.c.obj
                0x10008c34                cyw43_spi_deinit
 .text.cyw43_spi_init
                0x10008cb0      0x134 CMakeFiles/hello_freertos.dir/home/shem/.pico-sdk/sdk/2.0.0/src/rp2_common/pico_cyw43_driver/cyw43_bus_pio_spi.c.obj
                0x10008cb0                cyw43_spi_init
 .text.cyw43_spi_transfer
                0x10008de4      0x3f0 CMakeFiles/hello_freertos.dir/home/shem/.pico-sdk/sdk/2.0.0/src/rp2_common/pico_cyw43_driver/cyw43_bus_pio_spi.c.obj
                0x10008de4                cyw43_spi_transfer
 .text.cyw43_spi_gpio_setup
                0x100091d4       0x3c CMakeFiles/hello_freertos.dir/home/shem/.pico-sdk/sdk/2.0.0/src/rp2_common/pico_cyw43_driver/cyw43_bus_pio_spi.c.obj
                0x100091d4                cyw43_spi_gpio_setup
 .text.cyw43_spi_reset
                0x10009210       0x28 CMakeFiles/hello_freertos.dir/home/shem/.pico-sdk/sdk/2.0.0/src/rp2_common/pico_cyw43_driver/cyw43_bus_pio_spi.c.obj
                0x10009210                cyw43_spi_reset
 .text.read_reg_u32_swap
                0x10009238       0x3c CMakeFiles/hello_freertos.dir/home/shem/.pico-sdk/sdk/2.0.0/src/rp2_common/pico_cyw43_driver/cyw43_bus_pio_spi.c.obj
                0x10009238                read_reg_u32_swap
 .text.cyw43_read_reg_u32
                0x10009274       0x50 CMakeFiles/hello_freertos.dir/home/shem/.pico-sdk/sdk/2.0.0/src/rp2_common/pico_cyw43_driver/cyw43_bus_pio_spi.c.obj
                0x10009274                cyw43_read_reg_u32
 .text.cyw43_read_reg_u16
                0x100092c4       0x50 CMakeFiles/hello_freertos.dir/home/shem/.pico-sdk/sdk/2.0.0/src/rp2_common/pico_cyw43_driver/cyw43_bus_pio_spi.c.obj
                0x100092c4                cyw43_read_reg_u16
 .text.cyw43_read_reg_u8
                0x10009314       0x50 CMakeFiles/hello_freertos.dir/home/shem/.pico-sdk/sdk/2.0.0/src/rp2_common/pico_cyw43_driver/cyw43_bus_pio_spi.c.obj
                0x10009314                cyw43_read_reg_u8
 .text.write_reg_u32_swap
                0x10009364      0x1e8 CMakeFiles/hello_freertos.dir/home/shem/.pico-sdk/sdk/2.0.0/src/rp2_common/pico_cyw43_driver/cyw43_bus_pio_spi.c.obj
                0x10009364                write_reg_u32_swap
 .text.cyw43_write_reg_u32
                0x1000954c      0x208 CMakeFiles/hello_freertos.dir/home/shem/.pico-sdk/sdk/2.0.0/src/rp2_common/pico_cyw43_driver/cyw43_bus_pio_spi.c.obj
                0x1000954c                cyw43_write_reg_u32
 .text.cyw43_write_reg_u16
                0x10009754      0x208 CMakeFiles/hello_freertos.dir/home/shem/.pico-sdk/sdk/2.0.0/src/rp2_common/pico_cyw43_driver/cyw43_bus_pio_spi.c.obj
                0x10009754                cyw43_write_reg_u16
 .text.cyw43_write_reg_u8
                0x1000995c      0x208 CMakeFiles/hello_freertos.dir/home/shem/.pico-sdk/sdk/2.0.0/src/rp2_common/pico_cyw43_driver/cyw43_bus_pio_spi.c.obj
                0x1000995c                cyw43_write_reg_u8
 .text.cyw43_read_bytes
                0x10009b64       0x78 CMakeFiles/hello_freertos.dir/home/shem/.pico-sdk/sdk/2.0.0/src/rp2_common/pico_cyw43_driver/cyw43_bus_pio_spi.c.obj
                0x10009b64                cyw43_read_bytes
 .text.cyw43_write_bytes
                0x10009bdc       0xc0 CMakeFiles/hello_freertos.dir/home/shem/.pico-sdk/sdk/2.0.0/src/rp2_common/pico_cyw43_driver/cyw43_bus_pio_spi.c.obj
                0x10009bdc                cyw43_write_bytes
 .text.cyw43_set_backplane_window
                0x10009c9c       0x68 CMakeFiles/hello_freertos.dir/home/shem/.pico-sdk/sdk/2.0.0/lib/cyw43-driver/src/cyw43_ll.c.obj
 .text.cyw43_ll_parse_async_event
                0x10009d04      0x134 CMakeFiles/hello_freertos.dir/home/shem/.pico-sdk/sdk/2.0.0/lib/cyw43-driver/src/cyw43_ll.c.obj
 .text.cyw43_kso_set
                0x10009e38       0x80 CMakeFiles/hello_freertos.dir/home/shem/.pico-sdk/sdk/2.0.0/lib/cyw43-driver/src/cyw43_ll.c.obj
 .text.cyw43_ll_sdpcm_poll_device
                0x10009eb8      0x238 CMakeFiles/hello_freertos.dir/home/shem/.pico-sdk/sdk/2.0.0/lib/cyw43-driver/src/cyw43_ll.c.obj
 .text.cyw43_sdpcm_send_common
                0x1000a0f0       0xfc CMakeFiles/hello_freertos.dir/home/shem/.pico-sdk/sdk/2.0.0/lib/cyw43-driver/src/cyw43_ll.c.obj
 .text.cyw43_do_ioctl.part.0
                0x1000a1ec       0xc4 CMakeFiles/hello_freertos.dir/home/shem/.pico-sdk/sdk/2.0.0/lib/cyw43-driver/src/cyw43_ll.c.obj
 .text.cyw43_download_resource
                0x1000a2b0       0xd0 CMakeFiles/hello_freertos.dir/home/shem/.pico-sdk/sdk/2.0.0/lib/cyw43-driver/src/cyw43_ll.c.obj
 .text.cyw43_write_iovar_u32.constprop.0
                0x1000a380       0x98 CMakeFiles/hello_freertos.dir/home/shem/.pico-sdk/sdk/2.0.0/lib/cyw43-driver/src/cyw43_ll.c.obj
 .text.cyw43_write_iovar_n
                0x1000a418       0x8c CMakeFiles/hello_freertos.dir/home/shem/.pico-sdk/sdk/2.0.0/lib/cyw43-driver/src/cyw43_ll.c.obj
 .text.cyw43_read_backplane.constprop.0
                0x1000a4a4       0xe4 CMakeFiles/hello_freertos.dir/home/shem/.pico-sdk/sdk/2.0.0/lib/cyw43-driver/src/cyw43_ll.c.obj
 .text.cyw43_write_backplane
                0x1000a588      0x10c CMakeFiles/hello_freertos.dir/home/shem/.pico-sdk/sdk/2.0.0/lib/cyw43-driver/src/cyw43_ll.c.obj
 .text.reset_device_core.constprop.0
                0x1000a694      0x410 CMakeFiles/hello_freertos.dir/home/shem/.pico-sdk/sdk/2.0.0/lib/cyw43-driver/src/cyw43_ll.c.obj
 .text.cyw43_ll_init
                0x1000aaa4       0x1c CMakeFiles/hello_freertos.dir/home/shem/.pico-sdk/sdk/2.0.0/lib/cyw43-driver/src/cyw43_ll.c.obj
                0x1000aaa4                cyw43_ll_init
 .text.cyw43_ll_deinit
                0x1000aac0        0x8 CMakeFiles/hello_freertos.dir/home/shem/.pico-sdk/sdk/2.0.0/lib/cyw43-driver/src/cyw43_ll.c.obj
                0x1000aac0                cyw43_ll_deinit
 .text.cyw43_ll_process_packets
                0x1000aac8       0x54 CMakeFiles/hello_freertos.dir/home/shem/.pico-sdk/sdk/2.0.0/lib/cyw43-driver/src/cyw43_ll.c.obj
                0x1000aac8                cyw43_ll_process_packets
 .text.cyw43_ll_ioctl
                0x1000ab1c       0x80 CMakeFiles/hello_freertos.dir/home/shem/.pico-sdk/sdk/2.0.0/lib/cyw43-driver/src/cyw43_ll.c.obj
                0x1000ab1c                cyw43_ll_ioctl
 .text.cyw43_ll_bus_sleep
                0x1000ab9c       0x34 CMakeFiles/hello_freertos.dir/home/shem/.pico-sdk/sdk/2.0.0/lib/cyw43-driver/src/cyw43_ll.c.obj
                0x1000ab9c                cyw43_ll_bus_sleep
 .text.cyw43_ll_wifi_get_mac
                0x1000abd0       0x74 CMakeFiles/hello_freertos.dir/home/shem/.pico-sdk/sdk/2.0.0/lib/cyw43-driver/src/cyw43_ll.c.obj
                0x1000abd0                cyw43_ll_wifi_get_mac
 .text.cyw43_ll_bus_init
                0x1000ac44      0x920 CMakeFiles/hello_freertos.dir/home/shem/.pico-sdk/sdk/2.0.0/lib/cyw43-driver/src/cyw43_ll.c.obj
                0x1000ac44                cyw43_ll_bus_init
 .text.cyw43_ll_wifi_set_wpa_auth
                0x1000b564       0x4c CMakeFiles/hello_freertos.dir/home/shem/.pico-sdk/sdk/2.0.0/lib/cyw43-driver/src/cyw43_ll.c.obj
                0x1000b564                cyw43_ll_wifi_set_wpa_auth
 .text.cyw43_ll_wifi_rejoin
                0x1000b5b0       0x58 CMakeFiles/hello_freertos.dir/home/shem/.pico-sdk/sdk/2.0.0/lib/cyw43-driver/src/cyw43_ll.c.obj
                0x1000b5b0                cyw43_ll_wifi_rejoin
 .text.cyw43_ll_gpio_set
                0x1000b608       0x94 CMakeFiles/hello_freertos.dir/home/shem/.pico-sdk/sdk/2.0.0/lib/cyw43-driver/src/cyw43_ll.c.obj
                0x1000b608                cyw43_ll_gpio_set
 .text.cyw43_ll_has_work
                0x1000b69c       0x14 CMakeFiles/hello_freertos.dir/home/shem/.pico-sdk/sdk/2.0.0/lib/cyw43-driver/src/cyw43_ll.c.obj
                0x1000b69c                cyw43_ll_has_work
 .text.cyw43_poll_func
                0x1000b6b0       0xc0 CMakeFiles/hello_freertos.dir/home/shem/.pico-sdk/sdk/2.0.0/lib/cyw43-driver/src/cyw43_ctrl.c.obj
 .text.cyw43_init
                0x1000b770       0x6c CMakeFiles/hello_freertos.dir/home/shem/.pico-sdk/sdk/2.0.0/lib/cyw43-driver/src/cyw43_ctrl.c.obj
                0x1000b770                cyw43_init
 .text.cyw43_deinit
                0x1000b7dc       0x90 CMakeFiles/hello_freertos.dir/home/shem/.pico-sdk/sdk/2.0.0/lib/cyw43-driver/src/cyw43_ctrl.c.obj
                0x1000b7dc                cyw43_deinit
 .text.cyw43_cb_read_host_interrupt_pin
                0x1000b86c        0xc CMakeFiles/hello_freertos.dir/home/shem/.pico-sdk/sdk/2.0.0/lib/cyw43-driver/src/cyw43_ctrl.c.obj
                0x1000b86c                cyw43_cb_read_host_interrupt_pin
 .text.cyw43_cb_ensure_awake
                0x1000b878        0xc CMakeFiles/hello_freertos.dir/home/shem/.pico-sdk/sdk/2.0.0/lib/cyw43-driver/src/cyw43_ctrl.c.obj
                0x1000b878                cyw43_cb_ensure_awake
 .text.cyw43_cb_process_async_event
                0x1000b884      0x214 CMakeFiles/hello_freertos.dir/home/shem/.pico-sdk/sdk/2.0.0/lib/cyw43-driver/src/cyw43_ctrl.c.obj
                0x1000b884                cyw43_cb_process_async_event
 .text.cyw43_gpio_set
                0x1000ba98       0xa0 CMakeFiles/hello_freertos.dir/home/shem/.pico-sdk/sdk/2.0.0/lib/cyw43-driver/src/cyw43_ctrl.c.obj
                0x1000ba98                cyw43_gpio_set
 .text.pio_sm_unclaim
                0x1000bb38       0x20 CMakeFiles/hello_freertos.dir/home/shem/.pico-sdk/sdk/2.0.0/src/rp2_common/hardware_pio/pio.c.obj
                0x1000bb38                pio_sm_unclaim
 .text.pio_claim_unused_sm
                0x1000bb58       0x38 CMakeFiles/hello_freertos.dir/home/shem/.pico-sdk/sdk/2.0.0/src/rp2_common/hardware_pio/pio.c.obj
                0x1000bb58                pio_claim_unused_sm
 .text.pio_can_add_program
                0x1000bb90       0x90 CMakeFiles/hello_freertos.dir/home/shem/.pico-sdk/sdk/2.0.0/src/rp2_common/hardware_pio/pio.c.obj
                0x1000bb90                pio_can_add_program
 .text.pio_add_program
                0x1000bc20      0x104 CMakeFiles/hello_freertos.dir/home/shem/.pico-sdk/sdk/2.0.0/src/rp2_common/hardware_pio/pio.c.obj
                0x1000bc20                pio_add_program
 .text.pio_remove_program
                0x1000bd24       0x30 CMakeFiles/hello_freertos.dir/home/shem/.pico-sdk/sdk/2.0.0/src/rp2_common/hardware_pio/pio.c.obj
                0x1000bd24                pio_remove_program
 .text.pio_sm_set_pindirs_with_mask
                0x1000bd54       0xac CMakeFiles/hello_freertos.dir/home/shem/.pico-sdk/sdk/2.0.0/src/rp2_common/hardware_pio/pio.c.obj
                0x1000bd54                pio_sm_set_pindirs_with_mask
 .text.pio_sm_set_consecutive_pindirs
                0x1000be00       0xb4 CMakeFiles/hello_freertos.dir/home/shem/.pico-sdk/sdk/2.0.0/src/rp2_common/hardware_pio/pio.c.obj
                0x1000be00                pio_sm_set_consecutive_pindirs
 .text.dma_channel_unclaim
                0x1000beb4       0x14 CMakeFiles/hello_freertos.dir/home/shem/.pico-sdk/sdk/2.0.0/src/rp2_common/hardware_dma/dma.c.obj
                0x1000beb4                dma_channel_unclaim
 .text.dma_claim_unused_channel
                0x1000bec8       0x24 CMakeFiles/hello_freertos.dir/home/shem/.pico-sdk/sdk/2.0.0/src/rp2_common/hardware_dma/dma.c.obj
                0x1000bec8                dma_claim_unused_channel
 .text.dma_channel_cleanup
                0x1000beec       0x64 CMakeFiles/hello_freertos.dir/home/shem/.pico-sdk/sdk/2.0.0/src/rp2_common/hardware_dma/dma.c.obj
                0x1000beec                dma_channel_cleanup
 .text.cyw43_sleep_timeout_reached
                0x1000bf50       0x10 CMakeFiles/hello_freertos.dir/home/shem/.pico-sdk/sdk/2.0.0/src/rp2_common/pico_cyw43_driver/cyw43_driver.c.obj
 .text.cyw43_irq_init
                0x1000bf60       0x28 CMakeFiles/hello_freertos.dir/home/shem/.pico-sdk/sdk/2.0.0/src/rp2_common/pico_cyw43_driver/cyw43_driver.c.obj
                0x1000bf60                cyw43_irq_init
 .text.cyw43_irq_deinit
                0x1000bf88       0x20 CMakeFiles/hello_freertos.dir/home/shem/.pico-sdk/sdk/2.0.0/src/rp2_common/pico_cyw43_driver/cyw43_driver.c.obj
                0x1000bf88                cyw43_irq_deinit
 .text.cyw43_gpio_irq_handler
                0x1000bfa8       0x44 CMakeFiles/hello_freertos.dir/home/shem/.pico-sdk/sdk/2.0.0/src/rp2_common/pico_cyw43_driver/cyw43_driver.c.obj
 .text.cyw43_do_poll
                0x1000bfec       0x70 CMakeFiles/hello_freertos.dir/home/shem/.pico-sdk/sdk/2.0.0/src/rp2_common/pico_cyw43_driver/cyw43_driver.c.obj
 .text.cyw43_post_poll_hook
                0x1000c05c       0x10 CMakeFiles/hello_freertos.dir/home/shem/.pico-sdk/sdk/2.0.0/src/rp2_common/pico_cyw43_driver/cyw43_driver.c.obj
                0x1000c05c                cyw43_post_poll_hook
 .text.cyw43_schedule_internal_poll_dispatch
                0x1000c06c       0x18 CMakeFiles/hello_freertos.dir/home/shem/.pico-sdk/sdk/2.0.0/src/rp2_common/pico_cyw43_driver/cyw43_driver.c.obj
                0x1000c06c                cyw43_schedule_internal_poll_dispatch
 .text.cyw43_driver_init
                0x1000c084       0x38 CMakeFiles/hello_freertos.dir/home/shem/.pico-sdk/sdk/2.0.0/src/rp2_common/pico_cyw43_driver/cyw43_driver.c.obj
                0x1000c084                cyw43_driver_init
 .text.cyw43_driver_deinit
                0x1000c0bc       0x44 CMakeFiles/hello_freertos.dir/home/shem/.pico-sdk/sdk/2.0.0/src/rp2_common/pico_cyw43_driver/cyw43_driver.c.obj
                0x1000c0bc                cyw43_driver_deinit
 .text.cyw43_hal_generate_laa_mac
                0x1000c100       0x28 CMakeFiles/hello_freertos.dir/home/shem/.pico-sdk/sdk/2.0.0/src/rp2_common/pico_cyw43_driver/cyw43_driver.c.obj
                0x1000c100                cyw43_hal_generate_laa_mac
 .text.cyw43_thread_enter
                0x1000c128       0x14 CMakeFiles/hello_freertos.dir/home/shem/.pico-sdk/sdk/2.0.0/src/rp2_common/pico_cyw43_driver/cyw43_driver.c.obj
                0x1000c128                cyw43_thread_enter
 .text.cyw43_thread_exit
                0x1000c13c       0x14 CMakeFiles/hello_freertos.dir/home/shem/.pico-sdk/sdk/2.0.0/src/rp2_common/pico_cyw43_driver/cyw43_driver.c.obj
                0x1000c13c                cyw43_thread_exit
 .text.cyw43_await_background_or_timeout_us
                0x1000c150       0x64 CMakeFiles/hello_freertos.dir/home/shem/.pico-sdk/sdk/2.0.0/src/rp2_common/pico_cyw43_driver/cyw43_driver.c.obj
                0x1000c150                cyw43_await_background_or_timeout_us
 .text.cyw43_delay_ms
                0x1000c1b4       0x48 CMakeFiles/hello_freertos.dir/home/shem/.pico-sdk/sdk/2.0.0/src/rp2_common/pico_cyw43_driver/cyw43_driver.c.obj
                0x1000c1b4                cyw43_delay_ms
 .text.cyw43_cb_tcpip_deinit
                0x1000c1fc        0x4 CMakeFiles/hello_freertos.dir/home/shem/.pico-sdk/sdk/2.0.0/src/rp2_common/pico_cyw43_driver/cyw43_driver.c.obj
                0x1000c1fc                cyw43_cb_tcpip_deinit
 .text.cyw43_cb_tcpip_set_link_up
                0x1000c200        0xc CMakeFiles/hello_freertos.dir/home/shem/.pico-sdk/sdk/2.0.0/src/rp2_common/pico_cyw43_driver/cyw43_driver.c.obj
                0x1000c200                cyw43_cb_tcpip_set_link_up
 .text.cyw43_cb_tcpip_set_link_down
                0x1000c20c        0xc CMakeFiles/hello_freertos.dir/home/shem/.pico-sdk/sdk/2.0.0/src/rp2_common/pico_cyw43_driver/cyw43_driver.c.obj
                0x1000c20c                cyw43_cb_tcpip_set_link_down
 .text.cyw43_cb_process_ethernet
                0x1000c218        0xc CMakeFiles/hello_freertos.dir/home/shem/.pico-sdk/sdk/2.0.0/src/rp2_common/pico_cyw43_driver/cyw43_driver.c.obj
                0x1000c218                cyw43_cb_process_ethernet
 .text.handle_sync_func_call
                0x1000c224       0x24 CMakeFiles/hello_freertos.dir/home/shem/.pico-sdk/sdk/2.0.0/src/rp2_common/pico_async_context/async_context_threadsafe_background.c.obj
 .text.async_context_threadsafe_background_acquire_lock_blocking
                0x1000c248        0xc CMakeFiles/hello_freertos.dir/home/shem/.pico-sdk/sdk/2.0.0/src/rp2_common/pico_async_context/async_context_threadsafe_background.c.obj
 .text.process_under_lock
                0x1000c254       0xcc CMakeFiles/hello_freertos.dir/home/shem/.pico-sdk/sdk/2.0.0/src/rp2_common/pico_async_context/async_context_threadsafe_background.c.obj
 .text.async_context_threadsafe_background_deinit
                0x1000c320       0x64 CMakeFiles/hello_freertos.dir/home/shem/.pico-sdk/sdk/2.0.0/src/rp2_common/pico_async_context/async_context_threadsafe_background.c.obj
 .text.low_priority_irq_handler
                0x1000c384       0x3c CMakeFiles/hello_freertos.dir/home/shem/.pico-sdk/sdk/2.0.0/src/rp2_common/pico_async_context/async_context_threadsafe_background.c.obj
 .text.async_context_threadsafe_background_wait_for_work_until
                0x1000c3c0        0xc CMakeFiles/hello_freertos.dir/home/shem/.pico-sdk/sdk/2.0.0/src/rp2_common/pico_async_context/async_context_threadsafe_background.c.obj
 .text.async_context_threadsafe_background_wait_until
                0x1000c3cc       0x1c CMakeFiles/hello_freertos.dir/home/shem/.pico-sdk/sdk/2.0.0/src/rp2_common/pico_async_context/async_context_threadsafe_background.c.obj
 .text.async_context_threadsafe_background_execute_sync
                0x1000c3e8       0xe4 CMakeFiles/hello_freertos.dir/home/shem/.pico-sdk/sdk/2.0.0/src/rp2_common/pico_async_context/async_context_threadsafe_background.c.obj
                0x1000c3e8                async_context_threadsafe_background_execute_sync
 .text.async_context_threadsafe_background_lock_check
                0x1000c4cc       0x24 CMakeFiles/hello_freertos.dir/home/shem/.pico-sdk/sdk/2.0.0/src/rp2_common/pico_async_context/async_context_threadsafe_background.c.obj
 .text.async_context_threadsafe_background_set_work_pending
                0x1000c4f0       0x50 CMakeFiles/hello_freertos.dir/home/shem/.pico-sdk/sdk/2.0.0/src/rp2_common/pico_async_context/async_context_threadsafe_background.c.obj
 .text.alarm_handler
                0x1000c540       0x58 CMakeFiles/hello_freertos.dir/home/shem/.pico-sdk/sdk/2.0.0/src/rp2_common/pico_async_context/async_context_threadsafe_background.c.obj
 .text.async_context_threadsafe_background_release_lock
                0x1000c598       0x7c CMakeFiles/hello_freertos.dir/home/shem/.pico-sdk/sdk/2.0.0/src/rp2_common/pico_async_context/async_context_threadsafe_background.c.obj
 .text.async_context_threadsafe_background_when_pending_worker
                0x1000c614       0x90 CMakeFiles/hello_freertos.dir/home/shem/.pico-sdk/sdk/2.0.0/src/rp2_common/pico_async_context/async_context_threadsafe_background.c.obj
 .text.async_context_threadsafe_background_add_at_time_worker
                0x1000c6a4       0x90 CMakeFiles/hello_freertos.dir/home/shem/.pico-sdk/sdk/2.0.0/src/rp2_common/pico_async_context/async_context_threadsafe_background.c.obj
 .text.async_context_threadsafe_background_remove_at_time_worker
                0x1000c734       0x90 CMakeFiles/hello_freertos.dir/home/shem/.pico-sdk/sdk/2.0.0/src/rp2_common/pico_async_context/async_context_threadsafe_background.c.obj
 .text.async_context_threadsafe_background_add_when_pending_worker
                0x1000c7c4       0x90 CMakeFiles/hello_freertos.dir/home/shem/.pico-sdk/sdk/2.0.0/src/rp2_common/pico_async_context/async_context_threadsafe_background.c.obj
 .text.async_context_threadsafe_background_default_config
                0x1000c854        0xc CMakeFiles/hello_freertos.dir/home/shem/.pico-sdk/sdk/2.0.0/src/rp2_common/pico_async_context/async_context_threadsafe_background.c.obj
                0x1000c854                async_context_threadsafe_background_default_config
 .text.async_context_threadsafe_background_init
                0x1000c860       0xa8 CMakeFiles/hello_freertos.dir/home/shem/.pico-sdk/sdk/2.0.0/src/rp2_common/pico_async_context/async_context_threadsafe_background.c.obj
                0x1000c860                async_context_threadsafe_background_init
 .text.strncmp  0x1000c908       0x74 /home/shem/.pico-sdk/toolchain/13_2_Rel1/bin/../lib/gcc/arm-none-eabi/13.2.1/../../../../arm-none-eabi/lib/thumb/v6-m/nofp/libg.a(libc_a-strncmp.o)
                0x1000c908                strncmp
 .text.malloc   0x1000c97c       0x14 /home/shem/.pico-sdk/toolchain/13_2_Rel1/bin/../lib/gcc/arm-none-eabi/13.2.1/../../../../arm-none-eabi/lib/thumb/v6-m/nofp/libg.a(libc_a-malloc.o)
                0x1000c97c                malloc
 .text.free     0x1000c990       0x14 /home/shem/.pico-sdk/toolchain/13_2_Rel1/bin/../lib/gcc/arm-none-eabi/13.2.1/../../../../arm-none-eabi/lib/thumb/v6-m/nofp/libg.a(libc_a-malloc.o)
                0x1000c990                free
 .text._malloc_r
                0x1000c9a4      0x5c4 /home/shem/.pico-sdk/toolchain/13_2_Rel1/bin/../lib/gcc/arm-none-eabi/13.2.1/../../../../arm-none-eabi/lib/thumb/v6-m/nofp/libg.a(libc_a-mallocr.o)
                0x1000c9a4                _malloc_r
 .text.memmove  0x1000cf68       0xb0 /home/shem/.pico-sdk/toolchain/13_2_Rel1/bin/../lib/gcc/arm-none-eabi/13.2.1/../../../../arm-none-eabi/lib/thumb/v6-m/nofp/libg.a(libc_a-memmove.o)
                0x1000cf68                memmove
 .text.__retarget_lock_acquire_recursive
                0x1000d018        0x4 /home/shem/.pico-sdk/toolchain/13_2_Rel1/bin/../lib/gcc/arm-none-eabi/13.2.1/../../../../arm-none-eabi/lib/thumb/v6-m/nofp/libg.a(libc_a-lock.o)
                0x1000d018                __retarget_lock_acquire_recursive
 .text.__retarget_lock_release_recursive
                0x1000d01c        0x4 /home/shem/.pico-sdk/toolchain/13_2_Rel1/bin/../lib/gcc/arm-none-eabi/13.2.1/../../../../arm-none-eabi/lib/thumb/v6-m/nofp/libg.a(libc_a-lock.o)
                0x1000d01c                __retarget_lock_release_recursive
 .text.sysconf  0x1000d020       0x1c /home/shem/.pico-sdk/toolchain/13_2_Rel1/bin/../lib/gcc/arm-none-eabi/13.2.1/../../../../arm-none-eabi/lib/thumb/v6-m/nofp/libg.a(libc_a-sysconf.o)
                0x1000d020                sysconf
 .text.__malloc_lock
                0x1000d03c       0x10 /home/shem/.pico-sdk/toolchain/13_2_Rel1/bin/../lib/gcc/arm-none-eabi/13.2.1/../../../../arm-none-eabi/lib/thumb/v6-m/nofp/libg.a(libc_a-mlock.o)
                0x1000d03c                __malloc_lock
 .text.__malloc_unlock
                0x1000d04c       0x10 /home/shem/.pico-sdk/toolchain/13_2_Rel1/bin/../lib/gcc/arm-none-eabi/13.2.1/../../../../arm-none-eabi/lib/thumb/v6-m/nofp/libg.a(libc_a-mlock.o)
                0x1000d04c                __malloc_unlock
 .text.calloc   0x1000d05c       0x18 /home/shem/.pico-sdk/toolchain/13_2_Rel1/bin/../lib/gcc/arm-none-eabi/13.2.1/../../../../arm-none-eabi/lib/thumb/v6-m/nofp/libg.a(libc_a-calloc.o)
                0x1000d05c                calloc
 .text._calloc_r