Archive member included to satisfy reference by file (symbol)

/home/shem/.pico-sdk/toolchain/13_2_Rel1/bin/../lib/gcc/arm-none-eabi/13.2.1/thumb/v6-m/nofp/libgcc.a(_dvmd_tls.o)
                              CMakeFiles/threads.dir/home/shem/.pico-sdk/sdk/2.0.0/src/rp2_common/pico_divider/divider_hardware.S.obj (__aeabi_idiv0)
/home/shem/.pico-sdk/toolchain/13_2_Rel1/bin/../lib/gcc/arm-none-eabi/13.2.1/../../../../arm-none-eabi/lib/thumb/v6-m/nofp/libg.a(libc_a-strncmp.o)
                              CMakeFiles/threads.dir/home/shem/.pico-sdk/sdk/2.0.0/lib/cyw43-driver/src/cyw43_ll.c.obj (strncmp)
/home/shem/.pico-sdk/toolchain/13_2_Rel1/bin/../lib/gcc/arm-none-eabi/13.2.1/../../../../arm-none-eabi/lib/thumb/v6-m/nofp/libg.a(libc_a-lcltime_r.o)
                              CMakeFiles/threads.dir/home/shem/.pico-sdk/sdk/2.0.0/src/common/pico_util/datetime.c.obj (localtime_r)
/home/shem/.pico-sdk/toolchain/13_2_Rel1/bin/../lib/gcc/arm-none-eabi/13.2.1/../../../../arm-none-eabi/lib/thumb/v6-m/nofp/libg.a(libc_a-mktime.o)
                              CMakeFiles/threads.dir/home/shem/.pico-sdk/sdk/2.0.0/src/common/pico_util/datetime.c.obj (mktime)
/home/shem/.pico-sdk/toolchain/13_2_Rel1/bin/../lib/gcc/arm-none-eabi/13.2.1/../../../../arm-none-eabi/lib/thumb/v6-m/nofp/libg.a(libc_a-month_lengths.o)
                              /home/shem/.pico-sdk/toolchain/13_2_Rel1/bin/../lib/gcc/arm-none-eabi/13.2.1/../../../../arm-none-eabi/lib/thumb/v6-m/nofp/libg.a(libc_a-lcltime_r.o) (__month_lengths)
/home/shem/.pico-sdk/toolchain/13_2_Rel1/bin/../lib/gcc/arm-none-eabi/13.2.1/../../../../arm-none-eabi/lib/thumb/v6-m/nofp/libg.a(libc_a-tzcalc_limits.o)
                              /home/shem/.pico-sdk/toolchain/13_2_Rel1/bin/../lib/gcc/arm-none-eabi/13.2.1/../../../../arm-none-eabi/lib/thumb/v6-m/nofp/libg.a(libc_a-lcltime_r.o) (__tzcalc_limits)
/home/shem/.pico-sdk/toolchain/13_2_Rel1/bin/../lib/gcc/arm-none-eabi/13.2.1/../../../../arm-none-eabi/lib/thumb/v6-m/nofp/libg.a(libc_a-tzlock.o)
                              /home/shem/.pico-sdk/toolchain/13_2_Rel1/bin/../lib/gcc/arm-none-eabi/13.2.1/../../../../arm-none-eabi/lib/thumb/v6-m/nofp/libg.a(libc_a-lcltime_r.o) (__tz_lock)
/home/shem/.pico-sdk/toolchain/13_2_Rel1/bin/../lib/gcc/arm-none-eabi/13.2.1/../../../../arm-none-eabi/lib/thumb/v6-m/nofp/libg.a(libc_a-malloc.o)
                              CMakeFiles/threads.dir/home/shem/.pico-sdk/sdk/2.0.0/src/rp2_common/pico_malloc/malloc.c.obj (malloc)
/home/shem/.pico-sdk/toolchain/13_2_Rel1/bin/../lib/gcc/arm-none-eabi/13.2.1/../../../../arm-none-eabi/lib/thumb/v6-m/nofp/libg.a(libc_a-mallocr.o)
                              /home/shem/.pico-sdk/toolchain/13_2_Rel1/bin/../lib/gcc/arm-none-eabi/13.2.1/../../../../arm-none-eabi/lib/thumb/v6-m/nofp/libg.a(libc_a-malloc.o) (_malloc_r)
/home/shem/.pico-sdk/toolchain/13_2_Rel1/bin/../lib/gcc/arm-none-eabi/13.2.1/../../../../arm-none-eabi/lib/thumb/v6-m/nofp/libg.a(libc_a-memcmp.o)
                              CMakeFiles/threads.dir/home/shem/.pico-sdk/sdk/2.0.0/src/rp2_common/pico_atomic/atomic.c.obj (memcmp)
/home/shem/.pico-sdk/toolchain/13_2_Rel1/bin/../lib/gcc/arm-none-eabi/13.2.1/../../../../arm-none-eabi/lib/thumb/v6-m/nofp/libg.a(libc_a-memmove.o)
                              CMakeFiles/threads.dir/home/shem/.pico-sdk/sdk/2.0.0/lib/cyw43-driver/src/cyw43_ll.c.obj (memmove)
/home/shem/.pico-sdk/toolchain/13_2_Rel1/bin/../lib/gcc/arm-none-eabi/13.2.1/../../../../arm-none-eabi/lib/thumb/v6-m/nofp/libg.a(libc_a-tzset.o)
                              /home/shem/.pico-sdk/toolchain/13_2_Rel1/bin/../lib/gcc/arm-none-eabi/13.2.1/../../../../arm-none-eabi/lib/thumb/v6-m/nofp/libg.a(libc_a-lcltime_r.o) (_tzset_unlocked)
/home/shem/.pico-sdk/toolchain/13_2_Rel1/bin/../lib/gcc/arm-none-eabi/13.2.1/../../../../arm-none-eabi/lib/thumb/v6-m/nofp/libg.a(libc_a-tzset_r.o)
                              /home/shem/.pico-sdk/toolchain/13_2_Rel1/bin/../lib/gcc/arm-none-eabi/13.2.1/../../../../arm-none-eabi/lib/thumb/v6-m/nofp/libg.a(libc_a-tzset.o) (_tzset_unlocked_r)
/home/shem/.pico-sdk/toolchain/13_2_Rel1/bin/../lib/gcc/arm-none-eabi/13.2.1/../../../../arm-none-eabi/lib/thumb/v6-m/nofp/libg.a(libc_a-init.o)
                              /home/shem/.pico-sdk/toolchain/13_2_Rel1/bin/../lib/gcc/arm-none-eabi/13.2.1/../../../../arm-none-eabi/lib/thumb/v6-m/nofp/crt0.o (__libc_init_array)
/home/shem/.pico-sdk/toolchain/13_2_Rel1/bin/../lib/gcc/arm-none-eabi/13.2.1/../../../../arm-none-eabi/lib/thumb/v6-m/nofp/libg.a(libc_a-tzvars.o)
                              /home/shem/.pico-sdk/toolchain/13_2_Rel1/bin/../lib/gcc/arm-none-eabi/13.2.1/../../../../arm-none-eabi/lib/thumb/v6-m/nofp/libg.a(libc_a-tzset_r.o) (_timezone)
/home/shem/.pico-sdk/toolchain/13_2_Rel1/bin/../lib/gcc/arm-none-eabi/13.2.1/../../../../arm-none-eabi/lib/thumb/v6-m/nofp/libg.a(libc_a-lock.o)
[...]
Memory Configuration

Name             Origin             Length             Attributes
FLASH            0x10000000         0x00200000         xr
RAM              0x20000000         0x00040000         xrw
SCRATCH_X        0x20040000         0x00001000         xrw
SCRATCH_Y        0x20041000         0x00001000         xrw
*default*        0x00000000         0xffffffff

Linker script and memory map

LOAD /home/shem/.pico-sdk/toolchain/13_2_Rel1/bin/../lib/gcc/arm-none-eabi/13.2.1/thumb/v6-m/nofp/crti.o
LOAD /home/shem/.pico-sdk/toolchain/13_2_Rel1/bin/../lib/gcc/arm-none-eabi/13.2.1/thumb/v6-m/nofp/crtbegin.o
LOAD /home/shem/.pico-sdk/toolchain/13_2_Rel1/bin/../lib/gcc/arm-none-eabi/13.2.1/../../../../arm-none-eabi/lib/thumb/v6-m/nofp/crt0.o

.flash_begin    0x10000000        0x0
                0x10000000                        __flash_binary_start = .

.boot2          0x10000000      0x100
                0x10000000                        __boot2_start__ = .
 *(.boot2)
 .boot2         0x10000000      0x100 /tmp/ccKekF8E.o
                0x10000100                        __boot2_end__ = .
                0x00000001                        ASSERT (((__boot2_end__ - __boot2_start__) == 0x100), ERROR: Pico second stage bootloader must be 256 bytes in size)

.text           0x10000100     0xb4f8
                0x10000100                        __logical_binary_start = .
 *(.vectors)
 .vectors       0x10000100       0xd4 CMakeFiles/threads.dir/home/shem/.pico-sdk/sdk/2.0.0/src/rp2_common/pico_crt0/crt0.S.obj
                0x10000100                __vectors
                0x10000100                __VECTOR_TABLE
                0x100001c0                isr_invalid
                0x100001c0                __default_isrs_start
                0x100001c2                isr_nmi
                0x100001c4                isr_hardfault
                0x100001c6                isr_svcall
                0x100001c8                isr_pendsv
                0x100001ca                isr_systick
                0x100001cc                isr_irq30
                0x100001cc                __unhandled_user_irq
                0x100001cc                isr_irq13
                0x100001cc                isr_irq27
                0x100001cc                isr_irq31
                0x100001cc                isr_irq5
                0x100001cc                isr_irq11
                0x100001cc                isr_irq23
                0x100001cc                isr_irq18
                0x100001cc                isr_irq28
                0x100001cc                isr_irq19
                0x100001cc                isr_irq0
                0x100001cc                isr_irq6
                0x100001cc                isr_irq22
                0x100001cc                isr_irq17
                0x100001cc                isr_irq14
                0x100001cc                isr_irq2
                0x100001cc                isr_irq10
                0x100001cc                isr_irq8
                0x100001cc                isr_irq24
                0x100001cc                isr_irq1
                0x100001cc                isr_irq7
                0x100001cc                isr_irq21
                0x100001cc                isr_irq20
                0x100001cc                isr_irq15
                0x100001cc                isr_irq25
                0x100001cc                isr_irq4
                0x100001cc                isr_irq16
                0x100001cc                isr_irq29
                0x100001cc                isr_irq26
                0x100001cc                __default_isrs_end
                0x100001cc                isr_irq3
                0x100001cc                isr_irq12
                0x100001cc                isr_irq9
                0x100001d2                unhandled_user_irq_num_in_r0
 *(.binary_info_header)
 .binary_info_header
                0x100001d4       0x14 CMakeFiles/threads.dir/home/shem/.pico-sdk/sdk/2.0.0/src/rp2_common/pico_crt0/crt0.S.obj
                0x100001e8                        __binary_info_header_end = .
 *(.embedded_block)
                0x100001e8                        __embedded_block_end = .
 *(.reset)
 .reset         0x100001e8       0x9c CMakeFiles/threads.dir/home/shem/.pico-sdk/sdk/2.0.0/src/rp2_common/pico_crt0/crt0.S.obj
                0x100001e8                _entry_point
 *(.init)
 .init          0x10000284        0x4 /home/shem/.pico-sdk/toolchain/13_2_Rel1/bin/../lib/gcc/arm-none-eabi/13.2.1/thumb/v6-m/nofp/crti.o
                0x10000284                _init
 *(EXCLUDE_FILE(*libm.a: *libc.a:*lib_a-mem*.o *libgcc.a:) .text*)
 .text.register_tm_clones
                0x10000288       0x28 /home/shem/.pico-sdk/toolchain/13_2_Rel1/bin/../lib/gcc/arm-none-eabi/13.2.1/thumb/v6-m/nofp/crtbegin.o
 .text.frame_dummy
                0x100002b0       0x24 /home/shem/.pico-sdk/toolchain/13_2_Rel1/bin/../lib/gcc/arm-none-eabi/13.2.1/thumb/v6-m/nofp/crtbegin.o
 .text.side_thread
                0x100002d4       0x4c CMakeFiles/threads.dir/threads.c.obj
                0x100002d4                side_thread
 .text.main_thread
                0x10000320       0x6c CMakeFiles/threads.dir/threads.c.obj
                0x10000320                main_thread
 .text.startup.main
                0x1000038c       0x7c CMakeFiles/threads.dir/threads.c.obj
                0x1000038c                main
 .text.gpio_set_function
                0x10000408       0x34 CMakeFiles/threads.dir/home/shem/.pico-sdk/sdk/2.0.0/src/rp2_common/hardware_gpio/gpio.c.obj
                0x10000408                gpio_set_function
 .text.gpio_set_pulls
                0x1000043c       0x28 CMakeFiles/threads.dir/home/shem/.pico-sdk/sdk/2.0.0/src/rp2_common/hardware_gpio/gpio.c.obj
                0x1000043c                gpio_set_pulls
 .text.gpio_set_input_hysteresis_enabled
                0x10000464       0x28 CMakeFiles/threads.dir/home/shem/.pico-sdk/sdk/2.0.0/src/rp2_common/hardware_gpio/gpio.c.obj
                0x10000464                gpio_set_input_hysteresis_enabled
 .text.gpio_set_irq_enabled
                0x1000048c       0x58 CMakeFiles/threads.dir/home/shem/.pico-sdk/sdk/2.0.0/src/rp2_common/hardware_gpio/gpio.c.obj
                0x1000048c                gpio_set_irq_enabled
 .text.gpio_add_raw_irq_handler_with_order_priority_masked
                0x100004e4       0x44 CMakeFiles/threads.dir/home/shem/.pico-sdk/sdk/2.0.0/src/rp2_common/hardware_gpio/gpio.c.obj
                0x100004e4                gpio_add_raw_irq_handler_with_order_priority_masked
 .text.gpio_remove_raw_irq_handler_masked
                0x10000528       0x20 CMakeFiles/threads.dir/home/shem/.pico-sdk/sdk/2.0.0/src/rp2_common/hardware_gpio/gpio.c.obj
                0x10000528                gpio_remove_raw_irq_handler_masked
 .text.gpio_init
                0x10000548       0x40 CMakeFiles/threads.dir/home/shem/.pico-sdk/sdk/2.0.0/src/rp2_common/hardware_gpio/gpio.c.obj
                0x10000548                gpio_init
 .text.panic    0x10000588       0x30 CMakeFiles/threads.dir/home/shem/.pico-sdk/sdk/2.0.0/src/rp2_common/pico_platform_panic/panic.c.obj
                0x10000588                panic
 .text.panic_unsupported
                0x100005b8        0xc CMakeFiles/threads.dir/home/shem/.pico-sdk/sdk/2.0.0/src/rp2_common/pico_platform_panic/panic.c.obj
                0x100005b8                panic_unsupported
 .text.hw_claim_lock
                0x100005c4       0x18 CMakeFiles/threads.dir/home/shem/.pico-sdk/sdk/2.0.0/src/common/hardware_claim/claim.c.obj
                0x100005c4                hw_claim_lock
 .text.hw_claim_unlock
                0x100005dc       0x14 CMakeFiles/threads.dir/home/shem/.pico-sdk/sdk/2.0.0/src/common/hardware_claim/claim.c.obj
                0x100005dc                hw_claim_unlock
 .text.hw_claim_or_assert
                0x100005f0       0x44 CMakeFiles/threads.dir/home/shem/.pico-sdk/sdk/2.0.0/src/common/hardware_claim/claim.c.obj
                0x100005f0                hw_claim_or_assert
 .text.hw_claim_unused_from_range
                0x10000634       0x9c CMakeFiles/threads.dir/home/shem/.pico-sdk/sdk/2.0.0/src/common/hardware_claim/claim.c.obj
                0x10000634                hw_claim_unused_from_range
 .text.hw_claim_clear
                0x100006d0       0x38 CMakeFiles/threads.dir/home/shem/.pico-sdk/sdk/2.0.0/src/common/hardware_claim/claim.c.obj
                0x100006d0                hw_claim_clear
 .text.next_striped_spin_lock_num
                0x10000708       0x18 CMakeFiles/threads.dir/home/shem/.pico-sdk/sdk/2.0.0/src/rp2_common/hardware_sync/sync.c.obj
                0x10000708                next_striped_spin_lock_num
 .text.spin_locks_reset
                0x10000720       0x1c CMakeFiles/threads.dir/home/shem/.pico-sdk/sdk/2.0.0/src/rp2_common/hardware_sync_spin_lock/sync_spin_lock.c.obj
                0x10000720                spin_locks_reset
 .text.runtime_init_per_core_irq_priorities
                0x1000073c       0x24 CMakeFiles/threads.dir/home/shem/.pico-sdk/sdk/2.0.0/src/rp2_common/hardware_irq/irq.c.obj
                0x1000073c                runtime_init_per_core_irq_priorities
 .text.irq_set_enabled
                0x10000760       0x24 CMakeFiles/threads.dir/home/shem/.pico-sdk/sdk/2.0.0/src/rp2_common/hardware_irq/irq.c.obj
                0x10000760                irq_set_enabled
 .text.irq_set_pending
                0x10000784       0x10 CMakeFiles/threads.dir/home/shem/.pico-sdk/sdk/2.0.0/src/rp2_common/hardware_irq/irq.c.obj
                0x10000784                irq_set_pending
 .text.irq_set_exclusive_handler
                0x10000794       0x54 CMakeFiles/threads.dir/home/shem/.pico-sdk/sdk/2.0.0/src/rp2_common/hardware_irq/irq.c.obj
                0x10000794                irq_set_exclusive_handler
 .text.irq_add_shared_handler
                0x100007e8      0x1f4 CMakeFiles/threads.dir/home/shem/.pico-sdk/sdk/2.0.0/src/rp2_common/hardware_irq/irq.c.obj
                0x100007e8                irq_add_shared_handler
 .text.irq_remove_handler
                0x100009dc      0x1d4 CMakeFiles/threads.dir/home/shem/.pico-sdk/sdk/2.0.0/src/rp2_common/hardware_irq/irq.c.obj
                0x100009dc                irq_remove_handler
 .text.irq_set_priority
                0x10000bb0       0x28 CMakeFiles/threads.dir/home/shem/.pico-sdk/sdk/2.0.0/src/rp2_common/hardware_irq/irq.c.obj
                0x10000bb0                irq_set_priority
 .text.irq_add_tail_to_free_list
                0x10000bd8       0xb4 CMakeFiles/threads.dir/home/shem/.pico-sdk/sdk/2.0.0/src/rp2_common/hardware_irq/irq.c.obj
                0x10000bd8                irq_add_tail_to_free_list
 .text.user_irq_unclaim
                0x10000c8c       0x14 CMakeFiles/threads.dir/home/shem/.pico-sdk/sdk/2.0.0/src/rp2_common/hardware_irq/irq.c.obj
                0x10000c8c                user_irq_unclaim
 .text.user_irq_claim_unused
                0x10000ca0       0x2c CMakeFiles/threads.dir/home/shem/.pico-sdk/sdk/2.0.0/src/rp2_common/hardware_irq/irq.c.obj
                0x10000ca0                user_irq_claim_unused
 .text.sem_init
                0x10000ccc       0x20 CMakeFiles/threads.dir/home/shem/.pico-sdk/sdk/2.0.0/src/common/pico_sync/sem.c.obj
                0x10000ccc                sem_init
 .text.lock_init
                0x10000cec       0x10 CMakeFiles/threads.dir/home/shem/.pico-sdk/sdk/2.0.0/src/common/pico_sync/lock_core.c.obj
                0x10000cec                lock_init
 .text.runtime_init_mutex
                0x10000cfc       0x54 CMakeFiles/threads.dir/home/shem/.pico-sdk/sdk/2.0.0/src/common/pico_sync/mutex.c.obj
                0x10000cfc                runtime_init_mutex
 .text.recursive_mutex_init
                0x10000d50       0x20 CMakeFiles/threads.dir/home/shem/.pico-sdk/sdk/2.0.0/src/common/pico_sync/mutex.c.obj
                0x10000d50                recursive_mutex_init
 .text.alarm_pool_irq_handler
                0x10000d70      0x2e4 CMakeFiles/threads.dir/home/shem/.pico-sdk/sdk/2.0.0/src/common/pico_time/time.c.obj
 .text.sleep_until_callback
                0x10001054       0x24 CMakeFiles/threads.dir/home/shem/.pico-sdk/sdk/2.0.0/src/common/pico_time/time.c.obj
 .text.runtime_init_default_alarm_pool
                0x10001078       0xdc CMakeFiles/threads.dir/home/shem/.pico-sdk/sdk/2.0.0/src/common/pico_time/time.c.obj
                0x10001078                runtime_init_default_alarm_pool
 .text.alarm_pool_get_default
                0x10001154        0x8 CMakeFiles/threads.dir/home/shem/.pico-sdk/sdk/2.0.0/src/common/pico_time/time.c.obj
                0x10001154                alarm_pool_get_default
 .text.alarm_pool_create_on_timer_with_unused_hardware_alarm
                0x1000115c       0xa8 CMakeFiles/threads.dir/home/shem/.pico-sdk/sdk/2.0.0/src/common/pico_time/time.c.obj
                0x1000115c                alarm_pool_create_on_timer_with_unused_hardware_alarm
 .text.alarm_pool_destroy
                0x10001204       0x58 CMakeFiles/threads.dir/home/shem/.pico-sdk/sdk/2.0.0/src/common/pico_time/time.c.obj
                0x10001204                alarm_pool_destroy
 .text.alarm_pool_add_alarm_at
                0x1000125c       0xd4 CMakeFiles/threads.dir/home/shem/.pico-sdk/sdk/2.0.0/src/common/pico_time/time.c.obj
                0x1000125c                alarm_pool_add_alarm_at
 .text.alarm_pool_add_alarm_at_force_in_context
                0x10001330       0xb0 CMakeFiles/threads.dir/home/shem/.pico-sdk/sdk/2.0.0/src/common/pico_time/time.c.obj
                0x10001330                alarm_pool_add_alarm_at_force_in_context
 .text.alarm_pool_cancel_alarm
                0x100013e0       0x74 CMakeFiles/threads.dir/home/shem/.pico-sdk/sdk/2.0.0/src/common/pico_time/time.c.obj
                0x100013e0                alarm_pool_cancel_alarm
 .text.alarm_pool_core_num
                0x10001454        0x4 CMakeFiles/threads.dir/home/shem/.pico-sdk/sdk/2.0.0/src/common/pico_time/time.c.obj
                0x10001454                alarm_pool_core_num
 .text.sleep_until
                0x10001458       0xcc CMakeFiles/threads.dir/home/shem/.pico-sdk/sdk/2.0.0/src/common/pico_time/time.c.obj
                0x10001458                sleep_until
 .text.sleep_ms
                0x10001524       0x38 CMakeFiles/threads.dir/home/shem/.pico-sdk/sdk/2.0.0/src/common/pico_time/time.c.obj
                0x10001524                sleep_ms
 .text.best_effort_wfe_or_timeout
                0x1000155c      0x134 CMakeFiles/threads.dir/home/shem/.pico-sdk/sdk/2.0.0/src/common/pico_time/time.c.obj
                0x1000155c                best_effort_wfe_or_timeout
 .text.alarm_pool_get_default_timer
                0x10001690        0x8 CMakeFiles/threads.dir/home/shem/.pico-sdk/sdk/2.0.0/src/common/pico_time/time.c.obj
                0x10001690                alarm_pool_get_default_timer
 .text.timer_hardware_alarm_claim
                0x10001698       0x14 CMakeFiles/threads.dir/home/shem/.pico-sdk/sdk/2.0.0/src/rp2_common/hardware_timer/timer.c.obj
                0x10001698                timer_hardware_alarm_claim
 .text.hardware_alarm_unclaim
                0x100016ac       0x14 CMakeFiles/threads.dir/home/shem/.pico-sdk/sdk/2.0.0/src/rp2_common/hardware_timer/timer.c.obj
                0x100016ac                hardware_alarm_unclaim
 .text.timer_hardware_alarm_claim_unused
                0x100016c0       0x20 CMakeFiles/threads.dir/home/shem/.pico-sdk/sdk/2.0.0/src/rp2_common/hardware_timer/timer.c.obj
                0x100016c0                timer_hardware_alarm_claim_unused
 .text.timer_time_us_64
                0x100016e0       0x10 CMakeFiles/threads.dir/home/shem/.pico-sdk/sdk/2.0.0/src/rp2_common/hardware_timer/timer.c.obj
                0x100016e0                timer_time_us_64
 .text.time_us_64
                0x100016f0       0x14 CMakeFiles/threads.dir/home/shem/.pico-sdk/sdk/2.0.0/src/rp2_common/hardware_timer/timer.c.obj
                0x100016f0                time_us_64
 .text.busy_wait_us
                0x10001704       0x68 CMakeFiles/threads.dir/home/shem/.pico-sdk/sdk/2.0.0/src/rp2_common/hardware_timer/timer.c.obj
                0x10001704                busy_wait_us
 .text.busy_wait_until
                0x1000176c       0x20 CMakeFiles/threads.dir/home/shem/.pico-sdk/sdk/2.0.0/src/rp2_common/hardware_timer/timer.c.obj
                0x1000176c                busy_wait_until
 .text.uart_init
                0x1000178c      0x120 CMakeFiles/threads.dir/home/shem/.pico-sdk/sdk/2.0.0/src/rp2_common/hardware_uart/uart.c.obj
                0x1000178c                uart_init
 .text.clock_configure_int_divider
                0x100018ac       0xf4 CMakeFiles/threads.dir/home/shem/.pico-sdk/sdk/2.0.0/src/rp2_common/hardware_clocks/clocks.c.obj
                0x100018ac                clock_configure_int_divider
 .text.clock_configure_undivided
                0x100019a0       0xe8 CMakeFiles/threads.dir/home/shem/.pico-sdk/sdk/2.0.0/src/rp2_common/hardware_clocks/clocks.c.obj
                0x100019a0                clock_configure_undivided
 .text.clock_get_hz
                0x10001a88        0xc CMakeFiles/threads.dir/home/shem/.pico-sdk/sdk/2.0.0/src/rp2_common/hardware_clocks/clocks.c.obj
                0x10001a88                clock_get_hz
 .text.pll_init
                0x10001a94       0xa4 CMakeFiles/threads.dir/home/shem/.pico-sdk/sdk/2.0.0/src/rp2_common/hardware_pll/pll.c.obj
                0x10001a94                pll_init
 .text.tick_start
                0x10001b38       0x10 CMakeFiles/threads.dir/home/shem/.pico-sdk/sdk/2.0.0/src/rp2_common/hardware_ticks/ticks.c.obj
                0x10001b38                tick_start
 .text.xosc_init
                0x10001b48       0x28 CMakeFiles/threads.dir/home/shem/.pico-sdk/sdk/2.0.0/src/rp2_common/hardware_xosc/xosc.c.obj
                0x10001b48                xosc_init
 .text.first_per_core_initializer
                0x10001b70        0x4 CMakeFiles/threads.dir/home/shem/.pico-sdk/sdk/2.0.0/src/rp2_common/pico_runtime/runtime.c.obj
 .text.hard_assertion_failure
                0x10001b74        0xc CMakeFiles/threads.dir/home/shem/.pico-sdk/sdk/2.0.0/src/rp2_common/pico_runtime/runtime.c.obj
                0x10001b74                hard_assertion_failure
 .text.runtime_run_initializers
                0x10001b80       0x28 CMakeFiles/threads.dir/home/shem/.pico-sdk/sdk/2.0.0/src/rp2_common/pico_runtime/runtime.c.obj
                0x10001b80                runtime_run_initializers
 .text.runtime_init_early_resets
                0x10001ba8       0x2c CMakeFiles/threads.dir/home/shem/.pico-sdk/sdk/2.0.0/src/rp2_common/pico_runtime_init/runtime_init.c.obj
                0x10001ba8                runtime_init_early_resets
 .text.runtime_init_usb_power_down
                0x10001bd4       0x1c CMakeFiles/threads.dir/home/shem/.pico-sdk/sdk/2.0.0/src/rp2_common/pico_runtime_init/runtime_init.c.obj
                0x10001bd4                runtime_init_usb_power_down
 .text.runtime_init_post_clock_resets
                0x10001bf0       0x20 CMakeFiles/threads.dir/home/shem/.pico-sdk/sdk/2.0.0/src/rp2_common/pico_runtime_init/runtime_init.c.obj
                0x10001bf0                runtime_init_post_clock_resets
 .text.runtime_init_rp2040_gpio_ie_disable
                0x10001c10       0x14 CMakeFiles/threads.dir/home/shem/.pico-sdk/sdk/2.0.0/src/rp2_common/pico_runtime_init/runtime_init.c.obj
                0x10001c10                runtime_init_rp2040_gpio_ie_disable
 .text.runtime_init_spin_locks_reset
                0x10001c24        0x8 CMakeFiles/threads.dir/home/shem/.pico-sdk/sdk/2.0.0/src/rp2_common/pico_runtime_init/runtime_init.c.obj
                0x10001c24                runtime_init_spin_locks_reset
 .text.runtime_init_install_ram_vector_table
                0x10001c2c       0x1c CMakeFiles/threads.dir/home/shem/.pico-sdk/sdk/2.0.0/src/rp2_common/pico_runtime_init/runtime_init.c.obj
                0x10001c2c                runtime_init_install_ram_vector_table
 .text.runtime_init_clocks
                0x10001c48       0xd8 CMakeFiles/threads.dir/home/shem/.pico-sdk/sdk/2.0.0/src/rp2_common/pico_runtime_init/runtime_init_clocks.c.obj
                0x10001c48                runtime_init_clocks
 .text          0x10001d20       0x10 CMakeFiles/threads.dir/home/shem/.pico-sdk/sdk/2.0.0/src/rp2_common/pico_bit_ops/bit_ops_aeabi.S.obj
 .text.ctzsi    0x10001d30        0xc CMakeFiles/threads.dir/home/shem/.pico-sdk/sdk/2.0.0/src/rp2_common/pico_bit_ops/bit_ops_aeabi.S.obj
                0x10001d30                __wrap___ctzsi2
 .text.rom_func_lookup
                0x10001d3c       0x10 CMakeFiles/threads.dir/home/shem/.pico-sdk/sdk/2.0.0/src/rp2_common/pico_bootrom/bootrom.c.obj
                0x10001d3c                rom_func_lookup
 .text.rom_data_lookup
                0x10001d4c       0x10 CMakeFiles/threads.dir/home/shem/.pico-sdk/sdk/2.0.0/src/rp2_common/pico_bootrom/bootrom.c.obj
                0x10001d4c                rom_data_lookup
 .text.rom_funcs_lookup
                0x10001d5c       0x44 CMakeFiles/threads.dir/home/shem/.pico-sdk/sdk/2.0.0/src/rp2_common/pico_bootrom/bootrom.c.obj
                0x10001d5c                rom_funcs_lookup
 .text.rom_reset_usb_boot
                0x10001da0       0x20 CMakeFiles/threads.dir/home/shem/.pico-sdk/sdk/2.0.0/src/rp2_common/pico_bootrom/bootrom.c.obj
                0x10001da0                rom_reset_usb_boot
 .text.__wrap___aeabi_idiv
                0x10001dc0       0x50 CMakeFiles/threads.dir/home/shem/.pico-sdk/sdk/2.0.0/src/rp2_common/pico_divider/divider_hardware.S.obj
                0x10001dc0                __wrap___aeabi_idivmod
                0x10001dc0                divmod_s32s32
                0x10001dc0                div_s32s32
                0x10001dc0                __wrap___aeabi_idiv
                0x10001dc8                divmod_s32s32_unsafe
                0x10001df4                divmod_s32s32_savestate
 .text.__wrap___aeabi_uidiv
                0x10001e10       0x4c CMakeFiles/threads.dir/home/shem/.pico-sdk/sdk/2.0.0/src/rp2_common/pico_divider/divider_hardware.S.obj
                0x10001e10                __wrap___aeabi_uidiv
                0x10001e10                __wrap___aeabi_uidivmod
                0x10001e10                div_u32u32
                0x10001e10                divmod_u32u32
                0x10001e18                divmod_u32u32_unsafe
                0x10001e40                divmod_u32u32_savestate
 .text.__wrap___aeabi_ldiv
                0x10001e5c      0x424 CMakeFiles/threads.dir/home/shem/.pico-sdk/sdk/2.0.0/src/rp2_common/pico_divider/divider_hardware.S.obj
                0x10001e5c                div_s64s64
                0x10001e5c                divmod_s64s64
                0x10001e5c                __wrap___aeabi_ldivmod
                0x10001e8c                div_u64u64
                0x10001e8c                divmod_u64u64
                0x10001e8c                __wrap___aeabi_uldivmod
                0x10001e9c                divmod_u64u64_savestate
                0x10001ebc                divmod_s64s64_unsafe
                0x10001f44                divmod_u64u64_unsafe
 .text.__wrap___aeabi_darithmetic
                0x10002280       0x60 CMakeFiles/threads.dir/home/shem/.pico-sdk/sdk/2.0.0/src/rp2_common/pico_double/double_aeabi_rp2040.S.obj
                0x10002280                __wrap___aeabi_drsub
                0x10002286                __wrap___aeabi_dsub
                0x10002290                __wrap___aeabi_dadd
                0x1000229a                __wrap___aeabi_ddiv
                0x100022ce                __wrap___aeabi_dmul
 .text.__wrap___aeabi_cdcmple
                0x100022e0       0x6c CMakeFiles/threads.dir/home/shem/.pico-sdk/sdk/2.0.0/src/rp2_common/pico_double/double_aeabi_rp2040.S.obj
                0x100022e0                __wrap___aeabi_cdrcmple
                0x100022f0                __wrap___aeabi_cdcmple
                0x100022f0                __wrap___aeabi_cdcmpeq
 .text.__wrap___aeabi_dcmplt
                0x1000234c        0xc CMakeFiles/threads.dir/home/shem/.pico-sdk/sdk/2.0.0/src/rp2_common/pico_double/double_aeabi_rp2040.S.obj
                0x1000234c                __wrap___aeabi_dcmplt
 .text.__wrap___aeabi_dcmpge
                0x10002358       0x10 CMakeFiles/threads.dir/home/shem/.pico-sdk/sdk/2.0.0/src/rp2_common/pico_double/double_aeabi_rp2040.S.obj
                0x10002358                __wrap___aeabi_dcmpge
 .text.__wrap___aeabi_dcmpgt
                0x10002368        0xa CMakeFiles/threads.dir/home/shem/.pico-sdk/sdk/2.0.0/src/rp2_common/pico_double/double_aeabi_rp2040.S.obj
                0x10002368                __wrap___aeabi_dcmpgt
 .text.__wrap___aeabi_dcmpun
                0x10002372       0x18 CMakeFiles/threads.dir/home/shem/.pico-sdk/sdk/2.0.0/src/rp2_common/pico_double/double_aeabi_rp2040.S.obj
                0x10002372                __wrap___aeabi_dcmpun
 *fill*         0x1000238a        0x2 
 .text.__wrap___aeabi_i2d
                0x1000238c       0x38 CMakeFiles/threads.dir/home/shem/.pico-sdk/sdk/2.0.0/src/rp2_common/pico_double/double_aeabi_rp2040.S.obj
                0x1000238c                __wrap___aeabi_ui2d
                0x10002394                __wrap___aeabi_i2d
 .text.__wrap___aeabi_d2iz
                0x100023c4       0x48 CMakeFiles/threads.dir/home/shem/.pico-sdk/sdk/2.0.0/src/rp2_common/pico_double/double_aeabi_rp2040.S.obj
                0x100023c4                __wrap___aeabi_d2iz
                0x100023c4                double2int_z
 .text.__wrap___aeabi_d2uiz
                0x1000240c       0x10 CMakeFiles/threads.dir/home/shem/.pico-sdk/sdk/2.0.0/src/rp2_common/pico_double/double_aeabi_rp2040.S.obj
                0x1000240c                double2uint
                0x1000240c                __wrap___aeabi_d2uiz
 .text.missing_double_func_shim
                0x1000241c        0xc CMakeFiles/threads.dir/home/shem/.pico-sdk/sdk/2.0.0/src/rp2_common/pico_double/double_init_rom_rp2040.c.obj
 .text.__aeabi_double_init
                0x10002428       0xa0 CMakeFiles/threads.dir/home/shem/.pico-sdk/sdk/2.0.0/src/rp2_common/pico_double/double_init_rom_rp2040.c.obj
                0x10002428                __aeabi_double_init
 .text.double_table_shim_on_use_helper
                0x100024c8       0x2c CMakeFiles/threads.dir/home/shem/.pico-sdk/sdk/2.0.0/src/rp2_common/pico_double/double_v1_rom_shim_rp2040.S.obj
                0x100024c8                double_table_shim_on_use_helper
 .text.__aeabi_lmul
                0x100024f4       0x32 CMakeFiles/threads.dir/home/shem/.pico-sdk/sdk/2.0.0/src/rp2_common/pico_int64_ops/pico_int64_ops_aeabi.S.obj
                0x100024f4                __wrap___aeabi_lmul
 *fill*         0x10002526        0x2 
 .text.missing_float_func_shim
                0x10002528        0xc CMakeFiles/threads.dir/home/shem/.pico-sdk/sdk/2.0.0/src/rp2_common/pico_float/float_init_rom_rp2040.c.obj
 .text.__aeabi_float_init
                0x10002534       0x5c CMakeFiles/threads.dir/home/shem/.pico-sdk/sdk/2.0.0/src/rp2_common/pico_float/float_init_rom_rp2040.c.obj
                0x10002534                __aeabi_float_init
 .text.__wrap_malloc
                0x10002590       0x3c CMakeFiles/threads.dir/home/shem/.pico-sdk/sdk/2.0.0/src/rp2_common/pico_malloc/malloc.c.obj
                0x10002590                __wrap_malloc
 .text.__wrap_calloc
                0x100025cc       0x44 CMakeFiles/threads.dir/home/shem/.pico-sdk/sdk/2.0.0/src/rp2_common/pico_malloc/malloc.c.obj
                0x100025cc                __wrap_calloc
 .text.__wrap_free
                0x10002610       0x20 CMakeFiles/threads.dir/home/shem/.pico-sdk/sdk/2.0.0/src/rp2_common/pico_malloc/malloc.c.obj
                0x10002610                __wrap_free
 .text          0x10002630       0x10 CMakeFiles/threads.dir/home/shem/.pico-sdk/sdk/2.0.0/src/rp2_common/pico_mem_ops/mem_ops_aeabi.S.obj
                0x10002630                __aeabi_mem_init
 .text.memset   0x10002640        0xc CMakeFiles/threads.dir/home/shem/.pico-sdk/sdk/2.0.0/src/rp2_common/pico_mem_ops/mem_ops_aeabi.S.obj
                0x10002640                __wrap_memset
 .text.memcpy   0x1000264c        0xc CMakeFiles/threads.dir/home/shem/.pico-sdk/sdk/2.0.0/src/rp2_common/pico_mem_ops/mem_ops_aeabi.S.obj
                0x1000264c                __wrap___aeabi_memcpy
                0x1000264c                __wrap_memcpy
 .text._out_null
                0x10002658        0x4 CMakeFiles/threads.dir/home/shem/.pico-sdk/sdk/2.0.0/src/rp2_common/pico_printf/printf.c.obj
 .text._out_rev
                0x1000265c       0xac CMakeFiles/threads.dir/home/shem/.pico-sdk/sdk/2.0.0/src/rp2_common/pico_printf/printf.c.obj
 .text._ntoa_format
                0x10002708      0x250 CMakeFiles/threads.dir/home/shem/.pico-sdk/sdk/2.0.0/src/rp2_common/pico_printf/printf.c.obj
 .text._out_char
                0x10002958       0x10 CMakeFiles/threads.dir/home/shem/.pico-sdk/sdk/2.0.0/src/rp2_common/pico_printf/printf.c.obj
 .text._out_fct
                0x10002968       0x10 CMakeFiles/threads.dir/home/shem/.pico-sdk/sdk/2.0.0/src/rp2_common/pico_printf/printf.c.obj
 .text._etoa    0x10002978      0x464 CMakeFiles/threads.dir/home/shem/.pico-sdk/sdk/2.0.0/src/rp2_common/pico_printf/printf.c.obj
 .text._ftoa    0x10002ddc      0x3c0 CMakeFiles/threads.dir/home/shem/.pico-sdk/sdk/2.0.0/src/rp2_common/pico_printf/printf.c.obj
 .text._vsnprintf
                0x1000319c      0xbc8 CMakeFiles/threads.dir/home/shem/.pico-sdk/sdk/2.0.0/src/rp2_common/pico_printf/printf.c.obj
 .text.vfctprintf
                0x10003d64       0x20 CMakeFiles/threads.dir/home/shem/.pico-sdk/sdk/2.0.0/src/rp2_common/pico_printf/printf.c.obj
                0x10003d64                vfctprintf
 .text.weak_raw_vprintf
                0x10003d84       0x30 CMakeFiles/threads.dir/home/shem/.pico-sdk/sdk/2.0.0/src/rp2_common/pico_printf/printf.c.obj
                0x10003d84                weak_raw_vprintf
 .text._exit    0x10003db4        0xc CMakeFiles/threads.dir/home/shem/.pico-sdk/sdk/2.0.0/src/rp2_common/pico_clib_interface/newlib_interface.c.obj
                0x10003db4                _exit
 .text._sbrk    0x10003dc0       0x34 CMakeFiles/threads.dir/home/shem/.pico-sdk/sdk/2.0.0/src/rp2_common/pico_clib_interface/newlib_interface.c.obj
                0x10003dc0                _sbrk
 .text.exit     0x10003df4        0x8 CMakeFiles/threads.dir/home/shem/.pico-sdk/sdk/2.0.0/src/rp2_common/pico_clib_interface/newlib_interface.c.obj
                0x10003df4                exit
 .text.runtime_init
                0x10003dfc       0x2c CMakeFiles/threads.dir/home/shem/.pico-sdk/sdk/2.0.0/src/rp2_common/pico_clib_interface/newlib_interface.c.obj
                0x10003dfc                runtime_init
 .text.stdio_out_chars_no_crlf
                0x10003e28       0x10 CMakeFiles/threads.dir/home/shem/.pico-sdk/sdk/2.0.0/src/rp2_common/pico_stdio/stdio.c.obj
 .text.stdio_out_chars_crlf
                0x10003e38       0x94 CMakeFiles/threads.dir/home/shem/.pico-sdk/sdk/2.0.0/src/rp2_common/pico_stdio/stdio.c.obj
 .text.stdio_buffered_printer
                0x10003ecc       0x64 CMakeFiles/threads.dir/home/shem/.pico-sdk/sdk/2.0.0/src/rp2_common/pico_stdio/stdio.c.obj
 .text.stdio_put_string
                0x10003f30      0x100 CMakeFiles/threads.dir/home/shem/.pico-sdk/sdk/2.0.0/src/rp2_common/pico_stdio/stdio.c.obj
                0x10003f30                stdio_put_string
 .text.stdio_set_driver_enabled
                0x10004030       0x30 CMakeFiles/threads.dir/home/shem/.pico-sdk/sdk/2.0.0/src/rp2_common/pico_stdio/stdio.c.obj
                0x10004030                stdio_set_driver_enabled
 .text.stdio_init_all
                0x10004060        0xc CMakeFiles/threads.dir/home/shem/.pico-sdk/sdk/2.0.0/src/rp2_common/pico_stdio/stdio.c.obj
                0x10004060                stdio_init_all
 .text.__wrap_putchar
                0x1000406c       0x98 CMakeFiles/threads.dir/home/shem/.pico-sdk/sdk/2.0.0/src/rp2_common/pico_stdio/stdio.c.obj
                0x1000406c                stdio_putchar
                0x1000406c                __wrap_putchar
 .text.__wrap_puts
                0x10004104       0x3c CMakeFiles/threads.dir/home/shem/.pico-sdk/sdk/2.0.0/src/rp2_common/pico_stdio/stdio.c.obj
                0x10004104                __wrap_puts
                0x10004104                stdio_puts
 .text.__wrap_vprintf
                0x10004140       0xd4 CMakeFiles/threads.dir/home/shem/.pico-sdk/sdk/2.0.0/src/rp2_common/pico_stdio/stdio.c.obj
                0x10004140                __wrap_vprintf
                0x10004140                stdio_vprintf
 .text.__wrap_printf
                0x10004214       0x18 CMakeFiles/threads.dir/home/shem/.pico-sdk/sdk/2.0.0/src/rp2_common/pico_stdio/stdio.c.obj
                0x10004214                stdio_printf
                0x10004214                __wrap_printf
 .text.stdio_uart_out_chars
                0x1000422c       0x4c CMakeFiles/threads.dir/home/shem/.pico-sdk/sdk/2.0.0/src/rp2_common/pico_stdio_uart/stdio_uart.c.obj
 .text.stdio_uart_in_chars
                0x10004278       0x90 CMakeFiles/threads.dir/home/shem/.pico-sdk/sdk/2.0.0/src/rp2_common/pico_stdio_uart/stdio_uart.c.obj
                0x10004278                stdio_uart_in_chars
 .text.on_uart_rx
                0x10004308       0x28 CMakeFiles/threads.dir/home/shem/.pico-sdk/sdk/2.0.0/src/rp2_common/pico_stdio_uart/stdio_uart.c.obj
 .text.stdio_uart_out_flush
                0x10004330       0x10 CMakeFiles/threads.dir/home/shem/.pico-sdk/sdk/2.0.0/src/rp2_common/pico_stdio_uart/stdio_uart.c.obj
 .text.stdio_uart_set_chars_available_callback
                0x10004340       0x8c CMakeFiles/threads.dir/home/shem/.pico-sdk/sdk/2.0.0/src/rp2_common/pico_stdio_uart/stdio_uart.c.obj
 .text.stdio_uart_init
                0x100043cc       0x50 CMakeFiles/threads.dir/home/shem/.pico-sdk/sdk/2.0.0/src/rp2_common/pico_stdio_uart/stdio_uart.c.obj
                0x100043cc                stdio_uart_init
 .text.async_context_base_add_at_time_worker
                0x1000441c       0x24 CMakeFiles/threads.dir/home/shem/.pico-sdk/sdk/2.0.0/src/rp2_common/pico_async_context/async_context_base.c.obj
                0x1000441c                async_context_base_add_at_time_worker
 .text.async_context_base_remove_at_time_worker
                0x10004440       0x28 CMakeFiles/threads.dir/home/shem/.pico-sdk/sdk/2.0.0/src/rp2_common/pico_async_context/async_context_base.c.obj
                0x10004440                async_context_base_remove_at_time_worker
 .text.async_context_base_add_when_pending_worker
                0x10004468       0x24 CMakeFiles/threads.dir/home/shem/.pico-sdk/sdk/2.0.0/src/rp2_common/pico_async_context/async_context_base.c.obj
                0x10004468                async_context_base_add_when_pending_worker
 .text.async_context_base_remove_when_pending_worker
                0x1000448c       0x28 CMakeFiles/threads.dir/home/shem/.pico-sdk/sdk/2.0.0/src/rp2_common/pico_async_context/async_context_base.c.obj
                0x1000448c                async_context_base_remove_when_pending_worker
 .text.async_context_base_execute_once
                0x100044b4      0x108 CMakeFiles/threads.dir/home/shem/.pico-sdk/sdk/2.0.0/src/rp2_common/pico_async_context/async_context_base.c.obj
                0x100044b4                async_context_base_execute_once
 .text.async_context_base_needs_servicing
                0x100045bc       0x54 CMakeFiles/threads.dir/home/shem/.pico-sdk/sdk/2.0.0/src/rp2_common/pico_async_context/async_context_base.c.obj
                0x100045bc                async_context_base_needs_servicing
 .text.pvPortMalloc
                0x10004610      0x124 CMakeFiles/threads.dir/__/lib/freertos/portable/MemMang/heap_4.c.obj
                0x10004610                pvPortMalloc
 .text.vPortFree
                0x10004734       0x98 CMakeFiles/threads.dir/__/lib/freertos/portable/MemMang/heap_4.c.obj
                0x10004734                vPortFree
 .text.vPortSVCHandler
                0x100047cc        0x4 CMakeFiles/threads.dir/__/lib/freertos/portable/ThirdParty/GCC/RP2040/port.c.obj
                0x100047cc                vPortSVCHandler
 .text.vPortStartFirstTask
                0x100047d0       0x34 CMakeFiles/threads.dir/__/lib/freertos/portable/ThirdParty/GCC/RP2040/port.c.obj
 *fill*         0x10004804        0xc 
 .text.xPortPendSVHandler
                0x10004810       0x64 CMakeFiles/threads.dir/__/lib/freertos/portable/ThirdParty/GCC/RP2040/port.c.obj
                0x10004810                xPortPendSVHandler
 .text.prvFIFOInterruptHandler
                0x10004874       0x78 CMakeFiles/threads.dir/__/lib/freertos/portable/ThirdParty/GCC/RP2040/port.c.obj
 .text.prvTaskExitError
                0x100048ec        0x8 CMakeFiles/threads.dir/__/lib/freertos/portable/ThirdParty/GCC/RP2040/port.c.obj
 .text.pxPortInitialiseStack
                0x100048f4       0x20 CMakeFiles/threads.dir/__/lib/freertos/portable/ThirdParty/GCC/RP2040/port.c.obj
                0x100048f4                pxPortInitialiseStack
 .text.vPortYield
                0x10004914       0x18 CMakeFiles/threads.dir/__/lib/freertos/portable/ThirdParty/GCC/RP2040/port.c.obj
                0x10004914                vPortYield
 .text.vPortEnterCritical
                0x1000492c       0x18 CMakeFiles/threads.dir/__/lib/freertos/portable/ThirdParty/GCC/RP2040/port.c.obj
                0x1000492c                vPortEnterCritical
 .text.vPortExitCritical
                0x10004944       0x34 CMakeFiles/threads.dir/__/lib/freertos/portable/ThirdParty/GCC/RP2040/port.c.obj
                0x10004944                vPortExitCritical
 .text.ulSetInterruptMaskFromISR
                0x10004978        0x8 CMakeFiles/threads.dir/__/lib/freertos/portable/ThirdParty/GCC/RP2040/port.c.obj
                0x10004978                ulSetInterruptMaskFromISR
 .text.vClearInterruptMaskFromISR
                0x10004980        0x8 CMakeFiles/threads.dir/__/lib/freertos/portable/ThirdParty/GCC/RP2040/port.c.obj
                0x10004980                vClearInterruptMaskFromISR
 .text.xPortSysTickHandler
                0x10004988       0x24 CMakeFiles/threads.dir/__/lib/freertos/portable/ThirdParty/GCC/RP2040/port.c.obj
                0x10004988                xPortSysTickHandler
 .text.vPortSetupTimerInterrupt
                0x100049ac       0x34 CMakeFiles/threads.dir/__/lib/freertos/portable/ThirdParty/GCC/RP2040/port.c.obj
                0x100049ac                vPortSetupTimerInterrupt
 .text.xPortStartScheduler
                0x100049e0       0x9c CMakeFiles/threads.dir/__/lib/freertos/portable/ThirdParty/GCC/RP2040/port.c.obj
                0x100049e0                xPortStartScheduler
 .text.ulPortLockGetCurrentOwnerId
                0x10004a7c       0x2c CMakeFiles/threads.dir/__/lib/freertos/portable/ThirdParty/GCC/RP2040/port.c.obj
                0x10004a7c                ulPortLockGetCurrentOwnerId
 .text.vPortLockInternalSpinUnlockWithWait
                0x10004aa8       0x68 CMakeFiles/threads.dir/__/lib/freertos/portable/ThirdParty/GCC/RP2040/port.c.obj
                0x10004aa8                vPortLockInternalSpinUnlockWithWait
 .text.vPortLockInternalSpinUnlockWithNotify
                0x10004b10       0xc8 CMakeFiles/threads.dir/__/lib/freertos/portable/ThirdParty/GCC/RP2040/port.c.obj
                0x10004b10                vPortLockInternalSpinUnlockWithNotify
 .text.xPortLockInternalSpinUnlockWithBestEffortWaitOrTimeout
                0x10004bd8       0xfc CMakeFiles/threads.dir/__/lib/freertos/portable/ThirdParty/GCC/RP2040/port.c.obj
                0x10004bd8                xPortLockInternalSpinUnlockWithBestEffortWaitOrTimeout
 .text.startup.prvRuntimeInitializer
                0x10004cd4       0x28 CMakeFiles/threads.dir/__/lib/freertos/portable/ThirdParty/GCC/RP2040/port.c.obj
 .text.vEventGroupSetBitsCallback
                0x10004cfc       0x90 CMakeFiles/threads.dir/__/lib/freertos/event_groups.c.obj
                0x10004cfc                vEventGroupSetBitsCallback
 .text.xEventGroupCreate
                0x10004d8c       0x18 CMakeFiles/threads.dir/__/lib/freertos/event_groups.c.obj
                0x10004d8c                xEventGroupCreate
 .text.xEventGroupWaitBits
                0x10004da4       0xb8 CMakeFiles/threads.dir/__/lib/freertos/event_groups.c.obj
                0x10004da4                xEventGroupWaitBits
 .text.xEventGroupSetBits
                0x10004e5c       0x94 CMakeFiles/threads.dir/__/lib/freertos/event_groups.c.obj
                0x10004e5c                xEventGroupSetBits
 .text.xEventGroupSetBitsFromISR
                0x10004ef0       0x18 CMakeFiles/threads.dir/__/lib/freertos/event_groups.c.obj
                0x10004ef0                xEventGroupSetBitsFromISR
 .text.vListInitialise
                0x10004f08       0x18 CMakeFiles/threads.dir/__/lib/freertos/list.c.obj
                0x10004f08                vListInitialise
 .text.vListInitialiseItem
                0x10004f20        0x8 CMakeFiles/threads.dir/__/lib/freertos/list.c.obj
                0x10004f20                vListInitialiseItem
 .text.vListInsert
                0x10004f28       0x30 CMakeFiles/threads.dir/__/lib/freertos/list.c.obj
                0x10004f28                vListInsert
 .text.uxListRemove
                0x10004f58       0x20 CMakeFiles/threads.dir/__/lib/freertos/list.c.obj
                0x10004f58                uxListRemove
 .text.prvUnlockQueue
                0x10004f78      0x180 CMakeFiles/threads.dir/__/lib/freertos/queue.c.obj
 .text.prvNotifyQueueSetContainer
                0x100050f8       0x90 CMakeFiles/threads.dir/__/lib/freertos/queue.c.obj
 .text.xQueueGenericCreate
                0x10005188       0xa4 CMakeFiles/threads.dir/__/lib/freertos/queue.c.obj
                0x10005188                xQueueGenericCreate
 .text.xQueueCreateCountingSemaphore
                0x1000522c       0x68 CMakeFiles/threads.dir/__/lib/freertos/queue.c.obj
                0x1000522c                xQueueCreateCountingSemaphore
 .text.xQueueGenericSend
                0x10005294      0x1d8 CMakeFiles/threads.dir/__/lib/freertos/queue.c.obj
                0x10005294                xQueueGenericSend
 .text.xQueueGenericSendFromISR
                0x1000546c      0x134 CMakeFiles/threads.dir/__/lib/freertos/queue.c.obj
                0x1000546c                xQueueGenericSendFromISR
 .text.xQueueReceive
                0x100055a0      0x11c CMakeFiles/threads.dir/__/lib/freertos/queue.c.obj
                0x100055a0                xQueueReceive
 .text.xQueueSemaphoreTake
                0x100056bc      0x14c CMakeFiles/threads.dir/__/lib/freertos/queue.c.obj
                0x100056bc                xQueueSemaphoreTake
 .text.vQueueAddToRegistry
                0x10005808      0x118 CMakeFiles/threads.dir/__/lib/freertos/queue.c.obj
                0x10005808                vQueueAddToRegistry
 .text.vQueueWaitForMessageRestricted
                0x10005920       0x48 CMakeFiles/threads.dir/__/lib/freertos/queue.c.obj
                0x10005920                vQueueWaitForMessageRestricted
 .text.prvAddNewTaskToReadyList
                0x10005968      0x124 CMakeFiles/threads.dir/__/lib/freertos/tasks.c.obj
 .text.prvIdleTask
                0x10005a8c       0x60 CMakeFiles/threads.dir/__/lib/freertos/tasks.c.obj
 .text.xTaskIncrementTick.part.0
                0x10005aec      0x190 CMakeFiles/threads.dir/__/lib/freertos/tasks.c.obj
 .text.xTaskCreate
                0x10005c7c      0x138 CMakeFiles/threads.dir/__/lib/freertos/tasks.c.obj
                0x10005c7c                xTaskCreate
 .text.vTaskStartScheduler
                0x10005db4       0xd8 CMakeFiles/threads.dir/__/lib/freertos/tasks.c.obj
                0x10005db4                vTaskStartScheduler
 .text.vTaskSuspendAll
                0x10005e8c       0x10 CMakeFiles/threads.dir/__/lib/freertos/tasks.c.obj
                0x10005e8c                vTaskSuspendAll
 .text.xTaskResumeAll
                0x10005e9c      0x188 CMakeFiles/threads.dir/__/lib/freertos/tasks.c.obj
                0x10005e9c                xTaskResumeAll
 .text.vTaskDelay
                0x10006024       0x84 CMakeFiles/threads.dir/__/lib/freertos/tasks.c.obj
                0x10006024                vTaskDelay
 .text.xTaskGetTickCount
                0x100060a8        0xc CMakeFiles/threads.dir/__/lib/freertos/tasks.c.obj
                0x100060a8                xTaskGetTickCount
 .text.uxTaskGetNumberOfTasks
                0x100060b4        0xc CMakeFiles/threads.dir/__/lib/freertos/tasks.c.obj
                0x100060b4                uxTaskGetNumberOfTasks
 .text.xTaskIncrementTick
                0x100060c0       0x24 CMakeFiles/threads.dir/__/lib/freertos/tasks.c.obj
                0x100060c0                xTaskIncrementTick
 .text.vTaskSwitchContext
                0x100060e4       0x7c CMakeFiles/threads.dir/__/lib/freertos/tasks.c.obj
                0x100060e4                vTaskSwitchContext
 .text.vTaskPlaceOnEventList
                0x10006160       0xa0 CMakeFiles/threads.dir/__/lib/freertos/tasks.c.obj
                0x10006160                vTaskPlaceOnEventList
 .text.vTaskPlaceOnUnorderedEventList
                0x10006200       0xc4 CMakeFiles/threads.dir/__/lib/freertos/tasks.c.obj
                0x10006200                vTaskPlaceOnUnorderedEventList
 .text.vTaskPlaceOnEventListRestricted
                0x100062c4       0xf4 CMakeFiles/threads.dir/__/lib/freertos/tasks.c.obj
                0x100062c4                vTaskPlaceOnEventListRestricted
 .text.xTaskRemoveFromEventList
                0x100063b8       0xcc CMakeFiles/threads.dir/__/lib/freertos/tasks.c.obj
                0x100063b8                xTaskRemoveFromEventList
 .text.vTaskRemoveFromUnorderedEventList
                0x10006484       0x94 CMakeFiles/threads.dir/__/lib/freertos/tasks.c.obj
                0x10006484                vTaskRemoveFromUnorderedEventList
 .text.vTaskInternalSetTimeOutState
                0x10006518       0x18 CMakeFiles/threads.dir/__/lib/freertos/tasks.c.obj
                0x10006518                vTaskInternalSetTimeOutState
 .text.xTaskCheckForTimeOut
                0x10006530       0x74 CMakeFiles/threads.dir/__/lib/freertos/tasks.c.obj
                0x10006530                xTaskCheckForTimeOut
 .text.vTaskMissedYield
                0x100065a4        0xc CMakeFiles/threads.dir/__/lib/freertos/tasks.c.obj
                0x100065a4                vTaskMissedYield
 .text.xTaskGetCurrentTaskHandle
                0x100065b0        0xc CMakeFiles/threads.dir/__/lib/freertos/tasks.c.obj
                0x100065b0                xTaskGetCurrentTaskHandle
 .text.xTaskPriorityInherit
                0x100065bc       0x94 CMakeFiles/threads.dir/__/lib/freertos/tasks.c.obj
                0x100065bc                xTaskPriorityInherit
 .text.xTaskPriorityDisinherit
                0x10006650       0x64 CMakeFiles/threads.dir/__/lib/freertos/tasks.c.obj
                0x10006650                xTaskPriorityDisinherit
 .text.vTaskPriorityDisinheritAfterTimeout
                0x100066b4       0x7c CMakeFiles/threads.dir/__/lib/freertos/tasks.c.obj
                0x100066b4                vTaskPriorityDisinheritAfterTimeout
 .text.uxTaskResetEventItemValue
                0x10006730       0x18 CMakeFiles/threads.dir/__/lib/freertos/tasks.c.obj
                0x10006730                uxTaskResetEventItemValue
 .text.pvTaskIncrementMutexHeldCount
                0x10006748       0x14 CMakeFiles/threads.dir/__/lib/freertos/tasks.c.obj
                0x10006748                pvTaskIncrementMutexHeldCount
 .text.prvTimerTask
                0x1000675c      0x38c CMakeFiles/threads.dir/__/lib/freertos/timers.c.obj
 .text.xTimerCreateTimerTask
                0x10006ae8       0x8c CMakeFiles/threads.dir/__/lib/freertos/timers.c.obj
                0x10006ae8                xTimerCreateTimerTask
 .text.xTimerPendFunctionCallFromISR
                0x10006b74       0x28 CMakeFiles/threads.dir/__/lib/freertos/timers.c.obj
                0x10006b74                xTimerPendFunctionCallFromISR
 .text.exception_set_exclusive_handler
                0x10006b9c       0x48 CMakeFiles/threads.dir/home/shem/.pico-sdk/sdk/2.0.0/src/rp2_common/hardware_exception/exception.c.obj
                0x10006b9c                exception_set_exclusive_handler
 .text.cyw43_arch_set_async_context
                0x10006be4        0xc CMakeFiles/threads.dir/home/shem/.pico-sdk/sdk/2.0.0/src/rp2_common/pico_cyw43_arch/cyw43_arch.c.obj
                0x10006be4                cyw43_arch_set_async_context
 .text.cyw43_arch_gpio_put
                0x10006bf0       0x14 CMakeFiles/threads.dir/home/shem/.pico-sdk/sdk/2.0.0/src/rp2_common/pico_cyw43_arch/cyw43_arch.c.obj
                0x10006bf0                cyw43_arch_gpio_put
 .text.cyw43_arch_async_context
                0x10006c04        0xc CMakeFiles/threads.dir/home/shem/.pico-sdk/sdk/2.0.0/src/rp2_common/pico_cyw43_arch/cyw43_arch.c.obj
                0x10006c04                cyw43_arch_async_context
 .text.cyw43_arch_init
                0x10006c10       0x64 CMakeFiles/threads.dir/home/shem/.pico-sdk/sdk/2.0.0/src/rp2_common/pico_cyw43_arch/cyw43_arch_threadsafe_background.c.obj
                0x10006c10                cyw43_arch_init
 .text.startup._retrieve_unique_id_on_boot
                0x10006c74       0x10 CMakeFiles/threads.dir/home/shem/.pico-sdk/sdk/2.0.0/src/rp2_common/pico_unique_id/unique_id.c.obj
 .text.pico_get_unique_board_id
                0x10006c84       0x10 CMakeFiles/threads.dir/home/shem/.pico-sdk/sdk/2.0.0/src/rp2_common/pico_unique_id/unique_id.c.obj
                0x10006c84                pico_get_unique_board_id
 .text.flash_get_unique_id
                0x10006c94       0x3c CMakeFiles/threads.dir/home/shem/.pico-sdk/sdk/2.0.0/src/rp2_common/hardware_flash/flash.c.obj
                0x10006c94                flash_get_unique_id
 .text.ns_delay.constprop.0
                0x10006cd0       0x20 CMakeFiles/threads.dir/home/shem/.pico-sdk/sdk/2.0.0/src/rp2_common/pico_cyw43_driver/cyw43_bus_pio_spi.c.obj
 .text.cyw43_spi_deinit
                0x10006cf0       0x7c CMakeFiles/threads.dir/home/shem/.pico-sdk/sdk/2.0.0/src/rp2_common/pico_cyw43_driver/cyw43_bus_pio_spi.c.obj
                0x10006cf0                cyw43_spi_deinit
 .text.cyw43_spi_init
                0x10006d6c      0x134 CMakeFiles/threads.dir/home/shem/.pico-sdk/sdk/2.0.0/src/rp2_common/pico_cyw43_driver/cyw43_bus_pio_spi.c.obj
                0x10006d6c                cyw43_spi_init
 .text.cyw43_spi_transfer
                0x10006ea0      0x3f0 CMakeFiles/threads.dir/home/shem/.pico-sdk/sdk/2.0.0/src/rp2_common/pico_cyw43_driver/cyw43_bus_pio_spi.c.obj
                0x10006ea0                cyw43_spi_transfer
 .text.cyw43_spi_gpio_setup
                0x10007290       0x3c CMakeFiles/threads.dir/home/shem/.pico-sdk/sdk/2.0.0/src/rp2_common/pico_cyw43_driver/cyw43_bus_pio_spi.c.obj
                0x10007290                cyw43_spi_gpio_setup
 .text.cyw43_spi_reset
                0x100072cc       0x28 CMakeFiles/threads.dir/home/shem/.pico-sdk/sdk/2.0.0/src/rp2_common/pico_cyw43_driver/cyw43_bus_pio_spi.c.obj
                0x100072cc                cyw43_spi_reset
 .text.read_reg_u32_swap
                0x100072f4       0x3c CMakeFiles/threads.dir/home/shem/.pico-sdk/sdk/2.0.0/src/rp2_common/pico_cyw43_driver/cyw43_bus_pio_spi.c.obj
                0x100072f4                read_reg_u32_swap
 .text.cyw43_read_reg_u32
                0x10007330       0x50 CMakeFiles/threads.dir/home/shem/.pico-sdk/sdk/2.0.0/src/rp2_common/pico_cyw43_driver/cyw43_bus_pio_spi.c.obj
                0x10007330                cyw43_read_reg_u32
 .text.cyw43_read_reg_u16
                0x10007380       0x50 CMakeFiles/threads.dir/home/shem/.pico-sdk/sdk/2.0.0/src/rp2_common/pico_cyw43_driver/cyw43_bus_pio_spi.c.obj
                0x10007380                cyw43_read_reg_u16
 .text.cyw43_read_reg_u8
                0x100073d0       0x50 CMakeFiles/threads.dir/home/shem/.pico-sdk/sdk/2.0.0/src/rp2_common/pico_cyw43_driver/cyw43_bus_pio_spi.c.obj
                0x100073d0                cyw43_read_reg_u8
 .text.write_reg_u32_swap
                0x10007420      0x1e8 CMakeFiles/threads.dir/home/shem/.pico-sdk/sdk/2.0.0/src/rp2_common/pico_cyw43_driver/cyw43_bus_pio_spi.c.obj
                0x10007420                write_reg_u32_swap
 .text.cyw43_write_reg_u32
                0x10007608      0x208 CMakeFiles/threads.dir/home/shem/.pico-sdk/sdk/2.0.0/src/rp2_common/pico_cyw43_driver/cyw43_bus_pio_spi.c.obj
                0x10007608                cyw43_write_reg_u32
 .text.cyw43_write_reg_u16
                0x10007810      0x208 CMakeFiles/threads.dir/home/shem/.pico-sdk/sdk/2.0.0/src/rp2_common/pico_cyw43_driver/cyw43_bus_pio_spi.c.obj
                0x10007810                cyw43_write_reg_u16
 .text.cyw43_write_reg_u8
                0x10007a18      0x208 CMakeFiles/threads.dir/home/shem/.pico-sdk/sdk/2.0.0/src/rp2_common/pico_cyw43_driver/cyw43_bus_pio_spi.c.obj
                0x10007a18                cyw43_write_reg_u8
 .text.cyw43_read_bytes
                0x10007c20       0x78 CMakeFiles/threads.dir/home/shem/.pico-sdk/sdk/2.0.0/src/rp2_common/pico_cyw43_driver/cyw43_bus_pio_spi.c.obj
                0x10007c20                cyw43_read_bytes
 .text.cyw43_write_bytes
                0x10007c98       0xc0 CMakeFiles/threads.dir/home/shem/.pico-sdk/sdk/2.0.0/src/rp2_common/pico_cyw43_driver/cyw43_bus_pio_spi.c.obj
                0x10007c98                cyw43_write_bytes
 .text.cyw43_set_backplane_window
                0x10007d58       0x68 CMakeFiles/threads.dir/home/shem/.pico-sdk/sdk/2.0.0/lib/cyw43-driver/src/cyw43_ll.c.obj
 .text.cyw43_ll_parse_async_event
                0x10007dc0      0x134 CMakeFiles/threads.dir/home/shem/.pico-sdk/sdk/2.0.0/lib/cyw43-driver/src/cyw43_ll.c.obj
 .text.cyw43_kso_set
                0x10007ef4       0x80 CMakeFiles/threads.dir/home/shem/.pico-sdk/sdk/2.0.0/lib/cyw43-driver/src/cyw43_ll.c.obj
 .text.cyw43_ll_sdpcm_poll_device
                0x10007f74      0x238 CMakeFiles/threads.dir/home/shem/.pico-sdk/sdk/2.0.0/lib/cyw43-driver/src/cyw43_ll.c.obj
 .text.cyw43_sdpcm_send_common
                0x100081ac       0xfc CMakeFiles/threads.dir/home/shem/.pico-sdk/sdk/2.0.0/lib/cyw43-driver/src/cyw43_ll.c.obj
 .text.cyw43_do_ioctl.part.0
                0x100082a8       0xc4 CMakeFiles/threads.dir/home/shem/.pico-sdk/sdk/2.0.0/lib/cyw43-driver/src/cyw43_ll.c.obj
 .text.cyw43_download_resource
                0x1000836c       0xd0 CMakeFiles/threads.dir/home/shem/.pico-sdk/sdk/2.0.0/lib/cyw43-driver/src/cyw43_ll.c.obj
 .text.cyw43_write_iovar_u32.constprop.0
                0x1000843c       0x98 CMakeFiles/threads.dir/home/shem/.pico-sdk/sdk/2.0.0/lib/cyw43-driver/src/cyw43_ll.c.obj
 .text.cyw43_write_iovar_n
                0x100084d4       0x8c CMakeFiles/threads.dir/home/shem/.pico-sdk/sdk/2.0.0/lib/cyw43-driver/src/cyw43_ll.c.obj
 .text.cyw43_read_backplane.constprop.0
                0x10008560       0xe4 CMakeFiles/threads.dir/home/shem/.pico-sdk/sdk/2.0.0/lib/cyw43-driver/src/cyw43_ll.c.obj
 .text.cyw43_write_backplane
                0x10008644      0x10c CMakeFiles/threads.dir/home/shem/.pico-sdk/sdk/2.0.0/lib/cyw43-driver/src/cyw43_ll.c.obj
 .text.reset_device_core.constprop.0
                0x10008750      0x410 CMakeFiles/threads.dir/home/shem/.pico-sdk/sdk/2.0.0/lib/cyw43-driver/src/cyw43_ll.c.obj
 .text.cyw43_ll_init
                0x10008b60       0x1c CMakeFiles/threads.dir/home/shem/.pico-sdk/sdk/2.0.0/lib/cyw43-driver/src/cyw43_ll.c.obj
                0x10008b60                cyw43_ll_init
 .text.cyw43_ll_deinit
                0x10008b7c        0x8 CMakeFiles/threads.dir/home/shem/.pico-sdk/sdk/2.0.0/lib/cyw43-driver/src/cyw43_ll.c.obj
                0x10008b7c                cyw43_ll_deinit
 .text.cyw43_ll_process_packets
                0x10008b84       0x54 CMakeFiles/threads.dir/home/shem/.pico-sdk/sdk/2.0.0/lib/cyw43-driver/src/cyw43_ll.c.obj
                0x10008b84                cyw43_ll_process_packets
 .text.cyw43_ll_ioctl
                0x10008bd8       0x80 CMakeFiles/threads.dir/home/shem/.pico-sdk/sdk/2.0.0/lib/cyw43-driver/src/cyw43_ll.c.obj
                0x10008bd8                cyw43_ll_ioctl
 .text.cyw43_ll_bus_sleep
                0x10008c58       0x34 CMakeFiles/threads.dir/home/shem/.pico-sdk/sdk/2.0.0/lib/cyw43-driver/src/cyw43_ll.c.obj
                0x10008c58                cyw43_ll_bus_sleep
 .text.cyw43_ll_wifi_get_mac
                0x10008c8c       0x74 CMakeFiles/threads.dir/home/shem/.pico-sdk/sdk/2.0.0/lib/cyw43-driver/src/cyw43_ll.c.obj
                0x10008c8c                cyw43_ll_wifi_get_mac
 .text.cyw43_ll_bus_init
                0x10008d00      0x920 CMakeFiles/threads.dir/home/shem/.pico-sdk/sdk/2.0.0/lib/cyw43-driver/src/cyw43_ll.c.obj
                0x10008d00                cyw43_ll_bus_init
 .text.cyw43_ll_wifi_set_wpa_auth
                0x10009620       0x4c CMakeFiles/threads.dir/home/shem/.pico-sdk/sdk/2.0.0/lib/cyw43-driver/src/cyw43_ll.c.obj
                0x10009620                cyw43_ll_wifi_set_wpa_auth
 .text.cyw43_ll_wifi_rejoin
                0x1000966c       0x58 CMakeFiles/threads.dir/home/shem/.pico-sdk/sdk/2.0.0/lib/cyw43-driver/src/cyw43_ll.c.obj
                0x1000966c                cyw43_ll_wifi_rejoin
 .text.cyw43_ll_gpio_set
                0x100096c4       0x94 CMakeFiles/threads.dir/home/shem/.pico-sdk/sdk/2.0.0/lib/cyw43-driver/src/cyw43_ll.c.obj
                0x100096c4                cyw43_ll_gpio_set
 .text.cyw43_ll_has_work
                0x10009758       0x14 CMakeFiles/threads.dir/home/shem/.pico-sdk/sdk/2.0.0/lib/cyw43-driver/src/cyw43_ll.c.obj
                0x10009758                cyw43_ll_has_work
 .text.cyw43_poll_func
                0x1000976c       0xc0 CMakeFiles/threads.dir/home/shem/.pico-sdk/sdk/2.0.0/lib/cyw43-driver/src/cyw43_ctrl.c.obj
 .text.cyw43_init
                0x1000982c       0x6c CMakeFiles/threads.dir/home/shem/.pico-sdk/sdk/2.0.0/lib/cyw43-driver/src/cyw43_ctrl.c.obj
                0x1000982c                cyw43_init
 .text.cyw43_deinit
                0x10009898       0x90 CMakeFiles/threads.dir/home/shem/.pico-sdk/sdk/2.0.0/lib/cyw43-driver/src/cyw43_ctrl.c.obj
                0x10009898                cyw43_deinit
 .text.cyw43_cb_read_host_interrupt_pin
                0x10009928        0xc CMakeFiles/threads.dir/home/shem/.pico-sdk/sdk/2.0.0/lib/cyw43-driver/src/cyw43_ctrl.c.obj
                0x10009928                cyw43_cb_read_host_interrupt_pin
 .text.cyw43_cb_ensure_awake
                0x10009934        0xc CMakeFiles/threads.dir/home/shem/.pico-sdk/sdk/2.0.0/lib/cyw43-driver/src/cyw43_ctrl.c.obj
                0x10009934                cyw43_cb_ensure_awake
 .text.cyw43_cb_process_async_event
                0x10009940      0x214 CMakeFiles/threads.dir/home/shem/.pico-sdk/sdk/2.0.0/lib/cyw43-driver/src/cyw43_ctrl.c.obj
                0x10009940                cyw43_cb_process_async_event
 .text.cyw43_gpio_set
                0x10009b54       0xa0 CMakeFiles/threads.dir/home/shem/.pico-sdk/sdk/2.0.0/lib/cyw43-driver/src/cyw43_ctrl.c.obj
                0x10009b54                cyw43_gpio_set
 .text.pio_sm_unclaim
                0x10009bf4       0x20 CMakeFiles/threads.dir/home/shem/.pico-sdk/sdk/2.0.0/src/rp2_common/hardware_pio/pio.c.obj
                0x10009bf4                pio_sm_unclaim
 .text.pio_claim_unused_sm
                0x10009c14       0x38 CMakeFiles/threads.dir/home/shem/.pico-sdk/sdk/2.0.0/src/rp2_common/hardware_pio/pio.c.obj
                0x10009c14                pio_claim_unused_sm
 .text.pio_can_add_program
                0x10009c4c       0x90 CMakeFiles/threads.dir/home/shem/.pico-sdk/sdk/2.0.0/src/rp2_common/hardware_pio/pio.c.obj
                0x10009c4c                pio_can_add_program
 .text.pio_add_program
                0x10009cdc      0x104 CMakeFiles/threads.dir/home/shem/.pico-sdk/sdk/2.0.0/src/rp2_common/hardware_pio/pio.c.obj
                0x10009cdc                pio_add_program
 .text.pio_remove_program
                0x10009de0       0x30 CMakeFiles/threads.dir/home/shem/.pico-sdk/sdk/2.0.0/src/rp2_common/hardware_pio/pio.c.obj
                0x10009de0                pio_remove_program
 .text.pio_sm_set_pindirs_with_mask
                0x10009e10       0xac CMakeFiles/threads.dir/home/shem/.pico-sdk/sdk/2.0.0/src/rp2_common/hardware_pio/pio.c.obj
                0x10009e10                pio_sm_set_pindirs_with_mask
 .text.pio_sm_set_consecutive_pindirs
                0x10009ebc       0xb4 CMakeFiles/threads.dir/home/shem/.pico-sdk/sdk/2.0.0/src/rp2_common/hardware_pio/pio.c.obj
                0x10009ebc                pio_sm_set_consecutive_pindirs
 .text.dma_channel_unclaim
                0x10009f70       0x14 CMakeFiles/threads.dir/home/shem/.pico-sdk/sdk/2.0.0/src/rp2_common/hardware_dma/dma.c.obj
                0x10009f70                dma_channel_unclaim
 .text.dma_claim_unused_channel
                0x10009f84       0x24 CMakeFiles/threads.dir/home/shem/.pico-sdk/sdk/2.0.0/src/rp2_common/hardware_dma/dma.c.obj
                0x10009f84                dma_claim_unused_channel
 .text.dma_channel_cleanup
                0x10009fa8       0x64 CMakeFiles/threads.dir/home/shem/.pico-sdk/sdk/2.0.0/src/rp2_common/hardware_dma/dma.c.obj
                0x10009fa8                dma_channel_cleanup
 .text.cyw43_sleep_timeout_reached
                0x1000a00c       0x10 CMakeFiles/threads.dir/home/shem/.pico-sdk/sdk/2.0.0/src/rp2_common/pico_cyw43_driver/cyw43_driver.c.obj
 .text.cyw43_irq_init
                0x1000a01c       0x28 CMakeFiles/threads.dir/home/shem/.pico-sdk/sdk/2.0.0/src/rp2_common/pico_cyw43_driver/cyw43_driver.c.obj
                0x1000a01c                cyw43_irq_init
 .text.cyw43_irq_deinit
                0x1000a044       0x20 CMakeFiles/threads.dir/home/shem/.pico-sdk/sdk/2.0.0/src/rp2_common/pico_cyw43_driver/cyw43_driver.c.obj
                0x1000a044                cyw43_irq_deinit
 .text.cyw43_gpio_irq_handler
                0x1000a064       0x44 CMakeFiles/threads.dir/home/shem/.pico-sdk/sdk/2.0.0/src/rp2_common/pico_cyw43_driver/cyw43_driver.c.obj
 .text.cyw43_do_poll
                0x1000a0a8       0x70 CMakeFiles/threads.dir/home/shem/.pico-sdk/sdk/2.0.0/src/rp2_common/pico_cyw43_driver/cyw43_driver.c.obj
 .text.cyw43_post_poll_hook
                0x1000a118       0x10 CMakeFiles/threads.dir/home/shem/.pico-sdk/sdk/2.0.0/src/rp2_common/pico_cyw43_driver/cyw43_driver.c.obj
                0x1000a118                cyw43_post_poll_hook
 .text.cyw43_schedule_internal_poll_dispatch
                0x1000a128       0x18 CMakeFiles/threads.dir/home/shem/.pico-sdk/sdk/2.0.0/src/rp2_common/pico_cyw43_driver/cyw43_driver.c.obj
                0x1000a128                cyw43_schedule_internal_poll_dispatch
 .text.cyw43_driver_init
                0x1000a140       0x38 CMakeFiles/threads.dir/home/shem/.pico-sdk/sdk/2.0.0/src/rp2_common/pico_cyw43_driver/cyw43_driver.c.obj
                0x1000a140                cyw43_driver_init
 .text.cyw43_driver_deinit
                0x1000a178       0x44 CMakeFiles/threads.dir/home/shem/.pico-sdk/sdk/2.0.0/src/rp2_common/pico_cyw43_driver/cyw43_driver.c.obj
                0x1000a178                cyw43_driver_deinit
 .text.cyw43_hal_generate_laa_mac
                0x1000a1bc       0x28 CMakeFiles/threads.dir/home/shem/.pico-sdk/sdk/2.0.0/src/rp2_common/pico_cyw43_driver/cyw43_driver.c.obj
                0x1000a1bc                cyw43_hal_generate_laa_mac
 .text.cyw43_thread_enter
                0x1000a1e4       0x14 CMakeFiles/threads.dir/home/shem/.pico-sdk/sdk/2.0.0/src/rp2_common/pico_cyw43_driver/cyw43_driver.c.obj
                0x1000a1e4                cyw43_thread_enter
 .text.cyw43_thread_exit
                0x1000a1f8       0x14 CMakeFiles/threads.dir/home/shem/.pico-sdk/sdk/2.0.0/src/rp2_common/pico_cyw43_driver/cyw43_driver.c.obj
                0x1000a1f8                cyw43_thread_exit
 .text.cyw43_await_background_or_timeout_us
                0x1000a20c       0x64 CMakeFiles/threads.dir/home/shem/.pico-sdk/sdk/2.0.0/src/rp2_common/pico_cyw43_driver/cyw43_driver.c.obj
                0x1000a20c                cyw43_await_background_or_timeout_us
 .text.cyw43_delay_ms
                0x1000a270       0x48 CMakeFiles/threads.dir/home/shem/.pico-sdk/sdk/2.0.0/src/rp2_common/pico_cyw43_driver/cyw43_driver.c.obj
                0x1000a270                cyw43_delay_ms
 .text.cyw43_cb_tcpip_deinit
                0x1000a2b8        0x4 CMakeFiles/threads.dir/home/shem/.pico-sdk/sdk/2.0.0/src/rp2_common/pico_cyw43_driver/cyw43_driver.c.obj
                0x1000a2b8                cyw43_cb_tcpip_deinit
 .text.cyw43_cb_tcpip_set_link_up
                0x1000a2bc        0xc CMakeFiles/threads.dir/home/shem/.pico-sdk/sdk/2.0.0/src/rp2_common/pico_cyw43_driver/cyw43_driver.c.obj
                0x1000a2bc                cyw43_cb_tcpip_set_link_up
 .text.cyw43_cb_tcpip_set_link_down
                0x1000a2c8        0xc CMakeFiles/threads.dir/home/shem/.pico-sdk/sdk/2.0.0/src/rp2_common/pico_cyw43_driver/cyw43_driver.c.obj
                0x1000a2c8                cyw43_cb_tcpip_set_link_down
 .text.cyw43_cb_process_ethernet
                0x1000a2d4        0xc CMakeFiles/threads.dir/home/shem/.pico-sdk/sdk/2.0.0/src/rp2_common/pico_cyw43_driver/cyw43_driver.c.obj
                0x1000a2d4                cyw43_cb_process_ethernet
 .text.handle_sync_func_call
                0x1000a2e0       0x24 CMakeFiles/threads.dir/home/shem/.pico-sdk/sdk/2.0.0/src/rp2_common/pico_async_context/async_context_threadsafe_background.c.obj
 .text.async_context_threadsafe_background_acquire_lock_blocking
                0x1000a304        0xc CMakeFiles/threads.dir/home/shem/.pico-sdk/sdk/2.0.0/src/rp2_common/pico_async_context/async_context_threadsafe_background.c.obj
 .text.process_under_lock
                0x1000a310       0xcc CMakeFiles/threads.dir/home/shem/.pico-sdk/sdk/2.0.0/src/rp2_common/pico_async_context/async_context_threadsafe_background.c.obj
 .text.async_context_threadsafe_background_deinit
                0x1000a3dc       0x64 CMakeFiles/threads.dir/home/shem/.pico-sdk/sdk/2.0.0/src/rp2_common/pico_async_context/async_context_threadsafe_background.c.obj
 .text.low_priority_irq_handler
                0x1000a440       0x3c CMakeFiles/threads.dir/home/shem/.pico-sdk/sdk/2.0.0/src/rp2_common/pico_async_context/async_context_threadsafe_background.c.obj
 .text.async_context_threadsafe_background_wait_for_work_until
                0x1000a47c        0xc CMakeFiles/threads.dir/home/shem/.pico-sdk/sdk/2.0.0/src/rp2_common/pico_async_context/async_context_threadsafe_background.c.obj
 .text.async_context_threadsafe_background_wait_until
                0x1000a488       0x1c CMakeFiles/threads.dir/home/shem/.pico-sdk/sdk/2.0.0/src/rp2_common/pico_async_context/async_context_threadsafe_background.c.obj
 .text.async_context_threadsafe_background_execute_sync
                0x1000a4a4       0xe4 CMakeFiles/threads.dir/home/shem/.pico-sdk/sdk/2.0.0/src/rp2_common/pico_async_context/async_context_threadsafe_background.c.obj
                0x1000a4a4                async_context_threadsafe_background_execute_sync
 .text.async_context_threadsafe_background_lock_check
                0x1000a588       0x24 CMakeFiles/threads.dir/home/shem/.pico-sdk/sdk/2.0.0/src/rp2_common/pico_async_context/async_context_threadsafe_background.c.obj
 .text.async_context_threadsafe_background_set_work_pending
                0x1000a5ac       0x50 CMakeFiles/threads.dir/home/shem/.pico-sdk/sdk/2.0.0/src/rp2_common/pico_async_context/async_context_threadsafe_background.c.obj
 .text.alarm_handler
                0x1000a5fc       0x58 CMakeFiles/threads.dir/home/shem/.pico-sdk/sdk/2.0.0/src/rp2_common/pico_async_context/async_context_threadsafe_background.c.obj
 .text.async_context_threadsafe_background_release_lock
                0x1000a654       0x7c CMakeFiles/threads.dir/home/shem/.pico-sdk/sdk/2.0.0/src/rp2_common/pico_async_context/async_context_threadsafe_background.c.obj
 .text.async_context_threadsafe_background_when_pending_worker
                0x1000a6d0       0x90 CMakeFiles/threads.dir/home/shem/.pico-sdk/sdk/2.0.0/src/rp2_common/pico_async_context/async_context_threadsafe_background.c.obj
 .text.async_context_threadsafe_background_add_at_time_worker
                0x1000a760       0x90 CMakeFiles/threads.dir/home/shem/.pico-sdk/sdk/2.0.0/src/rp2_common/pico_async_context/async_context_threadsafe_background.c.obj
 .text.async_context_threadsafe_background_remove_at_time_worker
                0x1000a7f0       0x90 CMakeFiles/threads.dir/home/shem/.pico-sdk/sdk/2.0.0/src/rp2_common/pico_async_context/async_context_threadsafe_background.c.obj
 .text.async_context_threadsafe_background_add_when_pending_worker
                0x1000a880       0x90 CMakeFiles/threads.dir/home/shem/.pico-sdk/sdk/2.0.0/src/rp2_common/pico_async_context/async_context_threadsafe_background.c.obj
 .text.async_context_threadsafe_background_default_config
                0x1000a910        0xc CMakeFiles/threads.dir/home/shem/.pico-sdk/sdk/2.0.0/src/rp2_common/pico_async_context/async_context_threadsafe_background.c.obj
                0x1000a910                async_context_threadsafe_background_default_config
 .text.async_context_threadsafe_background_init
                0x1000a91c       0xa8 CMakeFiles/threads.dir/home/shem/.pico-sdk/sdk/2.0.0/src/rp2_common/pico_async_context/async_context_threadsafe_background.c.obj
                0x1000a91c                async_context_threadsafe_background_init
 .text.strncmp  0x1000a9c4       0x74 /home/shem/.pico-sdk/toolchain/13_2_Rel1/bin/../lib/gcc/arm-none-eabi/13.2.1/../../../../arm-none-eabi/lib/thumb/v6-m/nofp/libg.a(libc_a-strncmp.o)
                0x1000a9c4                strncmp
 .text.malloc   0x1000aa38       0x14 /home/shem/.pico-sdk/toolchain/13_2_Rel1/bin/../lib/gcc/arm-none-eabi/13.2.1/../../../../arm-none-eabi/lib/thumb/v6-m/nofp/libg.a(libc_a-malloc.o)
                0x1000aa38                malloc
 .text.free     0x1000aa4c       0x14 /home/shem/.pico-sdk/toolchain/13_2_Rel1/bin/../lib/gcc/arm-none-eabi/13.2.1/../../../../arm-none-eabi/lib/thumb/v6-m/nofp/libg.a(libc_a-malloc.o)
                0x1000aa4c                free
 .text._malloc_r
                0x1000aa60      0x5c4 /home/shem/.pico-sdk/toolchain/13_2_Rel1/bin/../lib/gcc/arm-none-eabi/13.2.1/../../../../arm-none-eabi/lib/thumb/v6-m/nofp/libg.a(libc_a-mallocr.o)
                0x1000aa60                _malloc_r
 .text.memmove  0x1000b024       0xb0 /home/shem/.pico-sdk/toolchain/13_2_Rel1/bin/../lib/gcc/arm-none-eabi/13.2.1/../../../../arm-none-eabi/lib/thumb/v6-m/nofp/libg.a(libc_a-memmove.o)
                0x1000b024                memmove
 .text.__retarget_lock_acquire_recursive
                0x1000b0d4        0x4 /home/shem/.pico-sdk/toolchain/13_2_Rel1/bin/../lib/gcc/arm-none-eabi/13.2.1/../../../../arm-none-eabi/lib/thumb/v6-m/nofp/libg.a(libc_a-lock.o)
                0x1000b0d4                __retarget_lock_acquire_recursive
 .text.__retarget_lock_release_recursive
                0x1000b0d8        0x4 /home/shem/.pico-sdk/toolchain/13_2_Rel1/bin/../lib/gcc/arm-none-eabi/13.2.1/../../../../arm-none-eabi/lib/thumb/v6-m/nofp/libg.a(libc_a-lock.o)
                0x1000b0d8                __retarget_lock_release_recursive
 .text.sysconf  0x1000b0dc       0x1c /home/shem/.pico-sdk/toolchain/13_2_Rel1/bin/../lib/gcc/arm-none-eabi/13.2.1/../../../../arm-none-eabi/lib/thumb/v6-m/nofp/libg.a(libc_a-sysconf.o)
                0x1000b0dc                sysconf
 .text.__malloc_lock
                0x1000b0f8       0x10 /home/shem/.pico-sdk/toolchain/13_2_Rel1/bin/../lib/gcc/arm-none-eabi/13.2.1/../../../../arm-none-eabi/lib/thumb/v6-m/nofp/libg.a(libc_a-mlock.o)
                0x1000b0f8                __malloc_lock
 .text.__malloc_unlock
                0x1000b108       0x10 /home/shem/.pico-sdk/toolchain/13_2_Rel1/bin/../lib/gcc/arm-none-eabi/13.2.1/../../../../arm-none-eabi/lib/thumb/v6-m/nofp/libg.a(libc_a-mlock.o)
                0x1000b108                __malloc_unlock
 .text.calloc   0x1000b118       0x18 /home/shem/.pico-sdk/toolchain/13_2_Rel1/bin/../lib/gcc/arm-none-eabi/13.2.1/../../../../arm-none-eabi/lib/thumb/v6-m/nofp/libg.a(libc_a-calloc.o)
                0x1000b118                calloc
 .text._calloc_r
                0x1000b130       0xa8 /home/shem/.pico-sdk/toolchain/13_2_Rel1/bin/../lib/gcc/arm-none-eabi/13.2.1/../../../../arm-none-eabi/lib/thumb/v6-m/nofp/libg.a(libc_a-callocr.o)
                0x1000b130                _calloc_r
 .text.strlen   0x1000b1d8       0x5c /home/shem/.pico-sdk/toolchain/13_2_Rel1/bin/../lib/gcc/arm-none-eabi/13.2.1/../../../../arm-none-eabi/lib/thumb/v6-m/nofp/libg.a(libc_a-strlen-stub.o)
                0x1000b1d8                strlen
 .text._malloc_trim_r
                0x1000b234       0xb4 /home/shem/.pico-sdk/toolchain/13_2_Rel1/bin/../lib/gcc/arm-none-eabi/13.2.1/../../../../arm-none-eabi/lib/thumb/v6-m/nofp/libg.a(libc_a-freer.o)
                0x1000b234                _malloc_trim_r
 .text._free_r  0x1000b2e8      0x1d4 /home/shem/.pico-sdk/toolchain/13_2_Rel1/bin/../lib/gcc/arm-none-eabi/13.2.1/../../../../arm-none-eabi/lib/thumb/v6-m/nofp/libg.a(libc_a-freer.o)
                0x1000b2e8                _free_r
 .text._sbrk_r  0x1000b4bc       0x24 /home/shem/.pico-sdk/toolchain/13_2_Rel1/bin/../lib/gcc/arm-none-eabi/13.2.1/../../../../arm-none-eabi/lib/thumb/v6-m/nofp/libg.a(libc_a-sbrkr.o)
                0x1000b4bc                _sbrk_r
 .text.__errno  0x1000b4e0        0xc /home/shem/.pico-sdk/toolchain/13_2_Rel1/bin/../lib/gcc/arm-none-eabi/13.2.1/../../../../arm-none-eabi/lib/thumb/v6-m/nofp/libg.a(libc_a-errno.o)
                0x1000b4e0                __errno
 *(.fini)
 .fini          0x1000b4ec        0x4 /home/shem/.pico-sdk/toolchain/13_2_Rel1/bin/../lib/gcc/arm-none-eabi/13.2.1/thumb/v6-m/nofp/crti.o
                0x1000b4ec                _fini
 .fini.__stub   0x1000b4f0       0xc0 linker stubs
 *crtbegin.o(.ctors)
 *crtbegin?.o(.ctors)
 *(EXCLUDE_FILE(*crtend.o *crtend?.o) .ctors)
 *(SORT_BY_NAME(.ctors.*))
 *(.ctors)
 *crtbegin.o(.dtors)
 *crtbegin?.o(.dtors)
 *(EXCLUDE_FILE(*crtend.o *crtend?.o) .dtors)
 *(SORT_BY_NAME(.dtors.*))
 *(.dtors)
                0x1000b5b0                        . = ALIGN (0x4)
                0x1000b5b0                        PROVIDE (__preinit_array_start = .)
 *(SORT_BY_NAME(.preinit_array.*))
 .preinit_array.00100
                0x1000b5b0        0x4 CMakeFiles/threads.dir/home/shem/.pico-sdk/sdk/2.0.0/src/rp2_common/pico_runtime_init/runtime_init.c.obj
                0x1000b5b0                __pre_init_runtime_init_early_resets
 .preinit_array.00101
                0x1000b5b4        0x4 CMakeFiles/threads.dir/home/shem/.pico-sdk/sdk/2.0.0/src/rp2_common/pico_runtime_init/runtime_init.c.obj
                0x1000b5b4                __pre_init_runtime_init_usb_power_down
 .preinit_array.00275
                0x1000b5b8        0x4 CMakeFiles/threads.dir/home/shem/.pico-sdk/sdk/2.0.0/src/rp2_common/pico_bit_ops/bit_ops_aeabi.S.obj
 .preinit_array.00300
                0x1000b5bc        0x4 CMakeFiles/threads.dir/home/shem/.pico-sdk/sdk/2.0.0/src/rp2_common/pico_mem_ops/mem_ops_aeabi.S.obj
 .preinit_array.00350
                0x1000b5c0        0x4 CMakeFiles/threads.dir/home/shem/.pico-sdk/sdk/2.0.0/src/rp2_common/pico_double/double_aeabi_rp2040.S.obj
 .preinit_array.00350
                0x1000b5c4        0x4 CMakeFiles/threads.dir/home/shem/.pico-sdk/sdk/2.0.0/src/rp2_common/pico_float/float_aeabi_rp2040.S.obj
 .preinit_array.00500
                0x1000b5c8        0x4 CMakeFiles/threads.dir/home/shem/.pico-sdk/sdk/2.0.0/src/rp2_common/pico_runtime_init/runtime_init.c.obj
                0x1000b5c8                __pre_init_runtime_init_clocks
 .preinit_array.00600
                0x1000b5cc        0x4 CMakeFiles/threads.dir/home/shem/.pico-sdk/sdk/2.0.0/src/rp2_common/pico_runtime_init/runtime_init.c.obj
                0x1000b5cc                __pre_init_runtime_init_post_clock_resets
 .preinit_array.00700
                0x1000b5d0        0x4 CMakeFiles/threads.dir/home/shem/.pico-sdk/sdk/2.0.0/src/rp2_common/pico_runtime_init/runtime_init.c.obj
                0x1000b5d0                __pre_init_runtime_init_rp2040_gpio_ie_disable
 .preinit_array.01000
                0x1000b5d4        0x4 CMakeFiles/threads.dir/home/shem/.pico-sdk/sdk/2.0.0/src/rp2_common/pico_runtime_init/runtime_init.c.obj
                0x1000b5d4                __pre_init_runtime_init_spin_locks_reset
 .preinit_array.01100
                0x1000b5d8        0x4 CMakeFiles/threads.dir/home/shem/.pico-sdk/sdk/2.0.0/src/common/pico_sync/mutex.c.obj
                0x1000b5d8                __pre_init_runtime_init_mutex
 .preinit_array.10080
                0x1000b5dc        0x4 CMakeFiles/threads.dir/home/shem/.pico-sdk/sdk/2.0.0/src/rp2_common/pico_runtime_init/runtime_init.c.obj
                0x1000b5dc                __pre_init_runtime_init_install_ram_vector_table
 .preinit_array.11000
                0x1000b5e0        0x4 CMakeFiles/threads.dir/home/shem/.pico-sdk/sdk/2.0.0/src/common/pico_time/time.c.obj
                0x1000b5e0                __pre_init_runtime_init_default_alarm_pool
 .preinit_array.YYYYY
                0x1000b5e4        0x4 CMakeFiles/threads.dir/home/shem/.pico-sdk/sdk/2.0.0/src/rp2_common/pico_runtime/runtime.c.obj
                0x1000b5e4                __pre_init_first_per_core_initializer
 .preinit_array.ZZZZZ.01200
                0x1000b5e8        0x4 CMakeFiles/threads.dir/home/shem/.pico-sdk/sdk/2.0.0/src/rp2_common/hardware_irq/irq.c.obj
                0x1000b5e8                __pre_init_runtime_init_per_core_irq_priorities
 *(.preinit_array)
                0x1000b5ec                        PROVIDE (__preinit_array_end = .)
                0x1000b5ec                        . = ALIGN (0x4)
                0x1000b5ec                        PROVIDE (__init_array_start = .)
 *(SORT_BY_NAME(.init_array.*))
 *(.init_array)
 .init_array    0x1000b5ec        0x4 /home/shem/.pico-sdk/toolchain/13_2_Rel1/bin/../lib/gcc/arm-none-eabi/13.2.1/thumb/v6-m/nofp/crtbegin.o
 .init_array    0x1000b5f0        0x4 CMakeFiles/threads.dir/__/lib/freertos/portable/ThirdParty/GCC/RP2040/port.c.obj
 .init_array    0x1000b5f4        0x4 CMakeFiles/threads.dir/home/shem/.pico-sdk/sdk/2.0.0/src/rp2_common/pico_unique_id/unique_id.c.obj
                0x1000b5f8                        PROVIDE (__init_array_end = .)
                0x1000b5f8                        . = ALIGN (0x4)
                [!provide]                        PROVIDE (__fini_array_start = .)
 *(SORT_BY_NAME(.fini_array.*))
 *(.fini_array)
                [!provide]                        PROVIDE (__fini_array_end = .)
 *(.eh_frame*)
 .eh_frame      0x1000b5f8        0x0 /home/shem/.pico-sdk/toolchain/13_2_Rel1/bin/../lib/gcc/arm-none-eabi/13.2.1/thumb/v6-m/nofp/crtbegin.o
                0x1000b5f8                        . = ALIGN (0x4)

.glue_7         0x1000b5f8        0x0
 .glue_7        0x1000b5f8        0x0 linker stubs

.glue_7t        0x1000b5f8        0x0
 .glue_7t       0x1000b5f8        0x0 linker stubs

.vfp11_veneer   0x1000b5f8        0x0
 .vfp11_veneer  0x1000b5f8        0x0 linker stubs

.v4_bx          0x1000b5f8        0x0
 .v4_bx         0x1000b5f8        0x0 linker stubs

.iplt           0x1000b5f8        0x0
 .iplt          0x1000b5f8        0x0 /home/shem/.pico-sdk/toolchain/13_2_Rel1/bin/../lib/gcc/arm-none-eabi/13.2.1/thumb/v6-m/nofp/crtbegin.o

.rodata         0x1000b5f8    0x37d5c
 *(EXCLUDE_FILE(*libm.a: *libc.a:*lib_a-mem*.o *libgcc.a:) .rodata*)
 .rodata.side_thread.str1.4
                0x1000b5f8      0x530 CMakeFiles/threads.dir/threads.c.obj
                                 0x27 (size before relaxing)
 .rodata.main_thread.str1.4
                0x1000bb28        0x5 CMakeFiles/threads.dir/threads.c.obj
 .rodata.main.str1.4
                0x1000bb28       0x17 CMakeFiles/threads.dir/threads.c.obj
 .rodata.panic.str1.4
                0x1000bb28       0x12 CMakeFiles/threads.dir/home/shem/.pico-sdk/sdk/2.0.0/src/rp2_common/pico_platform_panic/panic.c.obj
 .rodata.panic_unsupported.str1.4
                0x1000bb28        0xe CMakeFiles/threads.dir/home/shem/.pico-sdk/sdk/2.0.0/src/rp2_common/pico_platform_panic/panic.c.obj
 .rodata.user_irq_claim_unused.str1.4
                0x1000bb28       0x1b CMakeFiles/threads.dir/home/shem/.pico-sdk/sdk/2.0.0/src/rp2_common/hardware_irq/irq.c.obj
 .rodata.at_the_end_of_time
                0x1000bb28        0x8 CMakeFiles/threads.dir/home/shem/.pico-sdk/sdk/2.0.0/src/common/pico_time/time.c.obj
                0x1000bb28                at_the_end_of_time
 .rodata.timer_hardware_alarm_claim.str1.4
                0x1000bb30       0x22 CMakeFiles/threads.dir/home/shem/.pico-sdk/sdk/2.0.0/src/rp2_common/hardware_timer/timer.c.obj
 .rodata.timer_hardware_alarm_claim_unused.str1.4
                0x1000bb30       0x14 CMakeFiles/threads.dir/home/shem/.pico-sdk/sdk/2.0.0/src/rp2_common/hardware_timer/timer.c.obj
 .rodata.hard_assertion_failure.str1.4
                0x1000bb30        0xc CMakeFiles/threads.dir/home/shem/.pico-sdk/sdk/2.0.0/src/rp2_common/pico_runtime/runtime.c.obj
 .rodata.missing_double_func_shim.str1.4
                0x1000bb30       0x18 CMakeFiles/threads.dir/home/shem/.pico-sdk/sdk/2.0.0/src/rp2_common/pico_double/double_init_rom_rp2040.c.obj
 .rodata.missing_float_func_shim.str1.4
                0x1000bb30        0x1 CMakeFiles/threads.dir/home/shem/.pico-sdk/sdk/2.0.0/src/rp2_common/pico_float/float_init_rom_rp2040.c.obj
 .rodata.__wrap_malloc.str1.4
                0x1000bb30        0xe CMakeFiles/threads.dir/home/shem/.pico-sdk/sdk/2.0.0/src/rp2_common/pico_malloc/malloc.c.obj
 .rodata.str1.4
                0x1000bb30       0x2c CMakeFiles/threads.dir/home/shem/.pico-sdk/sdk/2.0.0/src/rp2_common/pico_standard_binary_info/standard_binary_info.c.obj
 .rodata.__bi_84
                0x1000bb30        0xc CMakeFiles/threads.dir/home/shem/.pico-sdk/sdk/2.0.0/src/rp2_common/pico_standard_binary_info/standard_binary_info.c.obj
 .rodata.__bi_54
                0x1000bb3c        0xc CMakeFiles/threads.dir/home/shem/.pico-sdk/sdk/2.0.0/src/rp2_common/pico_standard_binary_info/standard_binary_info.c.obj
 .rodata.__bi_48
                0x1000bb48        0xc CMakeFiles/threads.dir/home/shem/.pico-sdk/sdk/2.0.0/src/rp2_common/pico_standard_binary_info/standard_binary_info.c.obj
 .rodata.__bi_42
                0x1000bb54        0xc CMakeFiles/threads.dir/home/shem/.pico-sdk/sdk/2.0.0/src/rp2_common/pico_standard_binary_info/standard_binary_info.c.obj
 .rodata.__bi_34
                0x1000bb60        0xc CMakeFiles/threads.dir/home/shem/.pico-sdk/sdk/2.0.0/src/rp2_common/pico_standard_binary_info/standard_binary_info.c.obj
 .rodata.__bi_26
                0x1000bb6c        0xc CMakeFiles/threads.dir/home/shem/.pico-sdk/sdk/2.0.0/src/rp2_common/pico_standard_binary_info/standard_binary_info.c.obj
 .rodata._ftoa.str1.4
                0x1000bb78       0x15 CMakeFiles/threads.dir/home/shem/.pico-sdk/sdk/2.0.0/src/rp2_common/pico_printf/printf.c.obj
 .rodata._vsnprintf
                0x1000bb78      0x19c CMakeFiles/threads.dir/home/shem/.pico-sdk/sdk/2.0.0/src/rp2_common/pico_printf/printf.c.obj
 *fill*         0x1000bd14        0x4 
 .rodata.pow10.0
                0x1000bd18       0x50 CMakeFiles/threads.dir/home/shem/.pico-sdk/sdk/2.0.0/src/rp2_common/pico_printf/printf.c.obj
 .rodata.crlf_str.0
                0x1000bd68        0x2 CMakeFiles/threads.dir/home/shem/.pico-sdk/sdk/2.0.0/src/rp2_common/pico_stdio/stdio.c.obj
 .rodata.str1.4
                0x1000bd6a       0x2c CMakeFiles/threads.dir/home/shem/.pico-sdk/sdk/2.0.0/src/rp2_common/pico_stdio_uart/stdio_uart.c.obj
 *fill*         0x1000bd6a        0x2 
 .rodata.__bi_45.4
                0x1000bd6c        0xc CMakeFiles/threads.dir/home/shem/.pico-sdk/sdk/2.0.0/src/rp2_common/pico_stdio_uart/stdio_uart.c.obj
 .rodata.__bi_49.5
                0x1000bd78        0x8 CMakeFiles/threads.dir/home/shem/.pico-sdk/sdk/2.0.0/src/rp2_common/pico_stdio_uart/stdio_uart.c.obj
 .rodata.__bi_50.6
                0x1000bd80        0x8 CMakeFiles/threads.dir/home/shem/.pico-sdk/sdk/2.0.0/src/rp2_common/pico_stdio_uart/stdio_uart.c.obj
 .rodata.uxTopUsedPriority
                0x1000bd88        0x4 CMakeFiles/threads.dir/__/lib/freertos/tasks.c.obj
 .rodata.prvTimerTask
                0x1000bd8c       0x28 CMakeFiles/threads.dir/__/lib/freertos/timers.c.obj
 .rodata.xTimerCreateTimerTask.str1.4
                0x1000bdb4       0x10 CMakeFiles/threads.dir/__/lib/freertos/timers.c.obj
 .rodata.cyw43_read_bytes.str1.4
                0x1000bdb4       0x1a CMakeFiles/threads.dir/home/shem/.pico-sdk/sdk/2.0.0/src/rp2_common/pico_cyw43_driver/cyw43_bus_pio_spi.c.obj
 .rodata.cyw43_write_bytes.str1.4
                0x1000bdb4        0xd CMakeFiles/threads.dir/home/shem/.pico-sdk/sdk/2.0.0/src/rp2_common/pico_cyw43_driver/cyw43_bus_pio_spi.c.obj
 .rodata.spi_gap01_sample0_program
                0x1000bdb4        0x8 CMakeFiles/threads.dir/home/shem/.pico-sdk/sdk/2.0.0/src/rp2_common/pico_cyw43_driver/cyw43_bus_pio_spi.c.obj
 .rodata.spi_gap01_sample0_program_instructions
                0x1000bdbc        0xc CMakeFiles/threads.dir/home/shem/.pico-sdk/sdk/2.0.0/src/rp2_common/pico_cyw43_driver/cyw43_bus_pio_spi.c.obj
 .rodata.cyw43_kso_set.str1.4
                0x1000bdc8       0x23 CMakeFiles/threads.dir/home/shem/.pico-sdk/sdk/2.0.0/lib/cyw43-driver/src/cyw43_ll.c.obj
 .rodata.cyw43_ll_sdpcm_poll_device.str1.4
                0x1000bdc8       0x55 CMakeFiles/threads.dir/home/shem/.pico-sdk/sdk/2.0.0/lib/cyw43-driver/src/cyw43_ll.c.obj
 .rodata.cyw43_sdpcm_send_common.str1.4
                0x1000bdc8       0x22 CMakeFiles/threads.dir/home/shem/.pico-sdk/sdk/2.0.0/lib/cyw43-driver/src/cyw43_ll.c.obj
 .rodata.cyw43_do_ioctl.part.0.str1.4
                0x1000bdc8       0x53 CMakeFiles/threads.dir/home/shem/.pico-sdk/sdk/2.0.0/lib/cyw43-driver/src/cyw43_ll.c.obj
 .rodata.reset_device_core.constprop.0.str1.4
                0x1000bdc8       0x1a CMakeFiles/threads.dir/home/shem/.pico-sdk/sdk/2.0.0/lib/cyw43-driver/src/cyw43_ll.c.obj
 .rodata.cyw43_ll_wifi_on.str1.4
                0x1000bdc8       0x52 CMakeFiles/threads.dir/home/shem/.pico-sdk/sdk/2.0.0/lib/cyw43-driver/src/cyw43_ll.c.obj
 .rodata.cyw43_ll_bus_init.str1.4
                0x1000bdc8       0xea CMakeFiles/threads.dir/home/shem/.pico-sdk/sdk/2.0.0/lib/cyw43-driver/src/cyw43_ll.c.obj
 .rodata.cyw43_ll_gpio_set.str1.4
                0x1000bdc8        0x8 CMakeFiles/threads.dir/home/shem/.pico-sdk/sdk/2.0.0/lib/cyw43-driver/src/cyw43_ll.c.obj
 .rodata.w43439A0_7_95_49_00_combined
                0x1000bdc8    0x36fd8 CMakeFiles/threads.dir/home/shem/.pico-sdk/sdk/2.0.0/lib/cyw43-driver/src/cyw43_ll.c.obj
 .rodata.wifi_nvram_4343
                0x10042da0      0x2e7 CMakeFiles/threads.dir/home/shem/.pico-sdk/sdk/2.0.0/lib/cyw43-driver/src/cyw43_ll.c.obj
 *fill*         0x10043087        0x1 
 .rodata        0x10043088       0x72 CMakeFiles/threads.dir/home/shem/.pico-sdk/sdk/2.0.0/lib/cyw43-driver/src/cyw43_ll.c.obj
 .rodata.cyw43_cb_process_async_event.str1.4
                0x100430fa       0x28 CMakeFiles/threads.dir/home/shem/.pico-sdk/sdk/2.0.0/lib/cyw43-driver/src/cyw43_ctrl.c.obj
 *fill*         0x100430fa        0x2 
 .rodata.cyw43_cb_process_async_event
                0x100430fc       0xbc CMakeFiles/threads.dir/home/shem/.pico-sdk/sdk/2.0.0/lib/cyw43-driver/src/cyw43_ctrl.c.obj
 .rodata.str1.4
                0x100431b8       0x9e CMakeFiles/threads.dir/home/shem/.pico-sdk/sdk/2.0.0/lib/cyw43-driver/src/cyw43_ctrl.c.obj
 .rodata.cyw43_async_event_name_table
                0x100431b8      0x164 CMakeFiles/threads.dir/home/shem/.pico-sdk/sdk/2.0.0/lib/cyw43-driver/src/cyw43_ctrl.c.obj
 .rodata.pio_claim_unused_sm.str1.4
                0x1004331c       0x24 CMakeFiles/threads.dir/home/shem/.pico-sdk/sdk/2.0.0/src/rp2_common/hardware_pio/pio.c.obj
 .rodata.dma_claim_unused_channel.str1.4
                0x1004331c       0x1e CMakeFiles/threads.dir/home/shem/.pico-sdk/sdk/2.0.0/src/rp2_common/hardware_dma/dma.c.obj
 .rodata.cyw43_cb_tcpip_set_link_up.str1.4
                0x1004331c       0x20 CMakeFiles/threads.dir/home/shem/.pico-sdk/sdk/2.0.0/src/rp2_common/pico_cyw43_driver/cyw43_driver.c.obj
 .rodata.async_context_threadsafe_background_lock_check.str1.4
                0x1004331c       0x20 CMakeFiles/threads.dir/home/shem/.pico-sdk/sdk/2.0.0/src/rp2_common/pico_async_context/async_context_threadsafe_background.c.obj
 .rodata.template
                0x1004331c       0x38 CMakeFiles/threads.dir/home/shem/.pico-sdk/sdk/2.0.0/src/rp2_common/pico_async_context/async_context_threadsafe_background.c.obj
                0x10043354                        . = ALIGN (0x4)
 *(SORT_BY_ALIGNMENT(SORT_BY_NAME(.flashdata*)))
                0x10043354                        . = ALIGN (0x4)

.ARM.extab
 *(.ARM.extab* .gnu.linkonce.armextab.*)
                0x10043354                        __exidx_start = .

.ARM.exidx
 *(.ARM.exidx* .gnu.linkonce.armexidx.*)
                0x10043354                        __exidx_end = .
                0x10043354                        . = ALIGN (0x4)
                0x10043354                        __binary_info_start = .

.binary_info    0x10043354       0x24
 *(.binary_info.keep.*)
 .binary_info.keep.__bi_ptr84
                0x10043354        0x4 CMakeFiles/threads.dir/home/shem/.pico-sdk/sdk/2.0.0/src/rp2_common/pico_standard_binary_info/standard_binary_info.c.obj
 .binary_info.keep.__bi_ptr54
                0x10043358        0x4 CMakeFiles/threads.dir/home/shem/.pico-sdk/sdk/2.0.0/src/rp2_common/pico_standard_binary_info/standard_binary_info.c.obj
 .binary_info.keep.__bi_ptr48
                0x1004335c        0x4 CMakeFiles/threads.dir/home/shem/.pico-sdk/sdk/2.0.0/src/rp2_common/pico_standard_binary_info/standard_binary_info.c.obj
 .binary_info.keep.__bi_ptr42
                0x10043360        0x4 CMakeFiles/threads.dir/home/shem/.pico-sdk/sdk/2.0.0/src/rp2_common/pico_standard_binary_info/standard_binary_info.c.obj
 .binary_info.keep.__bi_ptr34
                0x10043364        0x4 CMakeFiles/threads.dir/home/shem/.pico-sdk/sdk/2.0.0/src/rp2_common/pico_standard_binary_info/standard_binary_info.c.obj
 .binary_info.keep.__bi_ptr26
                0x10043368        0x4 CMakeFiles/threads.dir/home/shem/.pico-sdk/sdk/2.0.0/src/rp2_common/pico_standard_binary_info/standard_binary_info.c.obj
 *(.binary_info.*)
 .binary_info.__bi_ptr50
                0x1004336c        0x4 CMakeFiles/threads.dir/home/shem/.pico-sdk/sdk/2.0.0/src/rp2_common/pico_stdio_uart/stdio_uart.c.obj
 .binary_info.__bi_ptr49
                0x10043370        0x4 CMakeFiles/threads.dir/home/shem/.pico-sdk/sdk/2.0.0/src/rp2_common/pico_stdio_uart/stdio_uart.c.obj
 .binary_info.__bi_ptr45
                0x10043374        0x4 CMakeFiles/threads.dir/home/shem/.pico-sdk/sdk/2.0.0/src/rp2_common/pico_stdio_uart/stdio_uart.c.obj
                0x10043378                        __binary_info_end = .

.rel.dyn        0x10043378        0x0
 .rel.iplt      0x10043378        0x0 /home/shem/.pico-sdk/toolchain/13_2_Rel1/bin/../lib/gcc/arm-none-eabi/13.2.1/thumb/v6-m/nofp/crtbegin.o
                0x10043378                        . = ALIGN (0x4)

.ram_vector_table
                0x20000000       0xc0
 *(.ram_vector_table)
 .ram_vector_table
                0x20000000       0xc0 CMakeFiles/threads.dir/home/shem/.pico-sdk/sdk/2.0.0/src/rp2_common/pico_runtime_init/runtime_init.c.obj
                0x20000000                ram_vector_table

.uninitialized_data
                0x200000c0        0x0
                0x200000c0                        . = ALIGN (0x4)
 *(.uninitialized_data*)

.data           0x200000c0      0xa30 load address 0x10043378
                0x200000c0                        __data_start__ = .
 *(vtable)
 *(.time_critical*)
 .time_critical.sem_acquire_blocking
                0x200000c0       0x3c CMakeFiles/threads.dir/home/shem/.pico-sdk/sdk/2.0.0/src/common/pico_sync/sem.c.obj
                0x200000c0                sem_acquire_blocking
 .time_critical.sem_acquire_block_until
                0x200000fc       0x4c CMakeFiles/threads.dir/home/shem/.pico-sdk/sdk/2.0.0/src/common/pico_sync/sem.c.obj
                0x200000fc                sem_acquire_block_until
 .time_critical.sem_release
                0x20000148       0x40 CMakeFiles/threads.dir/home/shem/.pico-sdk/sdk/2.0.0/src/common/pico_sync/sem.c.obj
                0x20000148                sem_release
 .time_critical.mutex_enter_blocking
                0x20000188       0x3c CMakeFiles/threads.dir/home/shem/.pico-sdk/sdk/2.0.0/src/common/pico_sync/mutex.c.obj
                0x20000188                mutex_enter_blocking
 .time_critical.recursive_mutex_enter_blocking
                0x200001c4       0x48 CMakeFiles/threads.dir/home/shem/.pico-sdk/sdk/2.0.0/src/common/pico_sync/mutex.c.obj
                0x200001c4                recursive_mutex_enter_blocking
 .time_critical.mutex_try_enter_block_until
                0x2000020c       0xa0 CMakeFiles/threads.dir/home/shem/.pico-sdk/sdk/2.0.0/src/common/pico_sync/mutex.c.obj
                0x2000020c                mutex_try_enter_block_until
 .time_critical.recursive_mutex_try_enter
                0x200002ac       0x4c CMakeFiles/threads.dir/home/shem/.pico-sdk/sdk/2.0.0/src/common/pico_sync/mutex.c.obj
                0x200002ac                recursive_mutex_try_enter
 .time_critical.mutex_exit
                0x200002f8       0x20 CMakeFiles/threads.dir/home/shem/.pico-sdk/sdk/2.0.0/src/common/pico_sync/mutex.c.obj
                0x200002f8                mutex_exit
 .time_critical.recursive_mutex_exit